Microchip MPLAB XC8 Compiler V2.00 ()

Linker command line:

-W-3 --edf=/opt/microchip/xc8/v2.00/pic/dat/en_msgs.txt -cs \
  -h+dist/default/production/logger_12LF1822.X.production.sym \
  --cmf=dist/default/production/logger_12LF1822.X.production.cmf -z \
  -Q12LF1822 -o/tmp/xcXCO0HkQ --defsym=__MPLAB_BUILD=1 \
  -Mdist/default/production/logger_12LF1822.X.production.map -E1 -ver=XC8 \
  --acfsm=1493 -ASTACK=02049h-0204fh -pstack=STACK -ACODE=00h-07FFh \
  -ASTRCODE=00h-07FFh -ASTRING=00h-0FFhx8 -ACONST=00h-0FFhx8 \
  -AENTRY=00h-0FFhx8 -ACOMMON=070h-07Fh -ABANK0=020h-06Fh -ABANK1=0A0h-0BFh \
  -ABIGRAM=02000h-0206Fh -ARAM=020h-06Fh,0A0h-0BFh \
  -AABS1=020h-07Fh,0A0h-0BFh -ASFR0=00h-01Fh -ASFR1=080h-09Fh \
  -ASFR2=0100h-016Fh -ASFR3=0180h-01EFh -ASFR4=0200h-026Fh \
  -ASFR5=0280h-02EFh -ASFR6=0300h-036Fh -ASFR7=0380h-03EFh \
  -ASFR8=0400h-046Fh -ASFR9=0480h-04EFh -ASFR10=0500h-056Fh \
  -ASFR11=0580h-05EFh -ASFR12=0600h-066Fh -ASFR13=0680h-06EFh \
  -ASFR14=0700h-076Fh -ASFR15=0780h-07EFh -ASFR16=0800h-086Fh \
  -ASFR17=0880h-08EFh -ASFR18=0900h-096Fh -ASFR19=0980h-09EFh \
  -ASFR20=0A00h-0A6Fh -ASFR21=0A80h-0AEFh -ASFR22=0B00h-0B6Fh \
  -ASFR23=0B80h-0BEFh -ASFR24=0C00h-0C6Fh -ASFR25=0C80h-0CEFh \
  -ASFR26=0D00h-0D6Fh -ASFR27=0D80h-0DEFh -ASFR28=0E00h-0E6Fh \
  -ASFR29=0E80h-0EEFh -ASFR30=0F00h-0F6Fh -ASFR31=0F80h-0FEFh \
  -preset_vec=00h,intentry=04h,init,end_init -ppowerup=CODE -pcinit=CODE \
  -pfunctab=ENTRY -ACONFIG=08007h-08008h -pconfig=CONFIG -DCONFIG=2 \
  -AIDLOC=08000h-08003h -pidloc=IDLOC -DIDLOC=2 -AEEDATA=00h-0FFh/0F000h \
  -peeprom_data=EEDATA -DEEDATA=2 -DCODE=2 -DSTRCODE=2 -DSTRING=2 -DCONST=2 \
  -DENTRY=2 -k /tmp/xcX0DmKFj.o \
  dist/default/production/logger_12LF1822.X.production.o 

Object code version is 3.11

Machine type is 12LF1822



                Name                               Link     Load   Length Selector   Space Scale
/tmp/xcX0DmKFj.o
                end_init                             3E       3E        1        8       0
                reset_vec                             0        0        1        0       0
                config                             8007     8007        2    1000E       0
dist/default/production/logger_12LF1822.X.production.o
                cinit                                3F       3F       11        8       0
                intentry                              4        4       3A        8       0
                text46                              3F9      3F9        9      7CC       0
                text45                              499      499        2      922       0
                text44                              2EC      2EC       15      554       0
                text43                              2D6      2D6       16      554       0
                text42                              42E      42E        7      84E       0
                text41                              49D      49D        1      922       0
                text40                              3AC      3AC        D      758       0
                text39                              47A      47A        4      8F4       0
                text38                              384      384        E      6EC       0
                text37                              497      497        2      922       0
                text36                              427      427        7      84E       0
                text35                              49C      49C        1      922       0
                text34                              34A      34A       10      674       0
                text32                              48A      48A        3      908       0
                text31                              3F0      3F0        9      7CC       0
                text30                              459      459        6      876       0
                text29                              453      453        6      876       0
                text28                              200      200       22      328       0
                text27                              3E6      3E6        A      7CC       0
                text26                              44D      44D        6      876       0
                text25                              27A      27A       1A      328       0
                text24                              447      447        6      876       0
                text23                              2C0      2C0       16      554       0
                text22                              487      487        3      908       0
                text21                              441      441        6      876       0
                text20                              2AA      2AA       16      554       0
                text19                              484      484        3      908       0
                text18                              495      495        2      922       0
                text17                              493      493        2      922       0
                text16                              25F      25F       1B      328       0
                text15                              491      491        2      922       0
                text14                              1DE      1DE       22      328       0
                text13                              33A      33A       10      674       0
                swtext1                             16E      16E       26      2DC       0
                text12                              140      140       2E        8       0
                text11                              469      469        5      8D2       0
                text10                              3C5      3C5        C      78A       0
                text9                               49B      49B        1      922       0
                text8                               242      242       1D      328       0
                text7                               376      376        E      6EC       0
                text6                               1B9      1B9       25      328       0
                text5                               194      194       25      328       0
                text4                               222      222       20      328       0
                text3                                50       50       6C        8       0
                text2                               315      315       13      62A       0
                text1                                BC       BC       53        8       0
                maintext                            10F      10F       31        8       0
                cstackBANK0                          50       50       17       20       1
                cstackCOMMON                         70       70        A       70       1
                clrtext                             43B      43B        6      876       0
                bssBANK1                             A0       A0       20       A0       1
                bssBANK0                             20       20       30       20       1
                bssCOMMON                            7A       7A        2       70       1
                stringtext25                        48F      48F        2      91A       0
                stringtext24                        48D      48D        2      91A       0
                stringtext23                        481      481        3      8FC       0
                stringtext22                        47E      47E        3      8FC       0
                stringtext21                        476      476        4      8DC       0
                stringtext20                        472      472        4      8DC       0
                stringtext19                        46E      46E        4      8DC       0
                stringtext18                        464      464        5      8BE       0
                stringtext17                        45F      45F        5      8BE       0
                stringtext16                        435      435        6      86A       0
                stringtext15                        420      420        7      804       0
                stringtext14                        419      419        7      804       0
                stringtext13                        412      412        7      804       0
                stringtext12                        40A      40A        8      804       0
                stringtext11                        402      402        8      804       0
                stringtext10                        3DC      3DC        A      7A2       0
                stringtext9                         3D1      3D1        B      7A2       0
                stringtext8                         3B9      3B9        C      772       0
                stringtext7                         39F      39F        D      724       0
                stringtext6                         392      392        D      724       0
                stringtext5                         368      368        E      6B4       0
                stringtext4                         35A      35A        E      6B4       0
                stringtext3                         328      328       12      650       0
                stringtext2                         301      301       14      602       0
                stringtext1                         294      294       16      528       0
                nvBANK0                              67       67        2       20       1

TOTAL           Name                               Link     Load   Length     Space
        CLASS   STACK          

        CLASS   CODE           
                end_init                             3E       3E        1         0
                cinit                                3F       3F       11         0
                intentry                              4        4       3A         0
                reset_vec                             0        0        1         0
                text46                              3F9      3F9        9         0
                text45                              499      499        2         0
                text44                              2EC      2EC       15         0
                text43                              2D6      2D6       16         0
                text42                              42E      42E        7         0
                text41                              49D      49D        1         0
                text40                              3AC      3AC        D         0
                text39                              47A      47A        4         0
                text38                              384      384        E         0
                text37                              497      497        2         0
                text36                              427      427        7         0
                text35                              49C      49C        1         0
                text34                              34A      34A       10         0
                text32                              48A      48A        3         0
                text31                              3F0      3F0        9         0
                text30                              459      459        6         0
                text29                              453      453        6         0
                text28                              200      200       22         0
                text27                              3E6      3E6        A         0
                text26                              44D      44D        6         0
                text25                              27A      27A       1A         0
                text24                              447      447        6         0
                text23                              2C0      2C0       16         0
                text22                              487      487        3         0
                text21                              441      441        6         0
                text20                              2AA      2AA       16         0
                text19                              484      484        3         0
                text18                              495      495        2         0
                text17                              493      493        2         0
                text16                              25F      25F       1B         0
                text15                              491      491        2         0
                text14                              1DE      1DE       22         0
                text13                              33A      33A       10         0
                text12                              140      140       2E         0
                text11                              469      469        5         0
                text10                              3C5      3C5        C         0
                text9                               49B      49B        1         0
                text8                               242      242       1D         0
                text7                               376      376        E         0
                text6                               1B9      1B9       25         0
                text5                               194      194       25         0
                text4                               222      222       20         0
                text3                                50       50       6C         0
                text2                               315      315       13         0
                text1                                BC       BC       53         0
                maintext                            10F      10F       31         0
                clrtext                             43B      43B        6         0

        CLASS   STRCODE        
                stringtext25                        48F      48F        2         0
                stringtext24                        48D      48D        2         0
                stringtext23                        481      481        3         0
                stringtext22                        47E      47E        3         0
                stringtext21                        476      476        4         0
                stringtext20                        472      472        4         0
                stringtext19                        46E      46E        4         0
                stringtext18                        464      464        5         0
                stringtext17                        45F      45F        5         0
                stringtext16                        435      435        6         0
                stringtext15                        420      420        7         0
                stringtext14                        419      419        7         0
                stringtext13                        412      412        7         0
                stringtext12                        40A      40A        8         0
                stringtext11                        402      402        8         0
                stringtext10                        3DC      3DC        A         0
                stringtext9                         3D1      3D1        B         0
                stringtext8                         3B9      3B9        C         0
                stringtext7                         39F      39F        D         0
                stringtext6                         392      392        D         0
                stringtext5                         368      368        E         0
                stringtext4                         35A      35A        E         0
                stringtext3                         328      328       12         0
                stringtext2                         301      301       14         0
                stringtext1                         294      294       16         0

        CLASS   STRING         

        CLASS   CONST          
                swtext1                             16E      16E       26         0

        CLASS   ENTRY          

        CLASS   COMMON         
                cstackCOMMON                         70       70        A         1
                bssCOMMON                            7A       7A        2         1

        CLASS   BANK0          
                cstackBANK0                          50       50       17         1
                bssBANK0                             20       20       30         1
                nvBANK0                              67       67        2         1

        CLASS   BANK1          
                bssBANK1                             A0       A0       20         1

        CLASS   BIGRAM         

        CLASS   RAM            

        CLASS   ABS1           
                abs_s1                               7E       7E        2         1

        CLASS   SFR0           

        CLASS   SFR1           

        CLASS   SFR2           

        CLASS   SFR3           

        CLASS   SFR4           

        CLASS   SFR5           

        CLASS   SFR6           

        CLASS   SFR7           

        CLASS   SFR8           

        CLASS   SFR9           

        CLASS   SFR10          

        CLASS   SFR11          

        CLASS   SFR12          

        CLASS   SFR13          

        CLASS   SFR14          

        CLASS   SFR15          

        CLASS   SFR16          

        CLASS   SFR17          

        CLASS   SFR18          

        CLASS   SFR19          

        CLASS   SFR20          

        CLASS   SFR21          

        CLASS   SFR22          

        CLASS   SFR23          

        CLASS   SFR24          

        CLASS   SFR25          

        CLASS   SFR26          

        CLASS   SFR27          

        CLASS   SFR28          

        CLASS   SFR29          

        CLASS   SFR30          

        CLASS   SFR31          

        CLASS   CONFIG         
                config                             8007     8007        2         0

        CLASS   IDLOC          

        CLASS   EEDATA         

        CLASS   BANK31         

        CLASS   BANK30         

        CLASS   BANK29         

        CLASS   BANK28         

        CLASS   BANK27         

        CLASS   BANK26         

        CLASS   BANK25         

        CLASS   BANK24         

        CLASS   BANK23         

        CLASS   BANK22         

        CLASS   BANK21         

        CLASS   BANK20         

        CLASS   BANK19         

        CLASS   BANK18         

        CLASS   BANK17         

        CLASS   BANK16         

        CLASS   BANK15         

        CLASS   BANK14         

        CLASS   BANK13         

        CLASS   BANK12         

        CLASS   BANK11         

        CLASS   BANK10         

        CLASS   BANK9          

        CLASS   BANK8          

        CLASS   BANK7          

        CLASS   BANK6          

        CLASS   BANK5          

        CLASS   BANK4          

        CLASS   BANK3          

        CLASS   BANK2          



SEGMENTS        Name                           Load    Length   Top    Selector   Space  Class     Delta

                reset_vec                      000000  000001  000001         0       0  CODE        2
                intentry                       000004  00016A  00016E         8       0  CODE        2
                bssBANK0                       000020  000049  000069        20       1  BANK0       1
                cstackCOMMON                   000070  00000C  00007C        70       1  COMMON      1
                bssBANK1                       0000A0  000020  0000C0        A0       1  BANK1       1
                swtext1                        00016E  000026  000194       2DC       0  CONST       2
                text5                          000194  000100  000294       328       0  CODE        2
                stringtext1                    000294  000016  0002AA       528       0  STRCODE     2
                text20                         0002AA  000057  000301       554       0  CODE        2
                stringtext2                    000301  000014  000315       602       0  STRCODE     2
                text2                          000315  000013  000328       62A       0  CODE        2
                stringtext3                    000328  000012  00033A       650       0  STRCODE     2
                text13                         00033A  000020  00035A       674       0  CODE        2
                stringtext4                    00035A  00001C  000376       6B4       0  STRCODE     2
                text7                          000376  00001C  000392       6EC       0  CODE        2
                stringtext6                    000392  00001A  0003AC       724       0  STRCODE     2
                text40                         0003AC  00000D  0003B9       758       0  CODE        2
                stringtext8                    0003B9  00000C  0003C5       772       0  STRCODE     2
                text10                         0003C5  00000C  0003D1       78A       0  CODE        2
                stringtext9                    0003D1  000015  0003E6       7A2       0  STRCODE     2
                text27                         0003E6  00001C  000402       7CC       0  CODE        2
                stringtext11                   000402  000025  000427       804       0  STRCODE     2
                text36                         000427  00000E  000435       84E       0  CODE        2
                stringtext16                   000435  000006  00043B       86A       0  STRCODE     2
                clrtext                        00043B  000024  00045F       876       0  CODE        2
                stringtext17                   00045F  00000A  000469       8BE       0  STRCODE     2
                text11                         000469  000005  00046E       8D2       0  CODE        2
                stringtext19                   00046E  00000C  00047A       8DC       0  STRCODE     2
                text39                         00047A  000004  00047E       8F4       0  CODE        2
                stringtext22                   00047E  000006  000484       8FC       0  STRCODE     2
                text19                         000484  000009  00048D       908       0  CODE        2
                stringtext24                   00048D  000004  000491       91A       0  STRCODE     2
                text15                         000491  00000D  00049E       922       0  CODE        2
                config                         008007  000002  008009     1000E       0  CONFIG      2


UNUSED ADDRESS RANGES

        Name                Unused          Largest block    Delta
        BANK0            00069-0006F               7           1
        BIGRAM           02000-0206F              70           1
        CODE             00001-00003               3           2
                         0049E-007FF             362
        COMMON           0007C-0007D               2           1
        CONST            00001-00003               3           2
                         0049E-007FF             100
        EEDATA           0F000-0F0FF             100           2
        ENTRY            00001-00003               3           2
                         0049E-007FF             100
        IDLOC            08000-08003               4           2
        RAM              00069-0006F               7           1
        SFR0             00000-0001F              20           1
        SFR1             00080-0009F              20           1
        SFR10            00500-0056F              70           1
        SFR11            00580-005EF              70           1
        SFR12            00600-0066F              70           1
        SFR13            00680-006EF              70           1
        SFR14            00700-0076F              70           1
        SFR15            00780-007EF              70           1
        SFR16            00800-0086F              70           1
        SFR17            00880-008EF              70           1
        SFR18            00900-0096F              70           1
        SFR19            00980-009EF              70           1
        SFR2             00100-0016F              70           1
        SFR20            00A00-00A6F              70           1
        SFR21            00A80-00AEF              70           1
        SFR22            00B00-00B6F              70           1
        SFR23            00B80-00BEF              70           1
        SFR24            00C00-00C6F              70           1
        SFR25            00C80-00CEF              70           1
        SFR26            00D00-00D6F              70           1
        SFR27            00D80-00DEF              70           1
        SFR28            00E00-00E6F              70           1
        SFR29            00E80-00EEF              70           1
        SFR3             00180-001EF              70           1
        SFR30            00F00-00F6F              70           1
        SFR31            00F80-00FEF              70           1
        SFR4             00200-0026F              70           1
        SFR5             00280-002EF              70           1
        SFR6             00300-0036F              70           1
        SFR7             00380-003EF              70           1
        SFR8             00400-0046F              70           1
        SFR9             00480-004EF              70           1
        STACK            02049-0204F               7           1
        STRCODE          00001-00003               3           2
                         0049E-007FF             362
        STRING           00001-00003               3           2
                         0049E-007FF             100

                                  Symbol Table

?_ADC_GetConversionResult                      cstackCOMMON 00070
?___lmul                                       cstackCOMMON 00072
?___lwdiv                                      cstackCOMMON 00072
?___lwmod                                      cstackCOMMON 00072
ADC_SelectChannel@channel                      cstackCOMMON 00073
ESP_Set_application_handler@applicationHandler cstackCOMMON 00072
EUSART_Read@readValue                          cstackCOMMON 00072
EUSART_SetRxInterruptHandler@interruptHandler  cstackCOMMON 00072
EUSART_SetTxInterruptHandler@interruptHandler  cstackCOMMON 00072
EUSART_Write@txData                            cstackCOMMON 00072
IOCAF4_SetInterruptHandler@InterruptHandler    cstackCOMMON 00072
TMR1_SetInterruptHandler@InterruptHandler      cstackCOMMON 00072
TMR1_WriteTimer@timerVal                       cstackCOMMON 00070
_ADCON0                                        (abs)        0009D
_ADCON0bits                                    (abs)        0009D
_ADCON1                                        (abs)        0009E
_ADC_GetConversionResult                       text46       003F9
_ADC_ISR                                       text45       00499
_ADC_Initialize                                text31       003F0
_ADC_SelectChannel                             text10       003C5
_ADC_StartConversion                           text19       00484
_ADC_count                                     bssBANK0     00038
_ADC_state                                     bssBANK0     0003F
_ADC_value                                     bssBANK0     0002C
_ADRESH                                        (abs)        0009C
_ADRESL                                        (abs)        0009B
_ANSELA                                        (abs)        0018C
_APFCON                                        (abs)        0011D
_BAUDCON                                       (abs)        0019F
_BORCON                                        (abs)        00116
_ESP_Set_application_handler                   text9        0049B
_ESP_default_application_handler               (abs)        00000
_ESP_wait_exception                            bssBANK0     00032
_EUSART_Initialize                             text28       00200
_EUSART_Read                                   text20       002AA
_EUSART_Receive_ISR                            text44       002EC
_EUSART_RxDefaultInterruptHandler              bssBANK0     0002E
_EUSART_SetRxInterruptHandler                  text30       00459
_EUSART_SetTxInterruptHandler                  text29       00453
_EUSART_Transmit_ISR                           text43       002D6
_EUSART_TxDefaultInterruptHandler              bssBANK0     00030
_EUSART_Write                                  text16       0025F
_EUSART_is_rx_ready                            text32       0048A
_EUSART_is_tx_ready                            text15       00491
_INTCONbits                                    (abs)        0000B
_INTERRUPT_InterruptManager                    intentry     00004
_IOCAF4_DefaultInterruptHandler                text41       0049D
_IOCAF4_ISR                                    text40       003AC
_IOCAF4_InterruptHandler                       nvBANK0      00067
_IOCAF4_SetInterruptHandler                    text26       0044D
_IOCAFbits                                     (abs)        00393
_IOCANbits                                     (abs)        00392
_IOCAPbits                                     (abs)        00391
_IOC_state                                     bssBANK0     0003A
_IOC_value                                     bssBANK0     00036
_LATA                                          (abs)        0010C
_LATAbits                                      (abs)        0010C
_OPTION_REGbits                                (abs)        00095
_OSCCON                                        (abs)        00099
_OSCILLATOR_Initialize                         text27       003E6
_OSCTUNE                                       (abs)        00098
_PIE1bits                                      (abs)        00091
_PIN_MANAGER_IOC                               text39       0047A
_PIN_MANAGER_Initialize                        text25       0027A
_PIR1bits                                      (abs)        00011
_PLLR                                          (abs)        004D6
_PORTAbits                                     (abs)        0000C
_RCREG                                         (abs)        00199
_RCSTA                                         (abs)        0019D
_RCSTAbits                                     (abs)        0019D
_SPBRGH                                        (abs)        0019C
_SPBRGL                                        (abs)        0019B
_SYSTEM_Initialize                             text21       00441
_T1CON                                         (abs)        00018
_T1CONbits                                     (abs)        00018
_T1GCON                                        (abs)        00019
_TMR1H                                         (abs)        00017
_TMR1L                                         (abs)        00016
_TMR1_DefaultInterruptHandler                  text35       0049C
_TMR1_ISR                                      text34       0034A
_TMR1_Initialize                               text23       002C0
_TMR1_InterruptHandler                         bssBANK0     00028
_TMR1_SetInterruptHandler                      text24       00447
_TMR1_StartTimer                               text18       00495
_TMR1_StopTimer                                text17       00493
_TMR1_WriteTimer                               text38       00384
_TMR1_state                                    bssBANK0     00037
_TRISA                                         (abs)        0008C
_TXREG                                         (abs)        0019A
_TXSTA                                         (abs)        0019E
_WDTCON                                        (abs)        00097
_WDT_Initialize                                text22       00487
_WIFI_tx_buf                                   bssBANK0     00040
_WIFI_tx_buf_ind                               bssBANK0     00035
_WPUA                                          (abs)        0020C
__CFG_BOREN$ON                                 (abs)        00000
__CFG_BORV$LO                                  (abs)        00000
__CFG_CLKOUTEN$OFF                             (abs)        00000
__CFG_CP$OFF                                   (abs)        00000
__CFG_CPD$OFF                                  (abs)        00000
__CFG_FCMEN$ON                                 (abs)        00000
__CFG_FOSC$INTOSC                              (abs)        00000
__CFG_IESO$ON                                  (abs)        00000
__CFG_LVP$OFF                                  (abs)        00000
__CFG_MCLRE$ON                                 (abs)        00000
__CFG_PLLEN$ON                                 (abs)        00000
__CFG_PWRTE$OFF                                (abs)        00000
__CFG_STVREN$ON                                (abs)        00000
__CFG_WDTE$OFF                                 (abs)        00000
__CFG_WRT$OFF                                  (abs)        00000
__Habs1                                        abs1         00000
__Hbank0                                       bank0        00000
__Hbank1                                       bank1        00000
__Hbank10                                      bank10       00000
__Hbank11                                      bank11       00000
__Hbank12                                      bank12       00000
__Hbank13                                      bank13       00000
__Hbank14                                      bank14       00000
__Hbank15                                      bank15       00000
__Hbank16                                      bank16       00000
__Hbank17                                      bank17       00000
__Hbank18                                      bank18       00000
__Hbank19                                      bank19       00000
__Hbank2                                       bank2        00000
__Hbank20                                      bank20       00000
__Hbank21                                      bank21       00000
__Hbank22                                      bank22       00000
__Hbank23                                      bank23       00000
__Hbank24                                      bank24       00000
__Hbank25                                      bank25       00000
__Hbank26                                      bank26       00000
__Hbank27                                      bank27       00000
__Hbank28                                      bank28       00000
__Hbank29                                      bank29       00000
__Hbank3                                       bank3        00000
__Hbank30                                      bank30       00000
__Hbank31                                      bank31       00000
__Hbank4                                       bank4        00000
__Hbank5                                       bank5        00000
__Hbank6                                       bank6        00000
__Hbank7                                       bank7        00000
__Hbank8                                       bank8        00000
__Hbank9                                       bank9        00000
__Hbigram                                      bigram       00000
__HbssBANK0                                    bssBANK0     00000
__HbssBANK1                                    bssBANK1     00000
__HbssCOMMON                                   bssCOMMON    00000
__Hcinit                                       cinit        00050
__Hclrtext                                     clrtext      00000
__Hcode                                        code         00000
__Hcommon                                      common       00000
__Hconfig                                      config       08009
__HcstackBANK0                                 cstackBANK0  00000
__HcstackCOMMON                                cstackCOMMON 00000
__Heeprom_data                                 eeprom_data  00000
__Hend_init                                    end_init     0003F
__Hfunctab                                     functab      00000
__Hidloc                                       idloc        00000
__Hinit                                        init         0003E
__Hintentry                                    intentry     0003E
__Hmaintext                                    maintext     00000
__HnvBANK0                                     nvBANK0      00000
__Hpa_nodes0                                   pa_nodes0    00000
__Hpowerup                                     powerup      00000
__Hram                                         ram          00000
__Hreset_vec                                   reset_vec    00001
__Hsfr0                                        sfr0         00000
__Hsfr1                                        sfr1         00000
__Hsfr10                                       sfr10        00000
__Hsfr11                                       sfr11        00000
__Hsfr12                                       sfr12        00000
__Hsfr13                                       sfr13        00000
__Hsfr14                                       sfr14        00000
__Hsfr15                                       sfr15        00000
__Hsfr16                                       sfr16        00000
__Hsfr17                                       sfr17        00000
__Hsfr18                                       sfr18        00000
__Hsfr19                                       sfr19        00000
__Hsfr2                                        sfr2         00000
__Hsfr20                                       sfr20        00000
__Hsfr21                                       sfr21        00000
__Hsfr22                                       sfr22        00000
__Hsfr23                                       sfr23        00000
__Hsfr24                                       sfr24        00000
__Hsfr25                                       sfr25        00000
__Hsfr26                                       sfr26        00000
__Hsfr27                                       sfr27        00000
__Hsfr28                                       sfr28        00000
__Hsfr29                                       sfr29        00000
__Hsfr3                                        sfr3         00000
__Hsfr30                                       sfr30        00000
__Hsfr31                                       sfr31        00000
__Hsfr4                                        sfr4         00000
__Hsfr5                                        sfr5         00000
__Hsfr6                                        sfr6         00000
__Hsfr7                                        sfr7         00000
__Hsfr8                                        sfr8         00000
__Hsfr9                                        sfr9         00000
__Hspace_0                                     (abs)        08009
__Hspace_1                                     (abs)        000C0
__Hspace_2                                     (abs)        00000
__Hspace_3                                     (abs)        00000
__Hstack                                       stack        00000
__Hstrings                                     strings      00000
__Hstringtext1                                 stringtext1  00000
__Hstringtext10                                stringtext10 00000
__Hstringtext11                                stringtext11 00000
__Hstringtext12                                stringtext12 00000
__Hstringtext13                                stringtext13 00000
__Hstringtext14                                stringtext14 00000
__Hstringtext15                                stringtext15 00000
__Hstringtext16                                stringtext16 00000
__Hstringtext17                                stringtext17 00000
__Hstringtext18                                stringtext18 00000
__Hstringtext19                                stringtext19 00000
__Hstringtext2                                 stringtext2  00000
__Hstringtext20                                stringtext20 00000
__Hstringtext21                                stringtext21 00000
__Hstringtext22                                stringtext22 00000
__Hstringtext23                                stringtext23 00000
__Hstringtext24                                stringtext24 00000
__Hstringtext25                                stringtext25 00000
__Hstringtext26                                stringtext26 00000
__Hstringtext3                                 stringtext3  00000
__Hstringtext4                                 stringtext4  00000
__Hstringtext5                                 stringtext5  00000
__Hstringtext6                                 stringtext6  00000
__Hstringtext7                                 stringtext7  00000
__Hstringtext8                                 stringtext8  00000
__Hstringtext9                                 stringtext9  00000
__Htext                                        text         00000
__IOC_Ready                                    text42       0042E
__Labs1                                        abs1         00000
__Lbank0                                       bank0        00000
__Lbank1                                       bank1        00000
__Lbank10                                      bank10       00000
__Lbank11                                      bank11       00000
__Lbank12                                      bank12       00000
__Lbank13                                      bank13       00000
__Lbank14                                      bank14       00000
__Lbank15                                      bank15       00000
__Lbank16                                      bank16       00000
__Lbank17                                      bank17       00000
__Lbank18                                      bank18       00000
__Lbank19                                      bank19       00000
__Lbank2                                       bank2        00000
__Lbank20                                      bank20       00000
__Lbank21                                      bank21       00000
__Lbank22                                      bank22       00000
__Lbank23                                      bank23       00000
__Lbank24                                      bank24       00000
__Lbank25                                      bank25       00000
__Lbank26                                      bank26       00000
__Lbank27                                      bank27       00000
__Lbank28                                      bank28       00000
__Lbank29                                      bank29       00000
__Lbank3                                       bank3        00000
__Lbank30                                      bank30       00000
__Lbank31                                      bank31       00000
__Lbank4                                       bank4        00000
__Lbank5                                       bank5        00000
__Lbank6                                       bank6        00000
__Lbank7                                       bank7        00000
__Lbank8                                       bank8        00000
__Lbank9                                       bank9        00000
__Lbigram                                      bigram       00000
__LbssBANK0                                    bssBANK0     00000
__LbssBANK1                                    bssBANK1     00000
__LbssCOMMON                                   bssCOMMON    00000
__Lcinit                                       cinit        0003F
__Lclrtext                                     clrtext      00000
__Lcode                                        code         00000
__Lcommon                                      common       00000
__Lconfig                                      config       08007
__LcstackBANK0                                 cstackBANK0  00000
__LcstackCOMMON                                cstackCOMMON 00000
__Leeprom_data                                 eeprom_data  00000
__Lend_init                                    end_init     0003E
__Lfunctab                                     functab      00000
__Lidloc                                       idloc        00000
__Linit                                        init         0003E
__Lintentry                                    intentry     00004
__Lmaintext                                    maintext     00000
__LnvBANK0                                     nvBANK0      00000
__Lpa_nodes0                                   pa_nodes0    00000
__Lpowerup                                     powerup      00000
__Lram                                         ram          00000
__Lreset_vec                                   reset_vec    00000
__Lsfr0                                        sfr0         00000
__Lsfr1                                        sfr1         00000
__Lsfr10                                       sfr10        00000
__Lsfr11                                       sfr11        00000
__Lsfr12                                       sfr12        00000
__Lsfr13                                       sfr13        00000
__Lsfr14                                       sfr14        00000
__Lsfr15                                       sfr15        00000
__Lsfr16                                       sfr16        00000
__Lsfr17                                       sfr17        00000
__Lsfr18                                       sfr18        00000
__Lsfr19                                       sfr19        00000
__Lsfr2                                        sfr2         00000
__Lsfr20                                       sfr20        00000
__Lsfr21                                       sfr21        00000
__Lsfr22                                       sfr22        00000
__Lsfr23                                       sfr23        00000
__Lsfr24                                       sfr24        00000
__Lsfr25                                       sfr25        00000
__Lsfr26                                       sfr26        00000
__Lsfr27                                       sfr27        00000
__Lsfr28                                       sfr28        00000
__Lsfr29                                       sfr29        00000
__Lsfr3                                        sfr3         00000
__Lsfr30                                       sfr30        00000
__Lsfr31                                       sfr31        00000
__Lsfr4                                        sfr4         00000
__Lsfr5                                        sfr5         00000
__Lsfr6                                        sfr6         00000
__Lsfr7                                        sfr7         00000
__Lsfr8                                        sfr8         00000
__Lsfr9                                        sfr9         00000
__Lspace_0                                     (abs)        00000
__Lspace_1                                     (abs)        00000
__Lspace_2                                     (abs)        00000
__Lspace_3                                     (abs)        00000
__Lstack                                       stack        00000
__Lstrings                                     strings      00000
__Lstringtext1                                 stringtext1  00000
__Lstringtext10                                stringtext10 00000
__Lstringtext11                                stringtext11 00000
__Lstringtext12                                stringtext12 00000
__Lstringtext13                                stringtext13 00000
__Lstringtext14                                stringtext14 00000
__Lstringtext15                                stringtext15 00000
__Lstringtext16                                stringtext16 00000
__Lstringtext17                                stringtext17 00000
__Lstringtext18                                stringtext18 00000
__Lstringtext19                                stringtext19 00000
__Lstringtext2                                 stringtext2  00000
__Lstringtext20                                stringtext20 00000
__Lstringtext21                                stringtext21 00000
__Lstringtext22                                stringtext22 00000
__Lstringtext23                                stringtext23 00000
__Lstringtext24                                stringtext24 00000
__Lstringtext25                                stringtext25 00000
__Lstringtext26                                stringtext26 00000
__Lstringtext3                                 stringtext3  00000
__Lstringtext4                                 stringtext4  00000
__Lstringtext5                                 stringtext5  00000
__Lstringtext6                                 stringtext6  00000
__Lstringtext7                                 stringtext7  00000
__Lstringtext8                                 stringtext8  00000
__Lstringtext9                                 stringtext9  00000
__Ltext                                        text         00000
__S0                                           (abs)        08009
__S1                                           (abs)        000C0
__S2                                           (abs)        00000
__S3                                           (abs)        00000
__TMR1_Ready                                   text36       00427
___int_sp                                      stack        00000
___latbits                                     (abs)        00000
___lmul                                        text6        001B9
___lmul@multiplicand                           cstackCOMMON 00076
___lmul@multiplier                             cstackCOMMON 00072
___lmul@product                                cstackBANK0  00050
___lwdiv                                       text5        00194
___lwdiv@counter                               cstackCOMMON 00078
___lwdiv@dividend                              cstackCOMMON 00074
___lwdiv@divisor                               cstackCOMMON 00072
___lwdiv@quotient                              cstackCOMMON 00076
___lwmod                                       text4        00222
___lwmod@counter                               cstackCOMMON 00076
___lwmod@dividend                              cstackCOMMON 00074
___lwmod@divisor                               cstackCOMMON 00072
___sp                                          stack        00000
__end_of_ADC_GetConversionResult               text46       00402
__end_of_ADC_ISR                               text45       0049B
__end_of_ADC_Initialize                        text31       003F9
__end_of_ADC_SelectChannel                     text10       003D1
__end_of_ADC_StartConversion                   text19       00487
__end_of_ESP_Set_application_handler           text9        0049C
__end_of_EUSART_Initialize                     text28       00222
__end_of_EUSART_Read                           text20       002C0
__end_of_EUSART_Receive_ISR                    text44       00301
__end_of_EUSART_SetRxInterruptHandler          text30       0045F
__end_of_EUSART_SetTxInterruptHandler          text29       00459
__end_of_EUSART_Transmit_ISR                   text43       002EC
__end_of_EUSART_Write                          text16       0027A
__end_of_EUSART_is_rx_ready                    text32       0048D
__end_of_EUSART_is_tx_ready                    text15       00493
__end_of_INTERRUPT_InterruptManager            intentry     0003E
__end_of_IOCAF4_DefaultInterruptHandler        text41       0049E
__end_of_IOCAF4_ISR                            text40       003B9
__end_of_IOCAF4_SetInterruptHandler            text26       00453
__end_of_OSCILLATOR_Initialize                 text27       003F0
__end_of_PIN_MANAGER_IOC                       text39       0047E
__end_of_PIN_MANAGER_Initialize                text25       00294
__end_of_SYSTEM_Initialize                     text21       00447
__end_of_TMR1_DefaultInterruptHandler          text35       0049D
__end_of_TMR1_ISR                              text34       0035A
__end_of_TMR1_Initialize                       text23       002D6
__end_of_TMR1_SetInterruptHandler              text24       0044D
__end_of_TMR1_StartTimer                       text18       00497
__end_of_TMR1_StopTimer                        text17       00495
__end_of_TMR1_WriteTimer                       text38       00392
__end_of_WDT_Initialize                        text22       0048A
__end_of__IOC_Ready                            text42       00435
__end_of__TMR1_Ready                           text36       0042E
__end_of___lmul                                text6        001DE
__end_of___lwdiv                               text5        001B9
__end_of___lwmod                               text4        00242
__end_of__initialization                       cinit        0004D
__end_of__puts                                 text14       00200
__end_of__sprintf                              text3        000BC
__end_of_bt_message_handler                    text11       0046E
__end_of_logger_initialize                     text8        0025F
__end_of_main                                  maintext     00140
__end_of_process_ioc                           text7        00384
__end_of_process_message                       text12       0016E
__end_of_read_analog                           text1        0010F
__end_of_toggle_format                         text13       0034A
__end_of_write                                 text2        00328
__end_ofi1_ADC_StartConversion                 text37       00499
__initialization                               cinit        0003F
__pbssBANK0                                    bssBANK0     00020
__pbssBANK1                                    bssBANK1     000A0
__pbssCOMMON                                   bssCOMMON    0007A
__pcstackBANK0                                 cstackBANK0  00050
__pcstackCOMMON                                cstackCOMMON 00070
__pintentry                                    intentry     00004
__pmaintext                                    maintext     0010F
__pnvBANK0                                     nvBANK0      00067
__pstringtext1                                 stringtext1  00294
__pstringtext10                                stringtext10 003DC
__pstringtext11                                stringtext11 00402
__pstringtext12                                stringtext12 0040A
__pstringtext13                                stringtext13 00412
__pstringtext14                                stringtext14 00419
__pstringtext15                                stringtext15 00420
__pstringtext16                                stringtext16 00435
__pstringtext17                                stringtext17 0045F
__pstringtext18                                stringtext18 00464
__pstringtext19                                stringtext19 0046E
__pstringtext2                                 stringtext2  00301
__pstringtext20                                stringtext20 00472
__pstringtext21                                stringtext21 00476
__pstringtext22                                stringtext22 0047E
__pstringtext23                                stringtext23 00481
__pstringtext24                                stringtext24 0048D
__pstringtext25                                stringtext25 0048F
__pstringtext26                                stringtext26 00000
__pstringtext3                                 stringtext3  00328
__pstringtext4                                 stringtext4  0035A
__pstringtext5                                 stringtext5  00368
__pstringtext6                                 stringtext6  00392
__pstringtext7                                 stringtext7  0039F
__pstringtext8                                 stringtext8  003B9
__pstringtext9                                 stringtext9  003D1
__pswtext1                                     swtext1      0016E
__ptext1                                       text1        000BC
__ptext10                                      text10       003C5
__ptext11                                      text11       00469
__ptext12                                      text12       00140
__ptext13                                      text13       0033A
__ptext14                                      text14       001DE
__ptext15                                      text15       00491
__ptext16                                      text16       0025F
__ptext17                                      text17       00493
__ptext18                                      text18       00495
__ptext19                                      text19       00484
__ptext2                                       text2        00315
__ptext20                                      text20       002AA
__ptext21                                      text21       00441
__ptext22                                      text22       00487
__ptext23                                      text23       002C0
__ptext24                                      text24       00447
__ptext25                                      text25       0027A
__ptext26                                      text26       0044D
__ptext27                                      text27       003E6
__ptext28                                      text28       00200
__ptext29                                      text29       00453
__ptext3                                       text3        00050
__ptext30                                      text30       00459
__ptext31                                      text31       003F0
__ptext32                                      text32       0048A
__ptext34                                      text34       0034A
__ptext35                                      text35       0049C
__ptext36                                      text36       00427
__ptext37                                      text37       00497
__ptext38                                      text38       00384
__ptext39                                      text39       0047A
__ptext4                                       text4        00222
__ptext40                                      text40       003AC
__ptext41                                      text41       0049D
__ptext42                                      text42       0042E
__ptext43                                      text43       002D6
__ptext44                                      text44       002EC
__ptext45                                      text45       00499
__ptext46                                      text46       003F9
__ptext5                                       text5        00194
__ptext6                                       text6        001B9
__ptext7                                       text7        00376
__ptext8                                       text8        00242
__ptext9                                       text9        0049B
__puts                                         text14       001DE
__puts@index                                   cstackCOMMON 00078
__puts@pt                                      cstackCOMMON 00073
__size_of_ADC_GetConversionResult              (abs)        00000
__size_of_ADC_ISR                              (abs)        00000
__size_of_ADC_Initialize                       (abs)        00000
__size_of_ADC_SelectChannel                    (abs)        00000
__size_of_ADC_StartConversion                  (abs)        00000
__size_of_ESP_Set_application_handler          (abs)        00000
__size_of_EUSART_Initialize                    (abs)        00000
__size_of_EUSART_Read                          (abs)        00000
__size_of_EUSART_Receive_ISR                   (abs)        00000
__size_of_EUSART_SetRxInterruptHandler         (abs)        00000
__size_of_EUSART_SetTxInterruptHandler         (abs)        00000
__size_of_EUSART_Transmit_ISR                  (abs)        00000
__size_of_EUSART_Write                         (abs)        00000
__size_of_EUSART_is_rx_ready                   (abs)        00000
__size_of_EUSART_is_tx_ready                   (abs)        00000
__size_of_INTERRUPT_InterruptManager           (abs)        00000
__size_of_IOCAF4_DefaultInterruptHandler       (abs)        00000
__size_of_IOCAF4_ISR                           (abs)        00000
__size_of_IOCAF4_SetInterruptHandler           (abs)        00000
__size_of_OSCILLATOR_Initialize                (abs)        00000
__size_of_PIN_MANAGER_IOC                      (abs)        00000
__size_of_PIN_MANAGER_Initialize               (abs)        00000
__size_of_SYSTEM_Initialize                    (abs)        00000
__size_of_TMR1_DefaultInterruptHandler         (abs)        00000
__size_of_TMR1_ISR                             (abs)        00000
__size_of_TMR1_Initialize                      (abs)        00000
__size_of_TMR1_SetInterruptHandler             (abs)        00000
__size_of_TMR1_StartTimer                      (abs)        00000
__size_of_TMR1_StopTimer                       (abs)        00000
__size_of_TMR1_WriteTimer                      (abs)        00000
__size_of_WDT_Initialize                       (abs)        00000
__size_of__IOC_Ready                           (abs)        00000
__size_of__TMR1_Ready                          (abs)        00000
__size_of___lmul                               (abs)        00000
__size_of___lwdiv                              (abs)        00000
__size_of___lwmod                              (abs)        00000
__size_of__puts                                (abs)        00000
__size_of__sprintf                             (abs)        00000
__size_of_bt_message_handler                   (abs)        00000
__size_of_logger_initialize                    (abs)        00000
__size_of_main                                 (abs)        00000
__size_of_process_ioc                          (abs)        00000
__size_of_process_message                      (abs)        00000
__size_of_read_analog                          (abs)        00000
__size_of_toggle_format                        (abs)        00000
__size_of_write                                (abs)        00000
__size_ofi1_ADC_StartConversion                (abs)        00000
__sprintf                                      text3        00050
__sprintf@aux                                  cstackBANK0  00052
__sprintf@mess                                 cstackBANK0  00054
__sprintf@val                                  cstackBANK0  00050
_bt_message_handler                            text11       00469
_esp_channel                                   bssBANK0     00033
_esp_read_data                                 bssBANK1     000B0
_esp_read_data_index                           bssBANK0     00034
_eusartRxBuffer                                bssBANK0     00020
_eusartRxCount                                 bssBANK0     0003B
_eusartRxHead                                  bssBANK0     0003D
_eusartRxTail                                  bssBANK0     0003C
_eusartTxBuffer                                bssBANK1     000A0
_eusartTxBufferRemaining                       bssCOMMON    0007A
_eusartTxHead                                  bssCOMMON    0007B
_eusartTxTail                                  bssBANK0     0003E
_logger_initialize                             text8        00242
_main                                          maintext     0010F
_message_format                                bssBANK0     00039
_process_ioc                                   text7        00376
_process_message                               text12       00140
_read_analog                                   text1        000BC
_timer1ReloadVal                               bssBANK0     0002A
_toggle_format                                 text13       0033A
_write                                         text2        00315
bt_message_handler@message                     cstackBANK0  00052
btemp                                          (abs)        0007E
clear_ram0                                     clrtext      0043B
end_of_initialization                          cinit        0004D
i1_ADC_StartConversion                         text37       00497
int$flags                                      (abs)        0007E
intlevel0                                      functab      00000
intlevel1                                      functab      00000
intlevel2                                      functab      00000
intlevel3                                      functab      00000
intlevel4                                      functab      00000
intlevel5                                      functab      00000
process_message@message                        cstackCOMMON 00079
read_analog@adc_val                            cstackBANK0  00063
read_analog@aux1                               cstackBANK0  0005F
read_analog@mess                               cstackBANK0  00059
reset_vec                                      reset_vec    00000
stackhi                                        (abs)        0204F
stacklo                                        (abs)        02049
start                                          init         0003E
start_initialization                           cinit        0003F
write@i                                        cstackCOMMON 00075
write@lenght                                   cstackCOMMON 00073
write@pt                                       cstackCOMMON 00076
wtemp0                                         (abs)        0007E


FUNCTION INFORMATION:

 *************** function _main *****************
 Defined at:
		line 51 in file "main.c"
 Parameters:    Size  Location     Type
		None
 Auto vars:     Size  Location     Type
		None
 Return value:  Size  Location     Type
                  1    wreg      void 
 Registers used:
		wreg, fsr0l, fsr0h, fsr1l, fsr1h, status,2, status,0, pclath, cstack
 Tracked objects:
		On entry : 
		On exit  : 
		Unchanged: 
 Data sizes:     COMMON   BANK0   BANK1
      Params:         0       0       0
      Locals:         0       0       0
      Temps:          0       2       0
      Totals:         0       2       0
Total ram usage:        2 bytes
 Hardware stack levels required when called:    9
 This function calls:
		_EUSART_is_rx_ready
		_SYSTEM_Initialize
		_bt_message_handler
		_logger_initialize
		_process_ioc
		_read_analog
 This function is called by:
		Startup code after reset
 This function uses a non-reentrant model


 *************** function _read_analog *****************
 Defined at:
		line 97 in file "logger.c"
 Parameters:    Size  Location     Type
		None
 Auto vars:     Size  Location     Type
  mess            6    9[BANK0 ] unsigned char [6]
  aux1            4   15[BANK0 ] unsigned long 
  adc_val         2   19[BANK0 ] unsigned short 
 Return value:  Size  Location     Type
                  1    wreg      void 
 Registers used:
		wreg, fsr1l, fsr1h, status,2, status,0, pclath, cstack
 Tracked objects:
		On entry : 
		On exit  : 
		Unchanged: 
 Data sizes:     COMMON   BANK0   BANK1
      Params:         0       0       0
      Locals:         0      12       0
      Temps:          0       4       0
      Totals:         0      16       0
Total ram usage:       16 bytes
 Hardware stack levels used:    1
 Hardware stack levels required when called:    6
 This function calls:
		___lmul
		__sprintf
		_write
 This function is called by:
		_main
 This function uses a non-reentrant model


 *************** function _write *****************
 Defined at:
		line 15 in file "comm.c"
 Parameters:    Size  Location     Type
  pt              1    wreg     PTR unsigned char 
		 -> ESP_write@res(1), ESP_write@aux(1), read_wifi_settings@pass(14), read_wifi_settings@wifi(10), 
		 -> read_analog@mess(6), WIFI_tx_buf(16), 
  lenght          1    3[COMMON] unsigned char 
 Auto vars:     Size  Location     Type
  pt              1    6[COMMON] PTR unsigned char 
		 -> ESP_write@res(1), ESP_write@aux(1), read_wifi_settings@pass(14), read_wifi_settings@wifi(10), 
		 -> read_analog@mess(6), WIFI_tx_buf(16), 
  i               1    5[COMMON] unsigned char 
 Return value:  Size  Location     Type
                  1    wreg      void 
 Registers used:
		wreg, fsr1l, fsr1h, status,2, status,0, pclath, cstack
 Tracked objects:
		On entry : 
		On exit  : 
		Unchanged: 
 Data sizes:     COMMON   BANK0   BANK1
      Params:         1       0       0
      Locals:         2       0       0
      Temps:          1       0       0
      Totals:         4       0       0
Total ram usage:        4 bytes
 Hardware stack levels used:    1
 Hardware stack levels required when called:    5
 This function calls:
		_EUSART_Write
		_EUSART_is_tx_ready
 This function is called by:
		_read_analog
 This function uses a non-reentrant model


 *************** function __sprintf *****************
 Defined at:
		line 25 in file "comm.c"
 Parameters:    Size  Location     Type
  mess            1    wreg     PTR unsigned char 
		 -> read_analog@mess(6), 
  val             2    0[BANK0 ] unsigned short 
 Auto vars:     Size  Location     Type
  mess            1    4[BANK0 ] PTR unsigned char 
		 -> read_analog@mess(6), 
  aux             2    2[BANK0 ] unsigned short 
 Return value:  Size  Location     Type
                  1    wreg      void 
 Registers used:
		wreg, fsr1l, fsr1h, status,2, status,0, pclath, cstack
 Tracked objects:
		On entry : 
		On exit  : 
		Unchanged: 
 Data sizes:     COMMON   BANK0   BANK1
      Params:         0       2       0
      Locals:         0       3       0
      Temps:          0       0       0
      Totals:         0       5       0
Total ram usage:        5 bytes
 Hardware stack levels used:    1
 Hardware stack levels required when called:    5
 This function calls:
		___lwdiv
		___lwmod
 This function is called by:
		_read_analog
 This function uses a non-reentrant model


 *************** function ___lwmod *****************
 Defined at:
		line 5 in file "/opt/microchip/xc8/v2.00/pic/sources/c99/common/lwmod.c"
 Parameters:    Size  Location     Type
  divisor         2    2[COMMON] unsigned int 
  dividend        2    4[COMMON] unsigned int 
 Auto vars:     Size  Location     Type
  counter         1    6[COMMON] unsigned char 
 Return value:  Size  Location     Type
                  2    2[COMMON] unsigned int 
 Registers used:
		wreg, status,2, status,0
 Tracked objects:
		On entry : 
		On exit  : 
		Unchanged: 
 Data sizes:     COMMON   BANK0   BANK1
      Params:         4       0       0
      Locals:         1       0       0
      Temps:          0       0       0
      Totals:         5       0       0
Total ram usage:        5 bytes
 Hardware stack levels used:    1
 Hardware stack levels required when called:    4
 This function calls:
		Nothing
 This function is called by:
		__sprintf
 This function uses a non-reentrant model


 *************** function ___lwdiv *****************
 Defined at:
		line 5 in file "/opt/microchip/xc8/v2.00/pic/sources/c99/common/lwdiv.c"
 Parameters:    Size  Location     Type
  divisor         2    2[COMMON] unsigned int 
  dividend        2    4[COMMON] unsigned int 
 Auto vars:     Size  Location     Type
  quotient        2    6[COMMON] unsigned int 
  counter         1    8[COMMON] unsigned char 
 Return value:  Size  Location     Type
                  2    2[COMMON] unsigned int 
 Registers used:
		wreg, status,2, status,0
 Tracked objects:
		On entry : 
		On exit  : 
		Unchanged: 
 Data sizes:     COMMON   BANK0   BANK1
      Params:         4       0       0
      Locals:         3       0       0
      Temps:          0       0       0
      Totals:         7       0       0
Total ram usage:        7 bytes
 Hardware stack levels used:    1
 Hardware stack levels required when called:    4
 This function calls:
		Nothing
 This function is called by:
		__sprintf
 This function uses a non-reentrant model


 *************** function ___lmul *****************
 Defined at:
		line 15 in file "/opt/microchip/xc8/v2.00/pic/sources/c99/common/Umul32.c"
 Parameters:    Size  Location     Type
  multiplier      4    2[COMMON] unsigned long 
  multiplicand    4    6[COMMON] unsigned long 
 Auto vars:     Size  Location     Type
  product         4    0[BANK0 ] unsigned long 
 Return value:  Size  Location     Type
                  4    2[COMMON] unsigned long 
 Registers used:
		wreg, status,2, status,0
 Tracked objects:
		On entry : 
		On exit  : 
		Unchanged: 
 Data sizes:     COMMON   BANK0   BANK1
      Params:         8       0       0
      Locals:         0       4       0
      Temps:          0       0       0
      Totals:         8       4       0
Total ram usage:       12 bytes
 Hardware stack levels used:    1
 Hardware stack levels required when called:    4
 This function calls:
		Nothing
 This function is called by:
		_read_analog
 This function uses a non-reentrant model


 *************** function _process_ioc *****************
 Defined at:
		line 174 in file "logger.c"
 Parameters:    Size  Location     Type
		None
 Auto vars:     Size  Location     Type
		None
 Return value:  Size  Location     Type
                  1    wreg      void 
 Registers used:
		wreg, fsr0l, fsr0h, fsr1l, fsr1h, status,2, status,0, pclath, cstack
 Tracked objects:
		On entry : 
		On exit  : 
		Unchanged: 
 Data sizes:     COMMON   BANK0   BANK1
      Params:         0       0       0
      Locals:         0       0       0
      Temps:          0       0       0
      Totals:         0       0       0
Total ram usage:        0 bytes
 Hardware stack levels used:    1
 Hardware stack levels required when called:    6
 This function calls:
		__puts
 This function is called by:
		_main
 This function uses a non-reentrant model


 *************** function _logger_initialize *****************
 Defined at:
		line 20 in file "logger.c"
 Parameters:    Size  Location     Type
		None
 Auto vars:     Size  Location     Type
		None
 Return value:  Size  Location     Type
                  1    wreg      void 
 Registers used:
		wreg, status,2, status,0, pclath, cstack
 Tracked objects:
		On entry : 
		On exit  : 
		Unchanged: 
 Data sizes:     COMMON   BANK0   BANK1
      Params:         0       0       0
      Locals:         0       0       0
      Temps:          0       0       0
      Totals:         0       0       0
Total ram usage:        0 bytes
 Hardware stack levels used:    1
 Hardware stack levels required when called:    5
 This function calls:
		_ADC_SelectChannel
		_ESP_Set_application_handler
		_IOCAF4_SetInterruptHandler
		_TMR1_SetInterruptHandler
		_TMR1_StopTimer
 This function is called by:
		_main
 This function uses a non-reentrant model


 *************** function _ESP_Set_application_handler *****************
 Defined at:
		line 224 in file "esp1.c"
 Parameters:    Size  Location     Type
  applicationH    2    2[COMMON] PTR FTN(unsigned char ,)
		 -> ESP_default_application_handler(1), process_message(1), 
 Auto vars:     Size  Location     Type
		None
 Return value:  Size  Location     Type
                  1    wreg      void 
 Registers used:
		None
 Tracked objects:
		On entry : 
		On exit  : 
		Unchanged: 
 Data sizes:     COMMON   BANK0   BANK1
      Params:         2       0       0
      Locals:         0       0       0
      Temps:          0       0       0
      Totals:         2       0       0
Total ram usage:        2 bytes
 Hardware stack levels used:    1
 Hardware stack levels required when called:    4
 This function calls:
		Nothing
 This function is called by:
		_logger_initialize
 This function uses a non-reentrant model


 *************** function _ADC_SelectChannel *****************
 Defined at:
		line 85 in file "mcc_generated_files/adc.c"
 Parameters:    Size  Location     Type
  channel         1    wreg     enum E1959
 Auto vars:     Size  Location     Type
  channel         1    3[COMMON] enum E1959
 Return value:  Size  Location     Type
                  1    wreg      void 
 Registers used:
		wreg, status,2, status,0
 Tracked objects:
		On entry : 
		On exit  : 
		Unchanged: 
 Data sizes:     COMMON   BANK0   BANK1
      Params:         0       0       0
      Locals:         1       0       0
      Temps:          1       0       0
      Totals:         2       0       0
Total ram usage:        2 bytes
 Hardware stack levels used:    1
 Hardware stack levels required when called:    4
 This function calls:
		Nothing
 This function is called by:
		_logger_initialize
 This function uses a non-reentrant model


 *************** function _bt_message_handler *****************
 Defined at:
		line 40 in file "logger.c"
 Parameters:    Size  Location     Type
		None
 Auto vars:     Size  Location     Type
  message         1    2[BANK0 ] unsigned char 
 Return value:  Size  Location     Type
                  1    wreg      void 
 Registers used:
		wreg, fsr0l, fsr0h, fsr1l, fsr1h, status,2, status,0, pclath, cstack
 Tracked objects:
		On entry : 
		On exit  : 
		Unchanged: 
 Data sizes:     COMMON   BANK0   BANK1
      Params:         0       0       0
      Locals:         0       1       0
      Temps:          0       0       0
      Totals:         0       1       0
Total ram usage:        1 bytes
 Hardware stack levels used:    1
 Hardware stack levels required when called:    8
 This function calls:
		_EUSART_Read
		_process_message
 This function is called by:
		_main
 This function uses a non-reentrant model


 *************** function _process_message *****************
 Defined at:
		line 47 in file "logger.c"
 Parameters:    Size  Location     Type
  message         1    9[COMMON] unsigned char 
 Auto vars:     Size  Location     Type
		None
 Return value:  Size  Location     Type
                  1    wreg      void 
 Registers used:
		wreg, fsr0l, fsr0h, fsr1l, fsr1h, status,2, status,0, pclath, cstack
 Tracked objects:
		On entry : 
		On exit  : 
		Unchanged: 
 Data sizes:     COMMON   BANK0   BANK1
      Params:         1       0       0
      Locals:         0       0       0
      Temps:          0       2       0
      Totals:         1       2       0
Total ram usage:        3 bytes
 Hardware stack levels used:    1
 Hardware stack levels required when called:    7
 This function calls:
		_ADC_StartConversion
		_TMR1_StartTimer
		_TMR1_StopTimer
		__puts
		_toggle_format
 This function is called by:
		_logger_initialize
		_bt_message_handler
 This function uses a non-reentrant model


 *************** function _toggle_format *****************
 Defined at:
		line 139 in file "logger.c"
 Parameters:    Size  Location     Type
		None
 Auto vars:     Size  Location     Type
		None
 Return value:  Size  Location     Type
                  1    wreg      void 
 Registers used:
		wreg, fsr0l, fsr0h, fsr1l, fsr1h, status,2, status,0, pclath, cstack
 Tracked objects:
		On entry : 
		On exit  : 
		Unchanged: 
 Data sizes:     COMMON   BANK0   BANK1
      Params:         0       0       0
      Locals:         0       0       0
      Temps:          0       0       0
      Totals:         0       0       0
Total ram usage:        0 bytes
 Hardware stack levels used:    1
 Hardware stack levels required when called:    6
 This function calls:
		__puts
 This function is called by:
		_process_message
 This function uses a non-reentrant model


 *************** function __puts *****************
 Defined at:
		line 5 in file "comm.c"
[...]
 Hardware stack levels used:    1
 Hardware stack levels required when called:    4
 This function calls:
		Nothing
 This function is called by:
		_SYSTEM_Initialize
 This function uses a non-reentrant model


 *************** function _EUSART_Initialize *****************
 Defined at:
		line 75 in file "mcc_generated_files/eusart.c"
 Parameters:    Size  Location     Type
		None
 Auto vars:     Size  Location     Type
		None
 Return value:  Size  Location     Type
                  1    wreg      void 
 Registers used:
		wreg, status,2, status,0, pclath, cstack
 Tracked objects:
		On entry : 
		On exit  : 
		Unchanged: 
 Data sizes:     COMMON   BANK0   BANK1
      Params:         0       0       0
      Locals:         0       0       0
      Temps:          0       0       0
      Totals:         0       0       0
Total ram usage:        0 bytes
 Hardware stack levels used:    1
 Hardware stack levels required when called:    5
 This function calls:
		_EUSART_SetRxInterruptHandler
		_EUSART_SetTxInterruptHandler
 This function is called by:
		_SYSTEM_Initialize
 This function uses a non-reentrant model


 *************** function _EUSART_SetTxInterruptHandler *****************
 Defined at:
		line 211 in file "mcc_generated_files/eusart.c"
 Parameters:    Size  Location     Type
  interruptHan    2    2[COMMON] PTR FTN()void 
		 -> EUSART_Transmit_ISR(1), 
 Auto vars:     Size  Location     Type
		None
 Return value:  Size  Location     Type
                  1    wreg      void 
 Registers used:
		wreg
 Tracked objects:
		On entry : 
		On exit  : 
		Unchanged: 
 Data sizes:     COMMON   BANK0   BANK1
      Params:         2       0       0
      Locals:         0       0       0
      Temps:          0       0       0
      Totals:         2       0       0
Total ram usage:        2 bytes
 Hardware stack levels used:    1
 Hardware stack levels required when called:    4
 This function calls:
		Nothing
 This function is called by:
		_EUSART_Initialize
 This function uses a non-reentrant model


 *************** function _EUSART_SetRxInterruptHandler *****************
 Defined at:
		line 215 in file "mcc_generated_files/eusart.c"
 Parameters:    Size  Location     Type
  interruptHan    2    2[COMMON] PTR FTN()void 
		 -> EUSART_Receive_ISR(1), 
 Auto vars:     Size  Location     Type
		None
 Return value:  Size  Location     Type
                  1    wreg      void 
 Registers used:
		wreg
 Tracked objects:
		On entry : 
		On exit  : 
		Unchanged: 
 Data sizes:     COMMON   BANK0   BANK1
      Params:         2       0       0
      Locals:         0       0       0
      Temps:          0       0       0
      Totals:         2       0       0
Total ram usage:        2 bytes
 Hardware stack levels used:    1
 Hardware stack levels required when called:    4
 This function calls:
		Nothing
 This function is called by:
		_EUSART_Initialize
 This function uses a non-reentrant model


 *************** function _ADC_Initialize *****************
 Defined at:
		line 65 in file "mcc_generated_files/adc.c"
 Parameters:    Size  Location     Type
		None
 Auto vars:     Size  Location     Type
		None
 Return value:  Size  Location     Type
                  1    wreg      void 
 Registers used:
		wreg, status,2
 Tracked objects:
		On entry : 
		On exit  : 
		Unchanged: 
 Data sizes:     COMMON   BANK0   BANK1
      Params:         0       0       0
      Locals:         0       0       0
      Temps:          0       0       0
      Totals:         0       0       0
Total ram usage:        0 bytes
 Hardware stack levels used:    1
 Hardware stack levels required when called:    4
 This function calls:
		Nothing
 This function is called by:
		_SYSTEM_Initialize
 This function uses a non-reentrant model


 *************** function _EUSART_is_rx_ready *****************
 Defined at:
		line 118 in file "mcc_generated_files/eusart.c"
 Parameters:    Size  Location     Type
		None
 Auto vars:     Size  Location     Type
		None
 Return value:  Size  Location     Type
                  1    wreg      unsigned char 
 Registers used:
		wreg
 Tracked objects:
		On entry : 
		On exit  : 
		Unchanged: 
 Data sizes:     COMMON   BANK0   BANK1
      Params:         0       0       0
      Locals:         0       0       0
      Temps:          0       0       0
      Totals:         0       0       0
Total ram usage:        0 bytes
 Hardware stack levels used:    1
 Hardware stack levels required when called:    4
 This function calls:
		Nothing
 This function is called by:
		_main
 This function uses a non-reentrant model


 *************** function _INTERRUPT_InterruptManager *****************
 Defined at:
		line 54 in file "mcc_generated_files/interrupt_manager.c"
 Parameters:    Size  Location     Type
		None
 Auto vars:     Size  Location     Type
		None
 Return value:  Size  Location     Type
                  1    wreg      void 
 Registers used:
		wreg, fsr1l, fsr1h, status,2, status,0, pclath, cstack
 Tracked objects:
		On entry : 
		On exit  : 
		Unchanged: 
 Data sizes:     COMMON   BANK0   BANK1
      Params:         0       0       0
      Locals:         0       0       0
      Temps:          0       0       0
      Totals:         0       0       0
Total ram usage:        0 bytes
 Hardware stack levels used:    1
 Hardware stack levels required when called:    3
 This function calls:
		Absolute function
		_ADC_GetConversionResult
		_ADC_ISR
		_EUSART_Receive_ISR
		_EUSART_Transmit_ISR
		_PIN_MANAGER_IOC
		_TMR1_ISR
 This function is called by:
		Interrupt level 1
 This function uses a non-reentrant model


 *************** function _TMR1_ISR *****************
 Defined at:
		line 157 in file "mcc_generated_files/tmr1.c"
 Parameters:    Size  Location     Type
		None
 Auto vars:     Size  Location     Type
		None
 Return value:  Size  Location     Type
                  1    wreg      void 
 Registers used:
		wreg, status,2, status,0, pclath, cstack
 Tracked objects:
		On entry : 
		On exit  : 
		Unchanged: 
 Data sizes:     COMMON   BANK0   BANK1
      Params:         0       0       0
      Locals:         0       0       0
      Temps:          0       0       0
      Totals:         0       0       0
Total ram usage:        0 bytes
 Hardware stack levels used:    1
 Hardware stack levels required when called:    2
 This function calls:
		Absolute function
		_TMR1_DefaultInterruptHandler
		_TMR1_WriteTimer
		__TMR1_Ready
 This function is called by:
		_INTERRUPT_InterruptManager
 This function uses a non-reentrant model


 *************** function _TMR1_DefaultInterruptHandler *****************
 Defined at:
		line 175 in file "mcc_generated_files/tmr1.c"
 Parameters:    Size  Location     Type
		None
 Auto vars:     Size  Location     Type
		None
 Return value:  Size  Location     Type
                  1    wreg      void 
 Registers used:
		None
 Tracked objects:
		On entry : 
		On exit  : 
		Unchanged: 
 Data sizes:     COMMON   BANK0   BANK1
      Params:         0       0       0
      Locals:         0       0       0
      Temps:          0       0       0
      Totals:         0       0       0
Total ram usage:        0 bytes
 Hardware stack levels used:    1
 This function calls:
		Nothing
 This function is called by:
		_TMR1_Initialize
		_TMR1_ISR
 This function uses a non-reentrant model


 *************** function __TMR1_Ready *****************
 Defined at:
		line 158 in file "logger.c"
 Parameters:    Size  Location     Type
		None
 Auto vars:     Size  Location     Type
		None
 Return value:  Size  Location     Type
                  1    wreg      void 
 Registers used:
		wreg, status,2, status,0, pclath, cstack
 Tracked objects:
		On entry : 
		On exit  : 
		Unchanged: 
 Data sizes:     COMMON   BANK0   BANK1
      Params:         0       0       0
      Locals:         0       0       0
      Temps:          0       0       0
      Totals:         0       0       0
Total ram usage:        0 bytes
 Hardware stack levels used:    1
 Hardware stack levels required when called:    1
 This function calls:
		i1_ADC_StartConversion
 This function is called by:
		_logger_initialize
		_TMR1_ISR
 This function uses a non-reentrant model


 *************** function i1_ADC_StartConversion *****************
 Defined at:
		line 93 in file "mcc_generated_files/adc.c"
 Parameters:    Size  Location     Type
		None
 Auto vars:     Size  Location     Type
		None
 Return value:  Size  Location     Type
                  1    wreg      void 
 Registers used:
		None
 Tracked objects:
		On entry : 
		On exit  : 
		Unchanged: 
 Data sizes:     COMMON   BANK0   BANK1
      Params:         0       0       0
      Locals:         0       0       0
      Temps:          0       0       0
      Totals:         0       0       0
Total ram usage:        0 bytes
 Hardware stack levels used:    1
 This function calls:
		Nothing
 This function is called by:
		__TMR1_Ready
 This function uses a non-reentrant model


 *************** function _TMR1_WriteTimer *****************
 Defined at:
		line 120 in file "mcc_generated_files/tmr1.c"
 Parameters:    Size  Location     Type
  timerVal        2    0[COMMON] unsigned short 
 Auto vars:     Size  Location     Type
		None
 Return value:  Size  Location     Type
                  1    wreg      void 
 Registers used:
		wreg
 Tracked objects:
		On entry : 
		On exit  : 
		Unchanged: 
 Data sizes:     COMMON   BANK0   BANK1
      Params:         2       0       0
      Locals:         0       0       0
      Temps:          0       0       0
      Totals:         2       0       0
Total ram usage:        2 bytes
 Hardware stack levels used:    1
 This function calls:
		Nothing
 This function is called by:
		_TMR1_ISR
 This function uses a non-reentrant model


 *************** function _PIN_MANAGER_IOC *****************
 Defined at:
		line 111 in file "mcc_generated_files/pin_manager.c"
 Parameters:    Size  Location     Type
		None
 Auto vars:     Size  Location     Type
		None
 Return value:  Size  Location     Type
                  1    wreg      void 
 Registers used:
		wreg, status,2, status,0, pclath, cstack
 Tracked objects:
		On entry : 
		On exit  : 
		Unchanged: 
 Data sizes:     COMMON   BANK0   BANK1
      Params:         0       0       0
      Locals:         0       0       0
      Temps:          0       0       0
      Totals:         0       0       0
Total ram usage:        0 bytes
 Hardware stack levels used:    1
 Hardware stack levels required when called:    2
 This function calls:
		_IOCAF4_ISR
 This function is called by:
		_INTERRUPT_InterruptManager
 This function uses a non-reentrant model


 *************** function _IOCAF4_ISR *****************
 Defined at:
		line 123 in file "mcc_generated_files/pin_manager.c"
 Parameters:    Size  Location     Type
		None
 Auto vars:     Size  Location     Type
		None
 Return value:  Size  Location     Type
                  1    wreg      void 
 Registers used:
		wreg, status,2, status,0, pclath, cstack
 Tracked objects:
		On entry : 
		On exit  : 
		Unchanged: 
 Data sizes:     COMMON   BANK0   BANK1
      Params:         0       0       0
      Locals:         0       0       0
      Temps:          0       0       0
      Totals:         0       0       0
Total ram usage:        0 bytes
 Hardware stack levels used:    1
 Hardware stack levels required when called:    1
 This function calls:
		Absolute function
		_IOCAF4_DefaultInterruptHandler
		__IOC_Ready
 This function is called by:
		_PIN_MANAGER_IOC
 This function uses a non-reentrant model


 *************** function _IOCAF4_DefaultInterruptHandler *****************
 Defined at:
		line 145 in file "mcc_generated_files/pin_manager.c"
 Parameters:    Size  Location     Type
		None
 Auto vars:     Size  Location     Type
		None
 Return value:  Size  Location     Type
                  1    wreg      void 
 Registers used:
		None
 Tracked objects:
		On entry : 
		On exit  : 
		Unchanged: 
 Data sizes:     COMMON   BANK0   BANK1
      Params:         0       0       0
      Locals:         0       0       0
      Temps:          0       0       0
      Totals:         0       0       0
Total ram usage:        0 bytes
 Hardware stack levels used:    1
 This function calls:
		Nothing
 This function is called by:
		_PIN_MANAGER_Initialize
		_IOCAF4_ISR
 This function uses a non-reentrant model


 *************** function __IOC_Ready *****************
 Defined at:
		line 167 in file "logger.c"
 Parameters:    Size  Location     Type
		None
 Auto vars:     Size  Location     Type
		None
 Return value:  Size  Location     Type
                  1    wreg      void 
 Registers used:
		wreg, status,2
 Tracked objects:
		On entry : 
		On exit  : 
		Unchanged: 
 Data sizes:     COMMON   BANK0   BANK1
      Params:         0       0       0
      Locals:         0       0       0
      Temps:          0       0       0
      Totals:         0       0       0
Total ram usage:        0 bytes
 Hardware stack levels used:    1
 This function calls:
		Nothing
 This function is called by:
		_logger_initialize
		_IOCAF4_ISR
 This function uses a non-reentrant model


 *************** function _EUSART_Transmit_ISR *****************
 Defined at:
		line 172 in file "mcc_generated_files/eusart.c"
 Parameters:    Size  Location     Type
		None
 Auto vars:     Size  Location     Type
		None
 Return value:  Size  Location     Type
                  1    wreg      void 
 Registers used:
		wreg, fsr1l, fsr1h, status,2, status,0
 Tracked objects:
		On entry : 
		On exit  : 
		Unchanged: 
 Data sizes:     COMMON   BANK0   BANK1
      Params:         0       0       0
      Locals:         0       0       0
      Temps:          0       0       0
      Totals:         0       0       0
Total ram usage:        0 bytes
 Hardware stack levels used:    1
 This function calls:
		Nothing
 This function is called by:
		_EUSART_Initialize
		_INTERRUPT_InterruptManager
 This function uses a non-reentrant model


 *************** function _EUSART_Receive_ISR *****************
 Defined at:
		line 191 in file "mcc_generated_files/eusart.c"
 Parameters:    Size  Location     Type
		None
 Auto vars:     Size  Location     Type
		None
 Return value:  Size  Location     Type
                  1    wreg      void 
 Registers used:
		wreg, fsr1l, fsr1h, status,2, status,0
 Tracked objects:
		On entry : 
		On exit  : 
		Unchanged: 
 Data sizes:     COMMON   BANK0   BANK1
      Params:         0       0       0
      Locals:         0       0       0
      Temps:          0       0       0
      Totals:         0       0       0
Total ram usage:        0 bytes
 Hardware stack levels used:    1
 This function calls:
		Nothing
 This function is called by:
		_EUSART_Initialize
		_INTERRUPT_InterruptManager
 This function uses a non-reentrant model


 *************** function _ADC_ISR *****************
 Defined at:
		line 140 in file "mcc_generated_files/adc.c"
 Parameters:    Size  Location     Type
		None
 Auto vars:     Size  Location     Type
		None
 Return value:  Size  Location     Type
                  1    wreg      void 
 Registers used:
		None
 Tracked objects:
		On entry : 
		On exit  : 
		Unchanged: 
 Data sizes:     COMMON   BANK0   BANK1
      Params:         0       0       0
      Locals:         0       0       0
      Temps:          0       0       0
      Totals:         0       0       0
Total ram usage:        0 bytes
 Hardware stack levels used:    1
 This function calls:
		Nothing
 This function is called by:
		_INTERRUPT_InterruptManager
 This function uses a non-reentrant model


 *************** function _ADC_GetConversionResult *****************
 Defined at:
		line 106 in file "mcc_generated_files/adc.c"
 Parameters:    Size  Location     Type
		None
 Auto vars:     Size  Location     Type
		None
 Return value:  Size  Location     Type
                  2    0[COMMON] unsigned short 
 Registers used:
		wreg
 Tracked objects:
		On entry : 
		On exit  : 
		Unchanged: 
 Data sizes:     COMMON   BANK0   BANK1
      Params:         2       0       0
      Locals:         0       0       0
      Temps:          0       0       0
      Totals:         2       0       0
Total ram usage:        2 bytes
 Hardware stack levels used:    1
 This function calls:
		Nothing
 This function is called by:
		_INTERRUPT_InterruptManager
 This function uses a non-reentrant model



MODULE INFORMATION

Module		Function		Class		Link	Load	Size
mcc_generated_files/interrupt_manager.c
		_INTERRUPT_InterruptManager		CODE           	0004	0000	59

mcc_generated_files/interrupt_manager.c estimated size: 59

/opt/microchip/xc8/v2.00/pic/sources/c99/common/Umul32.c
		___lmul        		CODE           	01B9	0000	38

/opt/microchip/xc8/v2.00/pic/sources/c99/common/Umul32.c estimated size: 38

mcc_generated_files/pin_manager.c
		_PIN_MANAGER_Initialize		CODE           	027A	0000	27
		_IOCAF4_DefaultInterruptHandler		CODE           	049D	0000	2
		_IOCAF4_ISR    		CODE           	03AC	0000	14
		_PIN_MANAGER_IOC		CODE           	047A	0000	5
		_IOCAF4_SetInterruptHandler		CODE           	044D	0000	7

mcc_generated_files/pin_manager.c estimated size: 55

mcc_generated_files/adc.c
		_ADC_Initialize		CODE           	03F0	0000	10
		_ADC_GetConversionResult		CODE           	03F9	0000	10
		_ADC_StartConversion		CODE           	0484	0000	4
		_ADC_ISR       		CODE           	0499	0000	3
		_ADC_SelectChannel		CODE           	03C5	0000	13

mcc_generated_files/adc.c estimated size: 40

/opt/microchip/xc8/v2.00/pic/sources/c99/common/lwmod.c
		___lwmod       		CODE           	0222	0000	33

/opt/microchip/xc8/v2.00/pic/sources/c99/common/lwmod.c estimated size: 33

esp1.c
		_ESP_Set_application_handler		CODE           	049B	0000	2

esp1.c estimated size: 2

logger.c
		_process_ioc   		CODE           	0376	0000	15
		_logger_initialize		CODE           	0242	0000	30
		_process_message		CODE           	0140	0000	47
		_read_analog   		CODE           	00BC	0000	84
		_bt_message_handler		CODE           	0469	0000	6
		_toggle_format 		CODE           	033A	0000	17
		__TMR1_Ready   		CODE           	0427	0000	8
		__IOC_Ready    		CODE           	042E	0000	8

logger.c estimated size: 215

shared
		i1_ADC_StartConversion		CODE           	0497	0000	3
		__initialization		CODE           	003F	0000	15

shared estimated size: 18

mcc_generated_files/mcc.c
		_WDT_Initialize		CODE           	0487	0000	4
		_OSCILLATOR_Initialize		CODE           	03E6	0000	11
		_SYSTEM_Initialize		CODE           	0441	0000	7

mcc_generated_files/mcc.c estimated size: 22

mcc_generated_files/tmr1.c
		_TMR1_Initialize		CODE           	02C0	0000	23
		_TMR1_SetInterruptHandler		CODE           	0447	0000	7
		_TMR1_StopTimer		CODE           	0493	0000	3
		_TMR1_DefaultInterruptHandler		CODE           	049C	0000	2
		_TMR1_WriteTimer		CODE           	0384	0000	15
		_TMR1_StartTimer		CODE           	0495	0000	3
		_TMR1_ISR      		CODE           	034A	0000	17

mcc_generated_files/tmr1.c estimated size: 70

/opt/microchip/xc8/v2.00/pic/sources/c99/common/lwdiv.c
		___lwdiv       		CODE           	0194	0000	38

/opt/microchip/xc8/v2.00/pic/sources/c99/common/lwdiv.c estimated size: 38

mcc_generated_files/eusart.c
		_EUSART_SetRxInterruptHandler		CODE           	0459	0000	7
		_EUSART_SetTxInterruptHandler		CODE           	0453	0000	7
		_EUSART_Read   		CODE           	02AA	0000	23
		_EUSART_Write  		CODE           	025F	0000	28
		_EUSART_Transmit_ISR		CODE           	02D6	0000	23
		_EUSART_Initialize		CODE           	0200	0000	35
		_EUSART_Receive_ISR		CODE           	02EC	0000	22
		_EUSART_is_rx_ready		CODE           	048A	0000	4
		_EUSART_is_tx_ready		CODE           	0491	0000	3

mcc_generated_files/eusart.c estimated size: 152

main.c
		_main          		CODE           	010F	0000	50

main.c estimated size: 50

comm.c
		__puts         		CODE           	01DE	0000	35
		_write         		CODE           	0315	0000	20
		__sprintf      		CODE           	0050	0000	109

comm.c estimated size: 164

