Microchip MPLAB XC8 Compiler V1.38 ()

Linker command line:

-W-3 --edf=/pkg/microchip/xc8/v1.38/dat/en_msgs.txt -cs \
  -h+dist/default/production/driver_bio3.X.production.sym \
  --cmf=dist/default/production/driver_bio3.X.production.cmf -z -Q16LF1823 \
  -o/tmp/xcXtWLu9i -Mdist/default/production/driver_bio3.X.production.map \
  -E1 -ver=XC8 -ASTACK=02031h-0206fh -pstack=STACK -ACODE=00h-07FFh \
  -ASTRCODE=00h-07FFh -ASTRING=00h-0FFhx8 -ACONST=00h-0FFhx8 \
  -AENTRY=00h-0FFhx8 -ACOMMON=070h-07Fh -ABANK0=020h-06Fh -ABANK1=0A0h-0BFh \
  -ABIGRAM=02000h-0206Fh -ARAM=020h-06Fh,0A0h-0BFh \
  -AABS1=020h-07Fh,0A0h-0BFh -ASFR0=00h-01Fh -ASFR1=080h-09Fh \
  -ASFR2=0100h-016Fh -ASFR3=0180h-01EFh -ASFR4=0200h-026Fh \
  -ASFR5=0280h-02EFh -ASFR6=0300h-036Fh -ASFR7=0380h-03EFh \
  -ASFR8=0400h-046Fh -ASFR9=0480h-04EFh -ASFR10=0500h-056Fh \
  -ASFR11=0580h-05EFh -ASFR12=0600h-066Fh -ASFR13=0680h-06EFh \
  -ASFR14=0700h-076Fh -ASFR15=0780h-07EFh -ASFR16=0800h-086Fh \
  -ASFR17=0880h-08EFh -ASFR18=0900h-096Fh -ASFR19=0980h-09EFh \
  -ASFR20=0A00h-0A6Fh -ASFR21=0A80h-0AEFh -ASFR22=0B00h-0B6Fh \
  -ASFR23=0B80h-0BEFh -ASFR24=0C00h-0C6Fh -ASFR25=0C80h-0CEFh \
  -ASFR26=0D00h-0D6Fh -ASFR27=0D80h-0DEFh -ASFR28=0E00h-0E6Fh \
  -ASFR29=0E80h-0EEFh -ASFR30=0F00h-0F6Fh -ASFR31=0F80h-0FEFh \
  -preset_vec=00h,intentry=04h,init,end_init -ppowerup=CODE -pcinit=CODE \
  -pfunctab=CODE -ACONFIG=08007h-08008h -pconfig=CONFIG -DCONFIG=2 \
  -AIDLOC=08000h-08003h -pidloc=IDLOC -DIDLOC=2 -AEEDATA=00h-0FFh/0F000h \
  -peeprom_data=EEDATA -DEEDATA=2 -DCODE=2 -DSTRCODE=2 -DSTRING=2 -DCONST=2 \
  -DENTRY=2 -k /tmp/xcXdPg0AG.obj \
  dist/default/production/driver_bio3.X.production.obj 

Object code version is 3.11

Machine type is 16LF1823



                Name                               Link     Load   Length Selector   Space Scale
/tmp/xcXdPg0AG.obj
                end_init                             54       54        1        8       0
                reset_vec                             0        0        1        0       0
                config                             8007     8007        2    1000E       0
dist/default/production/driver_bio3.X.production.obj
                cinit                                55       55        F        8       0
                intentry                              4        4       50        8       0
                text14                              187      187       10        8       0
                text13                              1C0      1C0        3        8       0
                text12                              176      176       11        8       0
                text10                              1B3      1B3        6        8       0
                text9                               14C      14C       19        8       0
                text8                               1BD      1BD        3        8       0
                text7                                A9       A9       43        8       0
                text6                               123      123       29        8       0
                text5                                EC       EC       37        8       0
                text4                               1A6      1A6        7        8       0
                text3                               1B9      1B9        4        8       0
                text2                               165      165       11        8       0
                text1                               197      197        F        8       0
                maintext                             64       64       45        8       0
                cstackBANK0                          44       44        D       20       1
                cstackCOMMON                         76       76        6       70       1
                clrtext                             1AD      1AD        6        8       0
                bssBANK0                             20       20       24       20       1
                bssCOMMON                            70       70        6       70       1

TOTAL           Name                               Link     Load   Length     Space
        CLASS   STACK          

        CLASS   CODE           
                end_init                             54       54        1         0
                cinit                                55       55        F         0
                intentry                              4        4       50         0
                reset_vec                             0        0        1         0
                text14                              187      187       10         0
                text13                              1C0      1C0        3         0
                text12                              176      176       11         0
                text10                              1B3      1B3        6         0
                text9                               14C      14C       19         0
                text8                               1BD      1BD        3         0
                text7                                A9       A9       43         0
                text6                               123      123       29         0
                text5                                EC       EC       37         0
                text4                               1A6      1A6        7         0
                text3                               1B9      1B9        4         0
                text2                               165      165       11         0
                text1                               197      197        F         0
                maintext                             64       64       45         0
                clrtext                             1AD      1AD        6         0

        CLASS   STRCODE        

        CLASS   STRING         

        CLASS   CONST          

        CLASS   ENTRY          

        CLASS   COMMON         
                cstackCOMMON                         76       76        6         1
                bssCOMMON                            70       70        6         1

        CLASS   BANK0          
                cstackBANK0                          44       44        D         1
                bssBANK0                             20       20       24         1

        CLASS   BANK1          

        CLASS   BIGRAM         

        CLASS   RAM            

        CLASS   ABS1           
                abs_s1                               7E       7E        2         1

        CLASS   SFR0           

        CLASS   SFR1           

        CLASS   SFR2           

        CLASS   SFR3           

        CLASS   SFR4           

        CLASS   SFR5           

        CLASS   SFR6           

        CLASS   SFR7           

        CLASS   SFR8           

        CLASS   SFR9           

        CLASS   SFR10          

        CLASS   SFR11          

        CLASS   SFR12          

        CLASS   SFR13          

        CLASS   SFR14          

        CLASS   SFR15          

        CLASS   SFR16          

        CLASS   SFR17          

        CLASS   SFR18          

        CLASS   SFR19          

        CLASS   SFR20          

        CLASS   SFR21          

        CLASS   SFR22          

        CLASS   SFR23          

        CLASS   SFR24          

        CLASS   SFR25          

        CLASS   SFR26          

        CLASS   SFR27          

        CLASS   SFR28          

        CLASS   SFR29          

        CLASS   SFR30          

        CLASS   SFR31          

        CLASS   CONFIG         
                config                             8007     8007        2         0

        CLASS   IDLOC          

        CLASS   EEDATA         

        CLASS   BANK31         

        CLASS   BANK30         

        CLASS   BANK29         

        CLASS   BANK28         

        CLASS   BANK27         

        CLASS   BANK26         

        CLASS   BANK25         

        CLASS   BANK24         

        CLASS   BANK23         

        CLASS   BANK22         

        CLASS   BANK21         

        CLASS   BANK20         

        CLASS   BANK19         

        CLASS   BANK18         

        CLASS   BANK17         

        CLASS   BANK16         

        CLASS   BANK15         

        CLASS   BANK14         

        CLASS   BANK13         

        CLASS   BANK12         

        CLASS   BANK11         

        CLASS   BANK10         

        CLASS   BANK9          

        CLASS   BANK8          

        CLASS   BANK7          

        CLASS   BANK6          

        CLASS   BANK5          

        CLASS   BANK4          

        CLASS   BANK3          

        CLASS   BANK2          



SEGMENTS        Name                           Load    Length   Top    Selector   Space  Class     Delta

                reset_vec                      000000  000001  000001         0       0  CODE        2
                intentry                       000004  0001BF  0001C3         8       0  CODE        2
                bssBANK0                       000020  000031  000051        20       1  BANK0       1
                bssCOMMON                      000070  00000C  00007C        70       1  COMMON      1
                config                         008007  000002  008009     1000E       0  CONFIG      2


UNUSED ADDRESS RANGES

        Name                Unused          Largest block    Delta
        BANK0            00051-0006F              1F           1
        BANK1            000A0-000BF              20           1
        BIGRAM           02000-0206F              70           1
        CODE             00001-00003               3           2
                         001C3-007FF             63D
        COMMON           0007C-0007D               2           1
        CONST            00001-00003               3           2
                         001C3-007FF             100
        EEDATA           0F000-0F0FF             100           2
        ENTRY            00001-00003               3           2
                         001C3-007FF             100
        IDLOC            08000-08003               4           2
        RAM              00051-0006F              1F           1
                         000A0-000BF              20
        SFR0             00000-0001F              20           1
        SFR1             00080-0009F              20           1
        SFR10            00500-0056F              70           1
        SFR11            00580-005EF              70           1
        SFR12            00600-0066F              70           1
        SFR13            00680-006EF              70           1
        SFR14            00700-0076F              70           1
        SFR15            00780-007EF              70           1
        SFR16            00800-0086F              70           1
        SFR17            00880-008EF              70           1
        SFR18            00900-0096F              70           1
        SFR19            00980-009EF              70           1
        SFR2             00100-0016F              70           1
        SFR20            00A00-00A6F              70           1
        SFR21            00A80-00AEF              70           1
        SFR22            00B00-00B6F              70           1
        SFR23            00B80-00BEF              70           1
        SFR24            00C00-00C6F              70           1
        SFR25            00C80-00CEF              70           1
        SFR26            00D00-00D6F              70           1
        SFR27            00D80-00DEF              70           1
        SFR28            00E00-00E6F              70           1
        SFR29            00E80-00EEF              70           1
        SFR3             00180-001EF              70           1
        SFR30            00F00-00F6F              70           1
        SFR31            00F80-00FEF              70           1
        SFR4             00200-0026F              70           1
        SFR5             00280-002EF              70           1
        SFR6             00300-0036F              70           1
        SFR7             00380-003EF              70           1
        SFR8             00400-0046F              70           1
        SFR9             00480-004EF              70           1
        STACK            02031-0206F              3F           1
        STRCODE          00001-00003               3           2
                         001C3-007FF             63D
        STRING           00001-00003               3           2
                         001C3-007FF             100

                                  Symbol Table

BIO_config@conf                  cstackBANK0  00044
BIO_config@i                     cstackBANK0  00047
BIO_config@out                   cstackBANK0  00048
_ADCON0                          (abs)        0009D
_ADCON1                          (abs)        0009E
_ADGO                            (abs)        004E9
_ADRESH                          (abs)        0009C
_ADRESL                          (abs)        0009B
_ANSELA                          (abs)        0018C
_ANSELC                          (abs)        0018E
_APFCON                          (abs)        0011D
_BIO_config                      text7        000A9
_BRG16                           (abs)        00CFB
_BRGH                            (abs)        00CF2
_CLKRCON                         (abs)        0039A
_CREN                            (abs)        00CEC
_GIE                             (abs)        0005F
_LATA                            (abs)        0010C
_LATC                            (abs)        0010E
_OPTION_REGbits                  (abs)        00095
_OSCCON                          (abs)        00099
_OSCILLATOR_Initialize           text10       001B3
_OSCSTAT                         (abs)        0009A
_OSCTUNE                         (abs)        00098
_PEIE                            (abs)        0005E
_PIN_MANAGER_Initialize          text9        0014C
_PORTC                           (abs)        0000E
_PS0                             (abs)        004A8
_PS1                             (abs)        004A9
_PS2                             (abs)        004AA
_PSA                             (abs)        004AB
_RA5                             (abs)        00065
_RCIE                            (abs)        0048D
_RCIF                            (abs)        0008D
_RCREG                           (abs)        00199
_RXDTSEL                         (abs)        008EF
_SPBRGH                          (abs)        0019C
_SPBRGL                          (abs)        0019B
_SPEN                            (abs)        00CEF
_SYNC                            (abs)        00CF4
_SYSTEM_Initialize               text8        001BD
_TIMER0_flag                     bssBANK0     0003E
_TIMER0_timeout                  bssCOMMON    00070
_TMR0                            (abs)        00015
_TMR0CS                          (abs)        004AD
_TMR0IE                          (abs)        0005D
_TMR0IF                          (abs)        0005A
_TRISA                           (abs)        0008C
_TRISC                           (abs)        0008E
_TXCKSEL                         (abs)        008EA
_TXEN                            (abs)        00CF5
_TXIE                            (abs)        0048C
_TXIF                            (abs)        0008C
_TXREG                           (abs)        0019A
_USART_rx_data                   bssBANK0     00020
_USART_rx_flag                   bssCOMMON    00072
_USART_rx_index                  bssBANK0     0003F
_USART_tx_data                   bssBANK0     0002F
_USART_tx_flag                   bssCOMMON    00073
_USART_tx_index                  bssCOMMON    00074
_USART_tx_length                 bssCOMMON    00075
_WPUA                            (abs)        0020C
_WPUC                            (abs)        0020E
__CFG_BOREN$OFF                  (abs)        00000
__CFG_BORV$HI                    (abs)        00000
__CFG_CLKOUTEN$OFF               (abs)        00000
__CFG_CP$OFF                     (abs)        00000
__CFG_CPD$OFF                    (abs)        00000
__CFG_FCMEN$OFF                  (abs)        00000
__CFG_FOSC$INTOSC                (abs)        00000
__CFG_IESO$ON                    (abs)        00000
__CFG_LVP$OFF                    (abs)        00000
__CFG_MCLRE$ON                   (abs)        00000
__CFG_PLLEN$OFF                  (abs)        00000
__CFG_PWRTE$OFF                  (abs)        00000
__CFG_STVREN$ON                  (abs)        00000
__CFG_WDTE$OFF                   (abs)        00000
__CFG_WRT$OFF                    (abs)        00000
__Habs1                          abs1         00000
__Hbank0                         bank0        00000
__Hbank1                         bank1        00000
__Hbank10                        bank10       00000
__Hbank11                        bank11       00000
__Hbank12                        bank12       00000
__Hbank13                        bank13       00000
__Hbank14                        bank14       00000
__Hbank15                        bank15       00000
__Hbank16                        bank16       00000
__Hbank17                        bank17       00000
__Hbank18                        bank18       00000
__Hbank19                        bank19       00000
__Hbank2                         bank2        00000
__Hbank20                        bank20       00000
__Hbank21                        bank21       00000
__Hbank22                        bank22       00000
__Hbank23                        bank23       00000
__Hbank24                        bank24       00000
__Hbank25                        bank25       00000
__Hbank26                        bank26       00000
__Hbank27                        bank27       00000
__Hbank28                        bank28       00000
__Hbank29                        bank29       00000
__Hbank3                         bank3        00000
__Hbank30                        bank30       00000
__Hbank31                        bank31       00000
__Hbank4                         bank4        00000
__Hbank5                         bank5        00000
__Hbank6                         bank6        00000
__Hbank7                         bank7        00000
__Hbank8                         bank8        00000
__Hbank9                         bank9        00000
__Hbigram                        bigram       00000
__HbssBANK0                      bssBANK0     00000
__HbssCOMMON                     bssCOMMON    00000
__Hcinit                         cinit        00064
__Hclrtext                       clrtext      00000
__Hcode                          code         00000
__Hcommon                        common       00000
__Hconfig                        config       08009
__HcstackBANK0                   cstackBANK0  00000
__HcstackCOMMON                  cstackCOMMON 00000
__Heeprom_data                   eeprom_data  00000
__Hend_init                      end_init     00055
__Hfunctab                       functab      00000
__Hidloc                         idloc        00000
__Hinit                          init         00054
__Hintentry                      intentry     00054
__Hmaintext                      maintext     00000
__Hpowerup                       powerup      00000
__Hram                           ram          00000
__Hreset_vec                     reset_vec    00001
__Hsfr0                          sfr0         00000
__Hsfr1                          sfr1         00000
__Hsfr10                         sfr10        00000
__Hsfr11                         sfr11        00000
__Hsfr12                         sfr12        00000
__Hsfr13                         sfr13        00000
__Hsfr14                         sfr14        00000
__Hsfr15                         sfr15        00000
__Hsfr16                         sfr16        00000
__Hsfr17                         sfr17        00000
__Hsfr18                         sfr18        00000
__Hsfr19                         sfr19        00000
__Hsfr2                          sfr2         00000
__Hsfr20                         sfr20        00000
__Hsfr21                         sfr21        00000
__Hsfr22                         sfr22        00000
__Hsfr23                         sfr23        00000
__Hsfr24                         sfr24        00000
__Hsfr25                         sfr25        00000
__Hsfr26                         sfr26        00000
__Hsfr27                         sfr27        00000
__Hsfr28                         sfr28        00000
__Hsfr29                         sfr29        00000
__Hsfr3                          sfr3         00000
__Hsfr30                         sfr30        00000
__Hsfr31                         sfr31        00000
__Hsfr4                          sfr4         00000
__Hsfr5                          sfr5         00000
__Hsfr6                          sfr6         00000
__Hsfr7                          sfr7         00000
__Hsfr8                          sfr8         00000
__Hsfr9                          sfr9         00000
__Hspace_0                       (abs)        08009
__Hspace_1                       (abs)        0007C
__Hspace_2                       (abs)        00000
__Hspace_3                       (abs)        00000
__Hstack                         stack        00000
__Hstrings                       strings      00000
__Htext                          text         00000
__Labs1                          abs1         00000
__Lbank0                         bank0        00000
__Lbank1                         bank1        00000
__Lbank10                        bank10       00000
__Lbank11                        bank11       00000
__Lbank12                        bank12       00000
__Lbank13                        bank13       00000
__Lbank14                        bank14       00000
__Lbank15                        bank15       00000
__Lbank16                        bank16       00000
__Lbank17                        bank17       00000
__Lbank18                        bank18       00000
__Lbank19                        bank19       00000
__Lbank2                         bank2        00000
__Lbank20                        bank20       00000
__Lbank21                        bank21       00000
__Lbank22                        bank22       00000
__Lbank23                        bank23       00000
__Lbank24                        bank24       00000
__Lbank25                        bank25       00000
__Lbank26                        bank26       00000
__Lbank27                        bank27       00000
__Lbank28                        bank28       00000
__Lbank29                        bank29       00000
__Lbank3                         bank3        00000
__Lbank30                        bank30       00000
__Lbank31                        bank31       00000
__Lbank4                         bank4        00000
__Lbank5                         bank5        00000
__Lbank6                         bank6        00000
__Lbank7                         bank7        00000
__Lbank8                         bank8        00000
__Lbank9                         bank9        00000
__Lbigram                        bigram       00000
__LbssBANK0                      bssBANK0     00000
__LbssCOMMON                     bssCOMMON    00000
__Lcinit                         cinit        00055
__Lclrtext                       clrtext      00000
__Lcode                          code         00000
__Lcommon                        common       00000
__Lconfig                        config       08007
__LcstackBANK0                   cstackBANK0  00000
__LcstackCOMMON                  cstackCOMMON 00000
__Leeprom_data                   eeprom_data  00000
__Lend_init                      end_init     00054
__Lfunctab                       functab      00000
__Lidloc                         idloc        00000
__Linit                          init         00054
__Lintentry                      intentry     00004
__Lmaintext                      maintext     00000
__Lpowerup                       powerup      00000
__Lram                           ram          00000
__Lreset_vec                     reset_vec    00000
__Lsfr0                          sfr0         00000
__Lsfr1                          sfr1         00000
__Lsfr10                         sfr10        00000
__Lsfr11                         sfr11        00000
__Lsfr12                         sfr12        00000
__Lsfr13                         sfr13        00000
__Lsfr14                         sfr14        00000
__Lsfr15                         sfr15        00000
__Lsfr16                         sfr16        00000
__Lsfr17                         sfr17        00000
__Lsfr18                         sfr18        00000
__Lsfr19                         sfr19        00000
__Lsfr2                          sfr2         00000
__Lsfr20                         sfr20        00000
__Lsfr21                         sfr21        00000
__Lsfr22                         sfr22        00000
__Lsfr23                         sfr23        00000
__Lsfr24                         sfr24        00000
__Lsfr25                         sfr25        00000
__Lsfr26                         sfr26        00000
__Lsfr27                         sfr27        00000
__Lsfr28                         sfr28        00000
__Lsfr29                         sfr29        00000
__Lsfr3                          sfr3         00000
__Lsfr30                         sfr30        00000
__Lsfr31                         sfr31        00000
__Lsfr4                          sfr4         00000
__Lsfr5                          sfr5         00000
__Lsfr6                          sfr6         00000
__Lsfr7                          sfr7         00000
__Lsfr8                          sfr8         00000
__Lsfr9                          sfr9         00000
__Lspace_0                       (abs)        00000
__Lspace_1                       (abs)        00000
__Lspace_2                       (abs)        00000
__Lspace_3                       (abs)        00000
__Lstack                         stack        00000
__Lstrings                       strings      00000
__Ltext                          text         00000
__S0                             (abs)        08009
__S1                             (abs)        0007C
__S2                             (abs)        00000
__S3                             (abs)        00000
___int_sp                        stack        00000
___latbits                       (abs)        00000
___sp                            stack        00000
__end_of_BIO_config              text7        000EC
__end_of_OSCILLATOR_Initialize   text10       001B9
__end_of_PIN_MANAGER_Initialize  text9        00165
__end_of_SYSTEM_Initialize       text8        001C0
__end_of__initialization         cinit        00061
__end_of_isr                     intentry     00054
__end_of_lputs_ISR               text6        0014C
__end_of_main                    maintext     000A9
__end_of_mess_handler            text5        00123
__end_of_setup_TMR0              text4        001AD
__end_of_start_RCM               text3        001BD
__end_of_start_RX_USART_ISR      text2        00176
__end_of_start_TMR0_ISR          text14       00197
__end_of_start_TX_USART_ISR      text1        001A6
__end_of_stop_TMR0_ISR           text13       001C3
__end_ofi1_start_RX_USART_ISR    text12       00187
__initialization                 cinit        00055
__pbssBANK0                      bssBANK0     00020
__pbssCOMMON                     bssCOMMON    00070
__pcstackBANK0                   cstackBANK0  00044
__pcstackCOMMON                  cstackCOMMON 00076
__pintentry                      intentry     00004
__pmaintext                      maintext     00064
__ptext1                         text1        00197
__ptext10                        text10       001B3
__ptext12                        text12       00176
__ptext13                        text13       001C0
__ptext14                        text14       00187
__ptext2                         text2        00165
__ptext3                         text3        001B9
__ptext4                         text4        001A6
__ptext5                         text5        000EC
__ptext6                         text6        00123
__ptext7                         text7        000A9
__ptext8                         text8        001BD
__ptext9                         text9        0014C
__size_of_BIO_config             (abs)        00000
__size_of_OSCILLATOR_Initialize  (abs)        00000
__size_of_PIN_MANAGER_Initialize (abs)        00000
__size_of_SYSTEM_Initialize      (abs)        00000
__size_of_isr                    (abs)        00000
__size_of_lputs_ISR              (abs)        00000
__size_of_main                   (abs)        00000
__size_of_mess_handler           (abs)        00000
__size_of_setup_TMR0             (abs)        00000
__size_of_start_RCM              (abs)        00000
__size_of_start_RX_USART_ISR     (abs)        00000
__size_of_start_TMR0_ISR         (abs)        00000
__size_of_start_TX_USART_ISR     (abs)        00000
__size_of_stop_TMR0_ISR          (abs)        00000
__size_ofi1_start_RX_USART_ISR   (abs)        00000
_isr                             intentry     00004
_lputs_ISR                       text6        00123
_main                            maintext     00064
_mess_handler                    text5        000EC
_mess_rec                        bssBANK0     00041
_mess_rec_size                   bssBANK0     00040
_setup_TMR0                      text4        001A6
_start_RCM                       text3        001B9
_start_RX_USART_ISR              text2        00165
_start_TMR0_ISR                  text14       00187
_start_TX_USART_ISR              text1        00197
_stop_TMR0_ISR                   text13       001C0
btemp                            (abs)        0007E
clear_ram0                       clrtext      001AD
end_of_initialization            cinit        00061
i1_start_RX_USART_ISR            text12       00176
int$flags                        (abs)        0007E
intlevel0                        functab      00000
intlevel1                        functab      00000
intlevel2                        functab      00000
intlevel3                        functab      00000
intlevel4                        functab      00000
intlevel5                        functab      00000
lputs_ISR@data                   cstackBANK0  00047
lputs_ISR@i                      cstackBANK0  00048
lputs_ISR@length                 cstackBANK0  00044
ltemp                            (abs)        0007E
ltemp0                           (abs)        0007E
ltemp1                           (abs)        00082
ltemp2                           (abs)        00086
ltemp3                           (abs)        00080
main@i                           cstackBANK0  00050
mess_handler@asic                cstackBANK0  0004C
reset_vec                        reset_vec    00000
stackhi                          (abs)        0206F
stacklo                          (abs)        02031
start                            init         00054
start_TMR0_ISR@val               cstackCOMMON 00078
start_initialization             cinit        00055
ttemp                            (abs)        0007E
ttemp0                           (abs)        0007E
ttemp1                           (abs)        00081
ttemp2                           (abs)        00084
ttemp3                           (abs)        00087
ttemp4                           (abs)        0007F
wtemp                            (abs)        0007E
wtemp0                           (abs)        0007E
wtemp1                           (abs)        00080
wtemp2                           (abs)        00082
wtemp3                           (abs)        00084
wtemp4                           (abs)        00086
wtemp5                           (abs)        00088
wtemp6                           (abs)        0007F


FUNCTION INFORMATION:

 *************** function _main *****************
 Defined at:
		line 19 in file "main.c"
 Parameters:    Size  Location     Type
		None
 Auto vars:     Size  Location     Type
  myVin           6    0        struct .
  mybits          2    0        struct .
  i               1   12[BANK0 ] unsigned char 
 Return value:  Size  Location     Type
                  1    wreg      void 
 Registers used:
		wreg, fsr0l, fsr0h, fsr1l, fsr1h, status,2, status,0, pclath, cstack
 Tracked objects:
		On entry : 
		On exit  : 
		Unchanged: 
 Data sizes:     COMMON   BANK0   BANK1
      Params:         0       0       0
      Locals:         0       1       0
      Temps:          0       2       0
      Totals:         0       3       0
Total ram usage:        3 bytes
 Hardware stack levels required when called:    4
 This function calls:
		_SYSTEM_Initialize
		_mess_handler
		_setup_TMR0
		_start_RCM
		_start_RX_USART_ISR
		_start_TX_USART_ISR
 This function is called by:
		Startup code after reset
 This function uses a non-reentrant model


 *************** function _start_TX_USART_ISR *****************
 Defined at:
		line 100 in file "USART1823.c"
 Parameters:    Size  Location     Type
		None
 Auto vars:     Size  Location     Type
		None
 Return value:  Size  Location     Type
                  1    wreg      void 
 Registers used:
		wreg, status,2
 Tracked objects:
		On entry : 
		On exit  : 
		Unchanged: 
 Data sizes:     COMMON   BANK0   BANK1
      Params:         0       0       0
      Locals:         0       0       0
      Temps:          0       0       0
      Totals:         0       0       0
Total ram usage:        0 bytes
 Hardware stack levels used:    1
 Hardware stack levels required when called:    2
 This function calls:
		Nothing
 This function is called by:
		_main
 This function uses a non-reentrant model


 *************** function _start_RX_USART_ISR *****************
 Defined at:
		line 82 in file "USART1823.c"
 Parameters:    Size  Location     Type
		None
 Auto vars:     Size  Location     Type
		None
 Return value:  Size  Location     Type
                  1    wreg      void 
 Registers used:
		wreg, status,2
 Tracked objects:
		On entry : 
		On exit  : 
		Unchanged: 
 Data sizes:     COMMON   BANK0   BANK1
      Params:         0       0       0
      Locals:         0       0       0
      Temps:          0       0       0
      Totals:         0       0       0
Total ram usage:        0 bytes
 Hardware stack levels used:    1
 Hardware stack levels required when called:    2
 This function calls:
		Nothing
 This function is called by:
		_main
 This function uses a non-reentrant model


 *************** function _start_RCM *****************
 Defined at:
		line 4 in file "RCM1823.c"
 Parameters:    Size  Location     Type
		None
 Auto vars:     Size  Location     Type
		None
 Return value:  Size  Location     Type
                  1    wreg      void 
 Registers used:
		wreg
 Tracked objects:
		On entry : 
		On exit  : 
		Unchanged: 
 Data sizes:     COMMON   BANK0   BANK1
      Params:         0       0       0
      Locals:         0       0       0
      Temps:          0       0       0
      Totals:         0       0       0
Total ram usage:        0 bytes
 Hardware stack levels used:    1
 Hardware stack levels required when called:    2
 This function calls:
		Nothing
 This function is called by:
		_main
 This function uses a non-reentrant model


 *************** function _setup_TMR0 *****************
 Defined at:
		line 10 in file "TMR0.c"
 Parameters:    Size  Location     Type
		None
 Auto vars:     Size  Location     Type
		None
 Return value:  Size  Location     Type
                  1    wreg      void 
 Registers used:
		None
 Tracked objects:
		On entry : 
		On exit  : 
		Unchanged: 
 Data sizes:     COMMON   BANK0   BANK1
      Params:         0       0       0
      Locals:         0       0       0
      Temps:          0       0       0
      Totals:         0       0       0
Total ram usage:        0 bytes
 Hardware stack levels used:    1
 Hardware stack levels required when called:    2
 This function calls:
		Nothing
 This function is called by:
		_main
 This function uses a non-reentrant model


 *************** function _mess_handler *****************
 Defined at:
		line 8 in file "comm.c"
 Parameters:    Size  Location     Type
		None
 Auto vars:     Size  Location     Type
  asic            2    8[BANK0 ] struct .
 Return value:  Size  Location     Type
                  1    wreg      void 
 Registers used:
		wreg, fsr0l, fsr0h, fsr1l, fsr1h, status,2, status,0, pclath, cstack
 Tracked objects:
		On entry : 
		On exit  : 
		Unchanged: 
 Data sizes:     COMMON   BANK0   BANK1
      Params:         0       0       0
      Locals:         0       2       0
      Temps:          0       3       0
      Totals:         0       5       0
Total ram usage:        5 bytes
 Hardware stack levels used:    1
 Hardware stack levels required when called:    3
 This function calls:
		_BIO_config
		_lputs_ISR
 This function is called by:
		_main
 This function uses a non-reentrant model


 *************** function _lputs_ISR *****************
 Defined at:
		line 131 in file "USART1823.c"
 Parameters:    Size  Location     Type
  data            1    wreg     PTR unsigned char 
		 -> mess_rec(3), 
  length          1    0[BANK0 ] unsigned char 
 Auto vars:     Size  Location     Type
  data            1    3[BANK0 ] PTR unsigned char 
		 -> mess_rec(3), 
  i               1    4[BANK0 ] unsigned char 
 Return value:  Size  Location     Type
                  1    wreg      void 
 Registers used:
		wreg, fsr1l, fsr1h, status,2, status,0
 Tracked objects:
		On entry : 
		On exit  : 
		Unchanged: 
 Data sizes:     COMMON   BANK0   BANK1
      Params:         0       1       0
      Locals:         0       2       0
      Temps:          0       2       0
      Totals:         0       5       0
Total ram usage:        5 bytes
 Hardware stack levels used:    1
 Hardware stack levels required when called:    2
 This function calls:
		Nothing
 This function is called by:
		_mess_handler
 This function uses a non-reentrant model


 *************** function _BIO_config *****************
 Defined at:
		line 35 in file "bio3.c"
 Parameters:    Size  Location     Type
  conf            2    0[BANK0 ] struct .
 Auto vars:     Size  Location     Type
  out             1    4[BANK0 ] unsigned char 
  i               1    3[BANK0 ] unsigned char 
 Return value:  Size  Location     Type
                  1    wreg      void 
 Registers used:
		wreg, status,2, status,0
 Tracked objects:
		On entry : 
		On exit  : 
		Unchanged: 
 Data sizes:     COMMON   BANK0   BANK1
      Params:         0       2       0
      Locals:         0       2       0
      Temps:          0       1       0
      Totals:         0       5       0
Total ram usage:        5 bytes
 Hardware stack levels used:    1
 Hardware stack levels required when called:    2
 This function calls:
		Nothing
 This function is called by:
		_mess_handler
 This function uses a non-reentrant model


 *************** function _SYSTEM_Initialize *****************
 Defined at:
		line 70 in file "mcc_generated_files/mcc.c"
 Parameters:    Size  Location     Type
		None
 Auto vars:     Size  Location     Type
		None
 Return value:  Size  Location     Type
                  1    wreg      void 
 Registers used:
		wreg, status,2, status,0, pclath, cstack
 Tracked objects:
		On entry : 
		On exit  : 
		Unchanged: 
 Data sizes:     COMMON   BANK0   BANK1
      Params:         0       0       0
      Locals:         0       0       0
      Temps:          0       0       0
      Totals:         0       0       0
Total ram usage:        0 bytes
 Hardware stack levels used:    1
 Hardware stack levels required when called:    3
 This function calls:
		_OSCILLATOR_Initialize
		_PIN_MANAGER_Initialize
 This function is called by:
		_main
 This function uses a non-reentrant model


 *************** function _PIN_MANAGER_Initialize *****************
 Defined at:
		line 49 in file "mcc_generated_files/pin_manager.c"
 Parameters:    Size  Location     Type
		None
 Auto vars:     Size  Location     Type
		None
 Return value:  Size  Location     Type
                  1    wreg      void 
 Registers used:
		wreg, status,2
 Tracked objects:
		On entry : 
		On exit  : 
		Unchanged: 
 Data sizes:     COMMON   BANK0   BANK1
      Params:         0       0       0
      Locals:         0       0       0
      Temps:          0       0       0
      Totals:         0       0       0
Total ram usage:        0 bytes
 Hardware stack levels used:    1
 Hardware stack levels required when called:    2
 This function calls:
		Nothing
 This function is called by:
		_SYSTEM_Initialize
 This function uses a non-reentrant model


 *************** function _OSCILLATOR_Initialize *****************
 Defined at:
		line 78 in file "mcc_generated_files/mcc.c"
 Parameters:    Size  Location     Type
		None
 Auto vars:     Size  Location     Type
		None
 Return value:  Size  Location     Type
                  1    wreg      void 
 Registers used:
		wreg, status,2
 Tracked objects:
		On entry : 
		On exit  : 
		Unchanged: 
 Data sizes:     COMMON   BANK0   BANK1
      Params:         0       0       0
      Locals:         0       0       0
      Temps:          0       0       0
      Totals:         0       0       0
Total ram usage:        0 bytes
 Hardware stack levels used:    1
 Hardware stack levels required when called:    2
 This function calls:
		Nothing
 This function is called by:
		_SYSTEM_Initialize
 This function uses a non-reentrant model


 *************** function _isr *****************
 Defined at:
		line 74 in file "main.c"
 Parameters:    Size  Location     Type
		None
 Auto vars:     Size  Location     Type
		None
 Return value:  Size  Location     Type
                  1    wreg      void 
 Registers used:
		wreg, fsr1l, fsr1h, status,2, status,0, pclath, cstack
 Tracked objects:
		On entry : 
		On exit  : 
		Unchanged: 
 Data sizes:     COMMON   BANK0   BANK1
      Params:         0       0       0
      Locals:         0       0       0
      Temps:          3       0       0
      Totals:         3       0       0
Total ram usage:        3 bytes
 Hardware stack levels used:    1
 Hardware stack levels required when called:    1
 This function calls:
		_start_TMR0_ISR
		_stop_TMR0_ISR
		i1_start_RX_USART_ISR
 This function is called by:
		Interrupt level 1
 This function uses a non-reentrant model


 *************** function i1_start_RX_USART_ISR *****************
 Defined at:
		line 82 in file "USART1823.c"
 Parameters:    Size  Location     Type
		None
 Auto vars:     Size  Location     Type
		None
 Return value:  Size  Location     Type
                  1    wreg      void 
 Registers used:
		wreg, status,2
 Tracked objects:
		On entry : 
		On exit  : 
		Unchanged: 
 Data sizes:     COMMON   BANK0   BANK1
      Params:         0       0       0
      Locals:         0       0       0
      Temps:          0       0       0
      Totals:         0       0       0
Total ram usage:        0 bytes
 Hardware stack levels used:    1
 This function calls:
		Nothing
 This function is called by:
		_isr
 This function uses a non-reentrant model


 *************** function _stop_TMR0_ISR *****************
 Defined at:
		line 44 in file "TMR0.c"
 Parameters:    Size  Location     Type
		None
 Auto vars:     Size  Location     Type
		None
 Return value:  Size  Location     Type
                  1    wreg      void 
 Registers used:
		None
 Tracked objects:
		On entry : 
		On exit  : 
		Unchanged: 
 Data sizes:     COMMON   BANK0   BANK1
      Params:         0       0       0
      Locals:         0       0       0
      Temps:          0       0       0
      Totals:         0       0       0
Total ram usage:        0 bytes
 Hardware stack levels used:    1
 This function calls:
		Nothing
 This function is called by:
		_isr
 This function uses a non-reentrant model


 *************** function _start_TMR0_ISR *****************
 Defined at:
		line 30 in file "TMR0.c"
 Parameters:    Size  Location     Type
  val             1    wreg     unsigned char 
 Auto vars:     Size  Location     Type
  val             1    2[COMMON] unsigned char 
 Return value:  Size  Location     Type
                  1    wreg      void 
 Registers used:
		wreg, status,2
 Tracked objects:
		On entry : 
		On exit  : 
		Unchanged: 
 Data sizes:     COMMON   BANK0   BANK1
      Params:         0       0       0
      Locals:         1       0       0
      Temps:          2       0       0
      Totals:         3       0       0
Total ram usage:        3 bytes
 Hardware stack levels used:    1
 This function calls:
		Nothing
 This function is called by:
		_isr
 This function uses a non-reentrant model



MODULE INFORMATION

Module		Function		Class		Link	Load	Size
bio3.c
		_BIO_config    		CODE           	00A9	0000	68

bio3.c estimated size: 68

mcc_generated_files/pin_manager.c
		_PIN_MANAGER_Initialize		CODE           	014C	0000	26

mcc_generated_files/pin_manager.c estimated size: 26

USART1823.c
		_lputs_ISR     		CODE           	0123	0000	42
		_start_RX_USART_ISR		CODE           	0165	0000	18
		_start_TX_USART_ISR		CODE           	0197	0000	16

USART1823.c estimated size: 76

RCM1823.c
		_start_RCM     		CODE           	01B9	0000	5

RCM1823.c estimated size: 5

TMR0.c
		_setup_TMR0    		CODE           	01A6	0000	8
		_start_TMR0_ISR		CODE           	0187	0000	17
		_stop_TMR0_ISR 		CODE           	01C0	0000	4

TMR0.c estimated size: 29

shared
		i1_start_RX_USART_ISR		CODE           	0176	0000	18
		__initialization		CODE           	0055	0000	13

shared estimated size: 31

mcc_generated_files/mcc.c
		_OSCILLATOR_Initialize		CODE           	01B3	0000	7
		_SYSTEM_Initialize		CODE           	01BD	0000	4

mcc_generated_files/mcc.c estimated size: 11

main.c
		_main          		CODE           	0064	0000	70
		_isr           		CODE           	0004	0000	81

main.c estimated size: 151

comm.c
		_mess_handler  		CODE           	00EC	0000	56

comm.c estimated size: 56

