Microchip MPLAB XC8 Compiler V2.00 ()

Linker command line:

-W-3 --edf=/pkg/microchip/xc8/v2.00/pic/dat/en_msgs.txt -cs \
  -h+dist/default/production/driver_bio3.X.production.sym \
  --cmf=dist/default/production/driver_bio3.X.production.cmf -z -Q16LF1823 \
  -o/tmp/xcX7sE137 --defsym=__MPLAB_BUILD=1 \
  -Mdist/default/production/driver_bio3.X.production.map -E1 -ver=XC8 \
  --acfsm=1493 -ASTACK=02040h-0204fh -pstack=STACK -ACODE=00h-07FFh \
  -ASTRCODE=00h-07FFh -ASTRING=00h-0FFhx8 -ACONST=00h-0FFhx8 \
  -AENTRY=00h-0FFhx8 -ACOMMON=070h-07Fh -ABANK0=020h-06Fh -ABANK1=0A0h-0BFh \
  -ABIGRAM=02000h-0206Fh -ARAM=020h-06Fh,0A0h-0BFh \
  -AABS1=020h-07Fh,0A0h-0BFh -ASFR0=00h-01Fh -ASFR1=080h-09Fh \
  -ASFR2=0100h-016Fh -ASFR3=0180h-01EFh -ASFR4=0200h-026Fh \
  -ASFR5=0280h-02EFh -ASFR6=0300h-036Fh -ASFR7=0380h-03EFh \
  -ASFR8=0400h-046Fh -ASFR9=0480h-04EFh -ASFR10=0500h-056Fh \
  -ASFR11=0580h-05EFh -ASFR12=0600h-066Fh -ASFR13=0680h-06EFh \
  -ASFR14=0700h-076Fh -ASFR15=0780h-07EFh -ASFR16=0800h-086Fh \
  -ASFR17=0880h-08EFh -ASFR18=0900h-096Fh -ASFR19=0980h-09EFh \
  -ASFR20=0A00h-0A6Fh -ASFR21=0A80h-0AEFh -ASFR22=0B00h-0B6Fh \
  -ASFR23=0B80h-0BEFh -ASFR24=0C00h-0C6Fh -ASFR25=0C80h-0CEFh \
  -ASFR26=0D00h-0D6Fh -ASFR27=0D80h-0DEFh -ASFR28=0E00h-0E6Fh \
  -ASFR29=0E80h-0EEFh -ASFR30=0F00h-0F6Fh -ASFR31=0F80h-0FEFh \
  -preset_vec=00h,intentry=04h,init,end_init -ppowerup=CODE -pcinit=CODE \
  -pfunctab=ENTRY -ACONFIG=08007h-08008h -pconfig=CONFIG -DCONFIG=2 \
  -AIDLOC=08000h-08003h -pidloc=IDLOC -DIDLOC=2 -AEEDATA=00h-0FFh/0F000h \
  -peeprom_data=EEDATA -DEEDATA=2 -DCODE=2 -DSTRCODE=2 -DSTRING=2 -DCONST=2 \
  -DENTRY=2 -k /tmp/xcXJQVeJb.o \
  dist/default/production/driver_bio3.X.production.o 

Object code version is 3.11

Machine type is 16LF1823



                Name                               Link     Load   Length Selector   Space Scale
/tmp/xcXJQVeJb.o
                end_init                             52       52        1        8       0
                reset_vec                             0        0        1        0       0
                config                             8007     8007        2    1000E       0
dist/default/production/driver_bio3.X.production.o
                cinit                                53       53        C        8       0
                intentry                              4        4       4E        8       0
                text22                              36A      36A       10      4EC       0
                text21                              3C6      3C6        3      738       0
                text20                              359      359       11      4EC       0
                text18                              3B6      3B6        6      738       0
                text17                              32F      32F       19      4EC       0
                text16                              3C3      3C3        3      738       0
                text15                              3C0      3C0        3      738       0
                text14                              3B0      3B0        6      738       0
                text13                              3A3      3A3        7      738       0
                text12                              3BC      3BC        4      738       0
                text11                              348      348       11      4EC       0
                text10                              37A      37A        F      4EC       0
                text9                               316      316       19      4EC       0
                text8                               39C      39C        7      738       0
                text7                               2A0      2A0       2A      4EC       0
                text6                               2F3      2F3       23      4EC       0
                text5                               21B      21B       2F        8       0
                text4                               128      128       B5        8       0
                text3                               2CA      2CA       29      4EC       0
                text2                               1DD      1DD       3E        8       0
                text1                                5F       5F       C9        8       0
                maintext                            276      276       2A      4EC       0
                cstackBANK0                          49       49       17       20       1
                cstackCOMMON                         70       70        7       70       1
                cstackBANK1                          A0       A0       13       A0       1
                clrtext                             3AA      3AA        6      738       0
                bssBANK0                             20       20       29       20       1
                bssCOMMON                            77       77        3       70       1
                stringtext3                         394      394        8      712       0
                stringtext2                         389      389        B      712       0
                stringtext1                         24A      24A       2C      494       0

TOTAL           Name                               Link     Load   Length     Space
        CLASS   STACK          

        CLASS   CODE           
                end_init                             52       52        1         0
                cinit                                53       53        C         0
                intentry                              4        4       4E         0
                reset_vec                             0        0        1         0
                text22                              36A      36A       10         0
                text21                              3C6      3C6        3         0
                text20                              359      359       11         0
                text18                              3B6      3B6        6         0
                text17                              32F      32F       19         0
                text16                              3C3      3C3        3         0
                text15                              3C0      3C0        3         0
                text14                              3B0      3B0        6         0
                text13                              3A3      3A3        7         0
                text12                              3BC      3BC        4         0
                text11                              348      348       11         0
                text10                              37A      37A        F         0
                text9                               316      316       19         0
                text8                               39C      39C        7         0
                text7                               2A0      2A0       2A         0
                text6                               2F3      2F3       23         0
                text5                               21B      21B       2F         0
                text4                               128      128       B5         0
                text3                               2CA      2CA       29         0
                text2                               1DD      1DD       3E         0
                text1                                5F       5F       C9         0
                maintext                            276      276       2A         0
                clrtext                             3AA      3AA        6         0

        CLASS   STRCODE        
                stringtext3                         394      394        8         0
                stringtext2                         389      389        B         0
                stringtext1                         24A      24A       2C         0

        CLASS   STRING         

        CLASS   CONST          

        CLASS   ENTRY          

        CLASS   COMMON         
                cstackCOMMON                         70       70        7         1
                bssCOMMON                            77       77        3         1

        CLASS   BANK0          
                cstackBANK0                          49       49       17         1
                bssBANK0                             20       20       29         1

        CLASS   BANK1          
                cstackBANK1                          A0       A0       13         1

        CLASS   BIGRAM         

        CLASS   RAM            

        CLASS   ABS1           
                abs_s1                               7E       7E        2         1

        CLASS   SFR0           

        CLASS   SFR1           

        CLASS   SFR2           

        CLASS   SFR3           

        CLASS   SFR4           

        CLASS   SFR5           

        CLASS   SFR6           

        CLASS   SFR7           

        CLASS   SFR8           

        CLASS   SFR9           

        CLASS   SFR10          

        CLASS   SFR11          

        CLASS   SFR12          

        CLASS   SFR13          

        CLASS   SFR14          

        CLASS   SFR15          

        CLASS   SFR16          

        CLASS   SFR17          

        CLASS   SFR18          

        CLASS   SFR19          

        CLASS   SFR20          

        CLASS   SFR21          

        CLASS   SFR22          

        CLASS   SFR23          

        CLASS   SFR24          

        CLASS   SFR25          

        CLASS   SFR26          

        CLASS   SFR27          

        CLASS   SFR28          

        CLASS   SFR29          

        CLASS   SFR30          

        CLASS   SFR31          

        CLASS   CONFIG         
                config                             8007     8007        2         0

        CLASS   IDLOC          

        CLASS   EEDATA         

        CLASS   BANK31         

        CLASS   BANK30         

        CLASS   BANK29         

        CLASS   BANK28         

        CLASS   BANK27         

        CLASS   BANK26         

        CLASS   BANK25         

        CLASS   BANK24         

        CLASS   BANK23         

        CLASS   BANK22         

        CLASS   BANK21         

        CLASS   BANK20         

        CLASS   BANK19         

        CLASS   BANK18         

        CLASS   BANK17         

        CLASS   BANK16         

        CLASS   BANK15         

        CLASS   BANK14         

        CLASS   BANK13         

        CLASS   BANK12         

        CLASS   BANK11         

        CLASS   BANK10         

        CLASS   BANK9          

        CLASS   BANK8          

        CLASS   BANK7          

        CLASS   BANK6          

        CLASS   BANK5          

        CLASS   BANK4          

        CLASS   BANK3          

        CLASS   BANK2          



SEGMENTS        Name                           Load    Length   Top    Selector   Space  Class     Delta

                reset_vec                      000000  000001  000001         0       0  CODE        2
                intentry                       000004  000246  00024A         8       0  CODE        2
                bssBANK0                       000020  000040  000060        20       1  BANK0       1
                cstackCOMMON                   000070  00000A  00007A        70       1  COMMON      1
                cstackBANK1                    0000A0  000013  0000B3        A0       1  BANK1       1
                stringtext1                    00024A  00002C  000276       494       0  STRCODE     2
                maintext                       000276  000113  000389       4EC       0  CODE        2
                stringtext2                    000389  000013  00039C       712       0  STRCODE     2
                text8                          00039C  00002D  0003C9       738       0  CODE        2
                config                         008007  000002  008009     1000E       0  CONFIG      2


UNUSED ADDRESS RANGES

        Name                Unused          Largest block    Delta
        BANK0            00060-0006F              10           1
        BANK1            000B3-000BF               D           1
        BIGRAM           02000-0206F              70           1
        CODE             00001-00003               3           2
                         003C9-007FF             437
        COMMON           0007A-0007D               4           1
        CONST            00001-00003               3           2
                         003C9-007FF             100
        EEDATA           0F000-0F0FF             100           2
        ENTRY            00001-00003               3           2
                         003C9-007FF             100
        IDLOC            08000-08003               4           2
        RAM              00060-0006F              10           1
                         000B3-000BF               D
        SFR0             00000-0001F              20           1
        SFR1             00080-0009F              20           1
        SFR10            00500-0056F              70           1
        SFR11            00580-005EF              70           1
        SFR12            00600-0066F              70           1
        SFR13            00680-006EF              70           1
        SFR14            00700-0076F              70           1
        SFR15            00780-007EF              70           1
        SFR16            00800-0086F              70           1
        SFR17            00880-008EF              70           1
        SFR18            00900-0096F              70           1
        SFR19            00980-009EF              70           1
        SFR2             00100-0016F              70           1
        SFR20            00A00-00A6F              70           1
        SFR21            00A80-00AEF              70           1
        SFR22            00B00-00B6F              70           1
        SFR23            00B80-00BEF              70           1
        SFR24            00C00-00C6F              70           1
        SFR25            00C80-00CEF              70           1
        SFR26            00D00-00D6F              70           1
        SFR27            00D80-00DEF              70           1
        SFR28            00E00-00E6F              70           1
        SFR29            00E80-00EEF              70           1
        SFR3             00180-001EF              70           1
        SFR30            00F00-00F6F              70           1
        SFR31            00F80-00FEF              70           1
        SFR4             00200-0026F              70           1
        SFR5             00280-002EF              70           1
        SFR6             00300-0036F              70           1
        SFR7             00380-003EF              70           1
        SFR8             00400-0046F              70           1
        SFR9             00480-004EF              70           1
        STACK            02040-0204F              10           1
        STRCODE          00001-00003               3           2
                         003C9-007FF             437
        STRING           00001-00003               3           2
                         003C9-007FF             100

                                  Symbol Table

?_ADC_5                          cstackCOMMON 00074
ADC_5@ADC_value                  cstackBANK0  0004B
_ADCON0                          (abs)        0009D
_ADCON1                          (abs)        0009E
_ADC_5                           text6        002F3
_ADGO                            (abs)        004E9
_ADRESH                          (abs)        0009C
_ADRESL                          (abs)        0009B
_ANSELA                          (abs)        0018C
_ANSELC                          (abs)        0018E
_APFCON                          (abs)        0011D
_BRG16                           (abs)        00CFB
_BRGH                            (abs)        00CF2
_CLKRCON                         (abs)        0039A
_CREN                            (abs)        00CEC
_GIE                             (abs)        0005F
_LATA                            (abs)        0010C
_LATC                            (abs)        0010E
_OERR                            (abs)        00CE9
_OPTION_REGbits                  (abs)        00095
_OSCCON                          (abs)        00099
_OSCILLATOR_Initialize           text18       003B6
_OSCSTAT                         (abs)        0009A
_OSCTUNE                         (abs)        00098
_PEIE                            (abs)        0005E
_PIN_MANAGER_Initialize          text17       0032F
_PORTC                           (abs)        0000E
_PS0                             (abs)        004A8
_PS1                             (abs)        004A9
_PS2                             (abs)        004AA
_PSA                             (abs)        004AB
_RA5                             (abs)        00065
_RCIE                            (abs)        0048D
_RCIF                            (abs)        0008D
_RCREG                           (abs)        00199
_RXDTSEL                         (abs)        008EF
_SCKP                            (abs)        00CFC
_SPBRGH                          (abs)        0019C
_SPBRGL                          (abs)        0019B
_SPEN                            (abs)        00CEF
_SYNC                            (abs)        00CF4
_SYSTEM_Initialize               text16       003C3
_TIMER0_flag                     bssBANK0     0003E
_TIMER0_timeout                  bssBANK0     00039
_TMR0                            (abs)        00015
_TMR0CS                          (abs)        004AD
_TMR0IE                          (abs)        0005D
_TMR0IF                          (abs)        0005A
_TRISA                           (abs)        0008C
_TRISC                           (abs)        0008E
_TXCKSEL                         (abs)        008EA
_TXEN                            (abs)        00CF5
_TXIE                            (abs)        0048C
_TXIF                            (abs)        0008C
_TXREG                           (abs)        0019A
_USARTX_change_pol               text15       003C0
_USART_rx_data                   bssBANK0     0002F
_USART_rx_flag                   bssBANK0     0003B
_USART_rx_index                  bssBANK0     0003D
_USART_tx_data                   bssBANK0     00020
_USART_tx_flag                   bssCOMMON    00077
_USART_tx_index                  bssCOMMON    00079
_USART_tx_length                 bssCOMMON    00078
_WPUA                            (abs)        0020C
_WPUC                            (abs)        0020E
__CFG_BOREN$OFF                  (abs)        00000
__CFG_BORV$HI                    (abs)        00000
__CFG_CLKOUTEN$OFF               (abs)        00000
__CFG_CP$OFF                     (abs)        00000
__CFG_CPD$OFF                    (abs)        00000
__CFG_FCMEN$OFF                  (abs)        00000
__CFG_FOSC$INTOSC                (abs)        00000
__CFG_IESO$ON                    (abs)        00000
__CFG_LVP$OFF                    (abs)        00000
__CFG_MCLRE$ON                   (abs)        00000
__CFG_PLLEN$OFF                  (abs)        00000
__CFG_PWRTE$OFF                  (abs)        00000
__CFG_STVREN$ON                  (abs)        00000
__CFG_WDTE$ON                    (abs)        00000
__CFG_WRT$OFF                    (abs)        00000
__Habs1                          abs1         00000
__Hbank0                         bank0        00000
__Hbank1                         bank1        00000
__Hbank10                        bank10       00000
__Hbank11                        bank11       00000
__Hbank12                        bank12       00000
__Hbank13                        bank13       00000
__Hbank14                        bank14       00000
__Hbank15                        bank15       00000
__Hbank16                        bank16       00000
__Hbank17                        bank17       00000
__Hbank18                        bank18       00000
__Hbank19                        bank19       00000
__Hbank2                         bank2        00000
__Hbank20                        bank20       00000
__Hbank21                        bank21       00000
__Hbank22                        bank22       00000
__Hbank23                        bank23       00000
__Hbank24                        bank24       00000
__Hbank25                        bank25       00000
__Hbank26                        bank26       00000
__Hbank27                        bank27       00000
__Hbank28                        bank28       00000
__Hbank29                        bank29       00000
__Hbank3                         bank3        00000
__Hbank30                        bank30       00000
__Hbank31                        bank31       00000
__Hbank4                         bank4        00000
__Hbank5                         bank5        00000
__Hbank6                         bank6        00000
__Hbank7                         bank7        00000
__Hbank8                         bank8        00000
__Hbank9                         bank9        00000
__Hbigram                        bigram       00000
__HbssBANK0                      bssBANK0     00000
__HbssCOMMON                     bssCOMMON    00000
__Hcinit                         cinit        0005F
__Hclrtext                       clrtext      00000
__Hcode                          code         00000
__Hcommon                        common       00000
__Hconfig                        config       08009
__HcstackBANK0                   cstackBANK0  00000
__HcstackBANK1                   cstackBANK1  00000
__HcstackCOMMON                  cstackCOMMON 00000
__Heeprom_data                   eeprom_data  00000
__Hend_init                      end_init     00053
__Hfunctab                       functab      00000
__Hidloc                         idloc        00000
__Hinit                          init         00052
__Hintentry                      intentry     00052
__Hmaintext                      maintext     00000
__Hpowerup                       powerup      00000
__Hram                           ram          00000
__Hreset_vec                     reset_vec    00001
__Hsfr0                          sfr0         00000
__Hsfr1                          sfr1         00000
__Hsfr10                         sfr10        00000
__Hsfr11                         sfr11        00000
__Hsfr12                         sfr12        00000
__Hsfr13                         sfr13        00000
__Hsfr14                         sfr14        00000
__Hsfr15                         sfr15        00000
__Hsfr16                         sfr16        00000
__Hsfr17                         sfr17        00000
__Hsfr18                         sfr18        00000
__Hsfr19                         sfr19        00000
__Hsfr2                          sfr2         00000
__Hsfr20                         sfr20        00000
__Hsfr21                         sfr21        00000
__Hsfr22                         sfr22        00000
__Hsfr23                         sfr23        00000
__Hsfr24                         sfr24        00000
__Hsfr25                         sfr25        00000
__Hsfr26                         sfr26        00000
__Hsfr27                         sfr27        00000
__Hsfr28                         sfr28        00000
__Hsfr29                         sfr29        00000
__Hsfr3                          sfr3         00000
__Hsfr30                         sfr30        00000
__Hsfr31                         sfr31        00000
__Hsfr4                          sfr4         00000
__Hsfr5                          sfr5         00000
__Hsfr6                          sfr6         00000
__Hsfr7                          sfr7         00000
__Hsfr8                          sfr8         00000
__Hsfr9                          sfr9         00000
__Hspace_0                       (abs)        08009
__Hspace_1                       (abs)        000B3
__Hspace_2                       (abs)        00000
__Hspace_3                       (abs)        00000
__Hstack                         stack        00000
__Hstrings                       strings      00000
__Hstringtext1                   stringtext1  00000
__Hstringtext2                   stringtext2  00000
__Hstringtext3                   stringtext3  00000
__Htext                          text         00000
__Labs1                          abs1         00000
__Lbank0                         bank0        00000
__Lbank1                         bank1        00000
__Lbank10                        bank10       00000
__Lbank11                        bank11       00000
__Lbank12                        bank12       00000
__Lbank13                        bank13       00000
__Lbank14                        bank14       00000
__Lbank15                        bank15       00000
__Lbank16                        bank16       00000
__Lbank17                        bank17       00000
__Lbank18                        bank18       00000
__Lbank19                        bank19       00000
__Lbank2                         bank2        00000
__Lbank20                        bank20       00000
__Lbank21                        bank21       00000
__Lbank22                        bank22       00000
__Lbank23                        bank23       00000
__Lbank24                        bank24       00000
__Lbank25                        bank25       00000
__Lbank26                        bank26       00000
__Lbank27                        bank27       00000
__Lbank28                        bank28       00000
__Lbank29                        bank29       00000
__Lbank3                         bank3        00000
__Lbank30                        bank30       00000
__Lbank31                        bank31       00000
__Lbank4                         bank4        00000
__Lbank5                         bank5        00000
__Lbank6                         bank6        00000
__Lbank7                         bank7        00000
__Lbank8                         bank8        00000
__Lbank9                         bank9        00000
__Lbigram                        bigram       00000
__LbssBANK0                      bssBANK0     00000
__LbssCOMMON                     bssCOMMON    00000
__Lcinit                         cinit        00053
__Lclrtext                       clrtext      00000
__Lcode                          code         00000
__Lcommon                        common       00000
__Lconfig                        config       08007
__LcstackBANK0                   cstackBANK0  00000
__LcstackBANK1                   cstackBANK1  00000
__LcstackCOMMON                  cstackCOMMON 00000
__Leeprom_data                   eeprom_data  00000
__Lend_init                      end_init     00052
__Lfunctab                       functab      00000
__Lidloc                         idloc        00000
__Linit                          init         00052
__Lintentry                      intentry     00004
__Lmaintext                      maintext     00000
__Lpowerup                       powerup      00000
__Lram                           ram          00000
__Lreset_vec                     reset_vec    00000
__Lsfr0                          sfr0         00000
__Lsfr1                          sfr1         00000
__Lsfr10                         sfr10        00000
__Lsfr11                         sfr11        00000
__Lsfr12                         sfr12        00000
__Lsfr13                         sfr13        00000
__Lsfr14                         sfr14        00000
__Lsfr15                         sfr15        00000
__Lsfr16                         sfr16        00000
__Lsfr17                         sfr17        00000
__Lsfr18                         sfr18        00000
__Lsfr19                         sfr19        00000
__Lsfr2                          sfr2         00000
__Lsfr20                         sfr20        00000
__Lsfr21                         sfr21        00000
__Lsfr22                         sfr22        00000
__Lsfr23                         sfr23        00000
__Lsfr24                         sfr24        00000
__Lsfr25                         sfr25        00000
__Lsfr26                         sfr26        00000
__Lsfr27                         sfr27        00000
__Lsfr28                         sfr28        00000
__Lsfr29                         sfr29        00000
__Lsfr3                          sfr3         00000
__Lsfr30                         sfr30        00000
__Lsfr31                         sfr31        00000
__Lsfr4                          sfr4         00000
__Lsfr5                          sfr5         00000
__Lsfr6                          sfr6         00000
__Lsfr7                          sfr7         00000
__Lsfr8                          sfr8         00000
__Lsfr9                          sfr9         00000
__Lspace_0                       (abs)        00000
__Lspace_1                       (abs)        00000
__Lspace_2                       (abs)        00000
__Lspace_3                       (abs)        00000
__Lstack                         stack        00000
__Lstrings                       strings      00000
__Lstringtext1                   stringtext1  00000
__Lstringtext2                   stringtext2  00000
__Lstringtext3                   stringtext3  00000
__Ltext                          text         00000
__S0                             (abs)        08009
__S1                             (abs)        000B3
__S2                             (abs)        00000
__S3                             (abs)        00000
___int_sp                        stack        00000
___latbits                       (abs)        00000
___sp                            stack        00000
__end_of_ADC_5                   text6        00316
__end_of_OSCILLATOR_Initialize   text18       003BC
__end_of_PIN_MANAGER_Initialize  text17       00348
__end_of_SYSTEM_Initialize       text16       003C6
__end_of_USARTX_change_pol       text15       003C3
__end_of__initialization         cinit        0005C
__end_of_calculate_checksum      text9        0032F
__end_of_close_RX_USART          text8        003A3
__end_of_config                  text5        0024A
__end_of_filt                    stringtext1  00276
__end_of_freqs                   stringtext2  00394
__end_of_gains                   stringtext3  0039C
__end_of_isr                     intentry     00052
__end_of_lputs_ISR               text7        002CA
__end_of_main                    maintext     002A0
__end_of_measure                 text4        001DD
__end_of_setFreq                 text3        002F3
__end_of_setGain                 text2        0021B
__end_of_setup_ADC               text14       003B6
__end_of_setup_TMR0              text13       003AA
__end_of_start_RCM               text12       003C0
__end_of_start_RX_USART_ISR      text11       00359
__end_of_start_TMR0_ISR          text22       0037A
__end_of_start_TX_USART_ISR      text10       00389
__end_of_stop_TMR0_ISR           text21       003C9
__end_of_sweep                   text1        00128
__end_ofi1_start_RX_USART_ISR    text20       0036A
__initialization                 cinit        00053
__pbssBANK0                      bssBANK0     00020
__pbssCOMMON                     bssCOMMON    00077
__pcstackBANK0                   cstackBANK0  00049
__pcstackBANK1                   cstackBANK1  000A0
__pcstackCOMMON                  cstackCOMMON 00070
__pintentry                      intentry     00004
__pmaintext                      maintext     00276
__pstringtext1                   stringtext1  0024A
__pstringtext2                   stringtext2  00389
__pstringtext3                   stringtext3  00394
__ptext1                         text1        0005F
__ptext10                        text10       0037A
__ptext11                        text11       00348
__ptext12                        text12       003BC
__ptext13                        text13       003A3
__ptext14                        text14       003B0
__ptext15                        text15       003C0
__ptext16                        text16       003C3
__ptext17                        text17       0032F
__ptext18                        text18       003B6
__ptext2                         text2        001DD
__ptext20                        text20       00359
__ptext21                        text21       003C6
__ptext22                        text22       0036A
__ptext3                         text3        002CA
__ptext4                         text4        00128
__ptext5                         text5        0021B
__ptext6                         text6        002F3
__ptext7                         text7        002A0
__ptext8                         text8        0039C
__ptext9                         text9        00316
__size_of_ADC_5                  (abs)        00000
__size_of_OSCILLATOR_Initialize  (abs)        00000
__size_of_PIN_MANAGER_Initialize (abs)        00000
__size_of_SYSTEM_Initialize      (abs)        00000
__size_of_USARTX_change_pol      (abs)        00000
__size_of_calculate_checksum     (abs)        00000
__size_of_close_RX_USART         (abs)        00000
__size_of_config                 (abs)        00000
__size_of_isr                    (abs)        00000
__size_of_lputs_ISR              (abs)        00000
__size_of_main                   (abs)        00000
__size_of_measure                (abs)        00000
__size_of_setFreq                (abs)        00000
__size_of_setGain                (abs)        00000
__size_of_setup_ADC              (abs)        00000
__size_of_setup_TMR0             (abs)        00000
__size_of_start_RCM              (abs)        00000
__size_of_start_RX_USART_ISR     (abs)        00000
__size_of_start_TMR0_ISR         (abs)        00000
__size_of_start_TX_USART_ISR     (abs)        00000
__size_of_stop_TMR0_ISR          (abs)        00000
__size_of_sweep                  (abs)        00000
__size_ofi1_start_RX_USART_ISR   (abs)        00000
_calculate_checksum              text9        00316
_close_RX_USART                  text8        0039C
_config                          text5        0021B
_freqs                           stringtext2  00389
_gains                           stringtext3  00394
_isr                             intentry     00004
_lputs_ISR                       text7        002A0
_main                            maintext     00276
_measure                         text4        00128
_mess_rec                        bssBANK0     0003F
_mess_rec_size                   bssBANK0     0003C
_setFreq                         text3        002CA
_setGain                         text2        001DD
_setup_ADC                       text14       003B0
_setup_TMR0                      text13       003A3
_start_RCM                       text12       003BC
_start_RX_USART_ISR              text11       00348
_start_TMR0_ISR                  text22       0036A
_start_TX_USART_ISR              text10       0037A
_stop_TMR0_ISR                   text21       003C6
_sweep                           text1        0005F
btemp                            (abs)        0007E
calculate_checksum@check         cstackBANK0  00049
calculate_checksum@data          cstackBANK0  0004A
calculate_checksum@i             cstackBANK0  0004B
calculate_checksum@num           cstackCOMMON 00074
clear_ram0                       clrtext      003AA
config@conf                      cstackCOMMON 00074
config@i                         cstackBANK0  00049
config@out                       cstackBANK0  0004A
end_of_initialization            cinit        0005C
i1_start_RX_USART_ISR            text20       00359
int$flags                        (abs)        0007E
intlevel0                        functab      00000
intlevel1                        functab      00000
intlevel2                        functab      00000
intlevel3                        functab      00000
intlevel4                        functab      00000
intlevel5                        functab      00000
lputs_ISR@data                   cstackBANK0  0004A
lputs_ISR@i                      cstackBANK0  00049
lputs_ISR@length                 cstackCOMMON 00074
measure@I                        cstackBANK0  00056
measure@Q                        cstackBANK0  0004D
measure@asic                     cstackBANK0  0004E
measure@aux1                     cstackBANK0  0005B
measure@aux2                     cstackBANK0  00059
measure@offset                   cstackBANK0  00054
measure@value                    cstackBANK0  00057
reset_vec                        reset_vec    00000
setFreq@asic                     cstackBANK0  00049
setFreq@aux                      cstackBANK0  0004A
setFreq@freq_index               cstackCOMMON 00074
setGain@asic                     cstackBANK0  0004A
setGain@aux                      cstackBANK0  00049
setGain@gain_index               cstackCOMMON 00074
stackhi                          (abs)        0204F
stacklo                          (abs)        02040
start                            init         00052
start_TMR0_ISR@val               cstackCOMMON 00072
start_initialization             cinit        00053
sweep@I                          cstackBANK1  000AB
sweep@Q                          cstackBANK1  000AD
sweep@asic                       cstackBANK1  000B1
sweep@aux                        cstackBANK1  000A1
sweep@check                      cstackBANK1  000A0
sweep@count                      cstackBANK1  000AA
sweep@freq_index                 cstackBANK1  000A8
sweep@gain_index                 cstackBANK1  000AF
sweep@i                          cstackBANK1  000A9
sweep@ret                        cstackBANK1  000B0
wtemp0                           (abs)        0007E


FUNCTION INFORMATION:

 *************** function _main *****************
 Defined at:
		line 30 in file "main.c"
 Parameters:    Size  Location     Type
		None
 Auto vars:     Size  Location     Type
  i               1    0        unsigned char 
 Return value:  Size  Location     Type
                  1    wreg      void 
 Registers used:
		wreg, fsr0l, fsr0h, fsr1l, fsr1h, status,2, status,0, pclath, cstack
 Tracked objects:
		On entry : 
		On exit  : 
		Unchanged: 
 Data sizes:     COMMON   BANK0   BANK1
      Params:         0       0       0
      Locals:         0       0       0
      Temps:          0       1       0
      Totals:         0       1       0
Total ram usage:        1 bytes
 Hardware stack levels required when called:    5
 This function calls:
		_SYSTEM_Initialize
		_USARTX_change_pol
		_setup_ADC
		_setup_TMR0
		_start_RCM
		_start_RX_USART_ISR
		_start_TX_USART_ISR
		_sweep
 This function is called by:
		Startup code after reset
 This function uses a non-reentrant model


 *************** function _sweep *****************
 Defined at:
		line 444 in file "comm.c"
 Parameters:    Size  Location     Type
		None
 Auto vars:     Size  Location     Type
  aux             7    1[BANK1 ] unsigned char [7]
  asic            2   17[BANK1 ] struct .
  Q               2   13[BANK1 ] short 
  I               2   11[BANK1 ] short 
  ret             1   16[BANK1 ] unsigned char 
  gain_index      1   15[BANK1 ] unsigned char 
  count           1   10[BANK1 ] unsigned char 
  i               1    9[BANK1 ] unsigned char 
  freq_index      1    8[BANK1 ] unsigned char 
  check           1    0[BANK1 ] unsigned char 
 Return value:  Size  Location     Type
                  1    wreg      void 
 Registers used:
		wreg, fsr0l, fsr0h, fsr1l, fsr1h, status,2, status,0, pclath, cstack
 Tracked objects:
		On entry : 
		On exit  : 
		Unchanged: 
 Data sizes:     COMMON   BANK0   BANK1
      Params:         0       0       0
      Locals:         0       0      19
      Temps:          0       2       0
      Totals:         0       2      19
Total ram usage:       21 bytes
 Hardware stack levels used:    1
 Hardware stack levels required when called:    4
 This function calls:
		_calculate_checksum
		_lputs_ISR
		_measure
		_setFreq
		_setGain
 This function is called by:
		_main
		_mess_handler
 This function uses a non-reentrant model


 *************** function _setGain *****************
 Defined at:
		line 161 in file "bio3.c"
 Parameters:    Size  Location     Type
  asic            1    wreg     PTR struct .
		 -> sweep@asic(2), 
  gain_index      1    4[COMMON] unsigned char 
 Auto vars:     Size  Location     Type
  asic            1    1[BANK0 ] PTR struct .
		 -> sweep@asic(2), 
  aux             1    0[BANK0 ] struct .
 Return value:  Size  Location     Type
                  1    wreg      void 
 Registers used:
		wreg, fsr0l, fsr0h, fsr1l, fsr1h, pclath
 Tracked objects:
		On entry : 
		On exit  : 
		Unchanged: 
 Data sizes:     COMMON   BANK0   BANK1
      Params:         1       0       0
      Locals:         0       2       0
      Temps:          1       0       0
      Totals:         2       2       0
Total ram usage:        4 bytes
 Hardware stack levels used:    1
 Hardware stack levels required when called:    2
 This function calls:
		Nothing
 This function is called by:
		_sweep
 This function uses a non-reentrant model


 *************** function _setFreq *****************
 Defined at:
		line 175 in file "bio3.c"
 Parameters:    Size  Location     Type
  asic            1    wreg     PTR struct .
		 -> sweep@asic(2), 
  freq_index      1    4[COMMON] unsigned char 
 Auto vars:     Size  Location     Type
  asic            1    0[BANK0 ] PTR struct .
		 -> sweep@asic(2), 
  aux             1    1[BANK0 ] struct .
 Return value:  Size  Location     Type
                  1    wreg      void 
 Registers used:
		wreg, fsr0l, fsr0h, fsr1l, fsr1h, pclath
 Tracked objects:
		On entry : 
		On exit  : 
		Unchanged: 
 Data sizes:     COMMON   BANK0   BANK1
      Params:         1       0       0
      Locals:         0       2       0
      Temps:          1       0       0
      Totals:         2       2       0
Total ram usage:        4 bytes
 Hardware stack levels used:    1
 Hardware stack levels required when called:    2
 This function calls:
		Nothing
 This function is called by:
		_sweep
 This function uses a non-reentrant model


 *************** function _measure *****************
 Defined at:
		line 561 in file "comm.c"
 Parameters:    Size  Location     Type
  I               1    wreg     PTR short 
		 -> sweep@I(2), 
  Q               1    4[BANK0 ] PTR short 
		 -> sweep@Q(2), 
  asic            2    5[BANK0 ] struct .
 Auto vars:     Size  Location     Type
  I               1   13[BANK0 ] PTR short 
		 -> sweep@I(2), 
  aux1            2   18[BANK0 ] short 
  aux2            2   16[BANK0 ] short 
  value           2   14[BANK0 ] unsigned short 
  offset          2   11[BANK0 ] unsigned short 
 Return value:  Size  Location     Type
                  1    wreg      unsigned char 
 Registers used:
		wreg, fsr1l, fsr1h, status,2, status,0, pclath, cstack
 Tracked objects:
		On entry : 
		On exit  : 
		Unchanged: 
 Data sizes:     COMMON   BANK0   BANK1
      Params:         0       3       0
      Locals:         0       9       0
      Temps:          0       4       0
      Totals:         0      16       0
Total ram usage:       16 bytes
 Hardware stack levels used:    1
 Hardware stack levels required when called:    3
 This function calls:
		_ADC_5
		_config
 This function is called by:
		_sweep
 This function uses a non-reentrant model


 *************** function _config *****************
 Defined at:
		line 131 in file "bio3.c"
 Parameters:    Size  Location     Type
  conf            2    4[COMMON] struct .
 Auto vars:     Size  Location     Type
  out             1    1[BANK0 ] unsigned char 
  i               1    0[BANK0 ] unsigned char 
 Return value:  Size  Location     Type
                  1    wreg      void 
 Registers used:
		wreg, status,2, status,0
 Tracked objects:
		On entry : 
		On exit  : 
		Unchanged: 
 Data sizes:     COMMON   BANK0   BANK1
      Params:         2       0       0
      Locals:         0       2       0
      Temps:          1       0       0
      Totals:         3       2       0
Total ram usage:        5 bytes
 Hardware stack levels used:    1
 Hardware stack levels required when called:    2
 This function calls:
		Nothing
 This function is called by:
		_measure
		_config_ASIC
		_measure_Impedance
		_measure_Impedance_no_offset
		_measure_Offset
		_measure_Impedance_SE
 This function uses a non-reentrant model


 *************** function _ADC_5 *****************
 Defined at:
		line 48 in file "ADC1823.c"
 Parameters:    Size  Location     Type
		None
 Auto vars:     Size  Location     Type
  ADC_value       2    2[BANK0 ] unsigned short 
 Return value:  Size  Location     Type
                  2    4[COMMON] unsigned short 
 Registers used:
		wreg
 Tracked objects:
		On entry : 
		On exit  : 
		Unchanged: 
 Data sizes:     COMMON   BANK0   BANK1
      Params:         2       0       0
      Locals:         0       2       0
      Temps:          0       2       0
      Totals:         2       4       0
Total ram usage:        6 bytes
 Hardware stack levels used:    1
 Hardware stack levels required when called:    2
 This function calls:
		Nothing
 This function is called by:
		_measure
		_read_ADC_channels
		_measure_Impedance_SE
 This function uses a non-reentrant model


 *************** function _lputs_ISR *****************
 Defined at:
		line 132 in file "USART1823.c"
 Parameters:    Size  Location     Type
  data            1    wreg     PTR unsigned char 
		 -> sweep@aux(7), calibrate_reader@aux(8), measure_Impedance_SE@aux(8), measure_Offset@aux(5), 
		 -> measure_Impedance_no_offset@aux(13), measure_Impedance@aux(13), read_ADC_channels@aux(7), mess_rec(10), 
  length          1    4[COMMON] unsigned char 
 Auto vars:     Size  Location     Type
  data            1    1[BANK0 ] PTR unsigned char 
		 -> sweep@aux(7), calibrate_reader@aux(8), measure_Impedance_SE@aux(8), measure_Offset@aux(5), 
		 -> measure_Impedance_no_offset@aux(13), measure_Impedance@aux(13), read_ADC_channels@aux(7), mess_rec(10), 
  i               1    0[BANK0 ] unsigned char 
 Return value:  Size  Location     Type
                  1    wreg      void 
 Registers used:
		wreg, fsr1l, fsr1h, status,2, status,0, pclath, cstack
 Tracked objects:
		On entry : 
		On exit  : 
		Unchanged: 
 Data sizes:     COMMON   BANK0   BANK1
      Params:         1       0       0
      Locals:         0       2       0
      Temps:          2       0       0
      Totals:         3       2       0
Total ram usage:        5 bytes
 Hardware stack levels used:    1
 Hardware stack levels required when called:    3
 This function calls:
		_close_RX_USART
 This function is called by:
		_sweep
		_mess_handler
		_config_ASIC
		_read_ADC_channels
		_measure_Impedance
		_measure_Impedance_no_offset
		_measure_Offset
		_measure_Impedance_SE
		_calibrate_reader
 This function uses a non-reentrant model


 *************** function _close_RX_USART *****************
 Defined at:
		line 35 in file "USART1823.c"
 Parameters:    Size  Location     Type
		None
 Auto vars:     Size  Location     Type
		None
 Return value:  Size  Location     Type
                  1    wreg      void 
 Registers used:
		status,2
 Tracked objects:
		On entry : 
		On exit  : 
		Unchanged: 
 Data sizes:     COMMON   BANK0   BANK1
      Params:         0       0       0
      Locals:         0       0       0
      Temps:          0       0       0
      Totals:         0       0       0
Total ram usage:        0 bytes
 Hardware stack levels used:    1
 Hardware stack levels required when called:    2
 This function calls:
		Nothing
 This function is called by:
		_lputs_ISR
 This function uses a non-reentrant model


 *************** function _calculate_checksum *****************
 Defined at:
		line 407 in file "comm.c"
 Parameters:    Size  Location     Type
  data            1    wreg     PTR unsigned char 
		 -> sweep@aux(7), measure_Impedance_SE@aux(8), mess_rec(10), 
  num             1    4[COMMON] unsigned char 
 Auto vars:     Size  Location     Type
  data            1    1[BANK0 ] PTR unsigned char 
		 -> sweep@aux(7), measure_Impedance_SE@aux(8), mess_rec(10), 
  i               1    2[BANK0 ] unsigned char 
  check           1    0[BANK0 ] unsigned char 
 Return value:  Size  Location     Type
                  1    wreg      unsigned char 
 Registers used:
		wreg, fsr1l, fsr1h, status,2, status,0
 Tracked objects:
		On entry : 
		On exit  : 
		Unchanged: 
 Data sizes:     COMMON   BANK0   BANK1
      Params:         1       0       0
      Locals:         0       3       0
      Temps:          2       0       0
      Totals:         3       3       0
Total ram usage:        6 bytes
 Hardware stack levels used:    1
 Hardware stack levels required when called:    2
 This function calls:
		Nothing
 This function is called by:
		_sweep
		_measure_Impedance_SE
 This function uses a non-reentrant model


 *************** function _start_TX_USART_ISR *****************
 Defined at:
		line 101 in file "USART1823.c"
 Parameters:    Size  Location     Type
		None
 Auto vars:     Size  Location     Type
		None
 Return value:  Size  Location     Type
                  1    wreg      void 
 Registers used:
		wreg, status,2
 Tracked objects:
		On entry : 
		On exit  : 
		Unchanged: 
 Data sizes:     COMMON   BANK0   BANK1
      Params:         0       0       0
      Locals:         0       0       0
      Temps:          0       0       0
      Totals:         0       0       0
Total ram usage:        0 bytes
 Hardware stack levels used:    1
 Hardware stack levels required when called:    2
 This function calls:
		Nothing
 This function is called by:
		_main
 This function uses a non-reentrant model


 *************** function _start_RX_USART_ISR *****************
 Defined at:
		line 83 in file "USART1823.c"
 Parameters:    Size  Location     Type
		None
 Auto vars:     Size  Location     Type
		None
 Return value:  Size  Location     Type
                  1    wreg      void 
 Registers used:
		wreg, status,2
 Tracked objects:
		On entry : 
		On exit  : 
		Unchanged: 
 Data sizes:     COMMON   BANK0   BANK1
      Params:         0       0       0
      Locals:         0       0       0
      Temps:          0       0       0
      Totals:         0       0       0
Total ram usage:        0 bytes
 Hardware stack levels used:    1
 Hardware stack levels required when called:    2
 This function calls:
		Nothing
 This function is called by:
		_main
 This function uses a non-reentrant model


 *************** function _start_RCM *****************
 Defined at:
		line 4 in file "RCM1823.c"
 Parameters:    Size  Location     Type
		None
 Auto vars:     Size  Location     Type
		None
 Return value:  Size  Location     Type
                  1    wreg      void 
 Registers used:
		wreg
 Tracked objects:
		On entry : 
		On exit  : 
		Unchanged: 
 Data sizes:     COMMON   BANK0   BANK1
      Params:         0       0       0
      Locals:         0       0       0
      Temps:          0       0       0
      Totals:         0       0       0
Total ram usage:        0 bytes
 Hardware stack levels used:    1
 Hardware stack levels required when called:    2
 This function calls:
		Nothing
 This function is called by:
		_main
 This function uses a non-reentrant model


 *************** function _setup_TMR0 *****************
 Defined at:
		line 10 in file "TMR0.c"
 Parameters:    Size  Location     Type
		None
 Auto vars:     Size  Location     Type
		None
 Return value:  Size  Location     Type
                  1    wreg      void 
 Registers used:
		None
 Tracked objects:
		On entry : 
		On exit  : 
		Unchanged: 
 Data sizes:     COMMON   BANK0   BANK1
      Params:         0       0       0
      Locals:         0       0       0
      Temps:          0       0       0
      Totals:         0       0       0
Total ram usage:        0 bytes
 Hardware stack levels used:    1
 Hardware stack levels required when called:    2
 This function calls:
		Nothing
 This function is called by:
		_main
 This function uses a non-reentrant model


 *************** function _setup_ADC *****************
 Defined at:
		line 3 in file "ADC1823.c"
 Parameters:    Size  Location     Type
		None
 Auto vars:     Size  Location     Type
		None
 Return value:  Size  Location     Type
                  1    wreg      void 
 Registers used:
		wreg
 Tracked objects:
		On entry : 
		On exit  : 
		Unchanged: 
 Data sizes:     COMMON   BANK0   BANK1
      Params:         0       0       0
      Locals:         0       0       0
      Temps:          0       0       0
      Totals:         0       0       0
Total ram usage:        0 bytes
 Hardware stack levels used:    1
 Hardware stack levels required when called:    2
 This function calls:
		Nothing
 This function is called by:
		_main
 This function uses a non-reentrant model


 *************** function _USARTX_change_pol *****************
 Defined at:
		line 90 in file "mcc_generated_files/mcc.c"
 Parameters:    Size  Location     Type
		None
 Auto vars:     Size  Location     Type
		None
 Return value:  Size  Location     Type
                  1    wreg      void 
 Registers used:
		None
 Tracked objects:
		On entry : 
		On exit  : 
		Unchanged: 
 Data sizes:     COMMON   BANK0   BANK1
      Params:         0       0       0
      Locals:         0       0       0
      Temps:          0       0       0
      Totals:         0       0       0
Total ram usage:        0 bytes
 Hardware stack levels used:    1
 Hardware stack levels required when called:    2
 This function calls:
		Nothing
 This function is called by:
		_main
 This function uses a non-reentrant model


 *************** function _SYSTEM_Initialize *****************
 Defined at:
		line 70 in file "mcc_generated_files/mcc.c"
 Parameters:    Size  Location     Type
		None
 Auto vars:     Size  Location     Type
		None
 Return value:  Size  Location     Type
                  1    wreg      void 
 Registers used:
		wreg, status,2, status,0, pclath, cstack
 Tracked objects:
		On entry : 
		On exit  : 
		Unchanged: 
 Data sizes:     COMMON   BANK0   BANK1
      Params:         0       0       0
      Locals:         0       0       0
      Temps:          0       0       0
      Totals:         0       0       0
Total ram usage:        0 bytes
 Hardware stack levels used:    1
 Hardware stack levels required when called:    3
 This function calls:
		_OSCILLATOR_Initialize
		_PIN_MANAGER_Initialize
 This function is called by:
		_main
 This function uses a non-reentrant model


 *************** function _PIN_MANAGER_Initialize *****************
 Defined at:
		line 49 in file "mcc_generated_files/pin_manager.c"
 Parameters:    Size  Location     Type
		None
 Auto vars:     Size  Location     Type
		None
 Return value:  Size  Location     Type
                  1    wreg      void 
 Registers used:
		wreg, status,2
 Tracked objects:
		On entry : 
		On exit  : 
		Unchanged: 
 Data sizes:     COMMON   BANK0   BANK1
      Params:         0       0       0
      Locals:         0       0       0
      Temps:          0       0       0
      Totals:         0       0       0
Total ram usage:        0 bytes
 Hardware stack levels used:    1
 Hardware stack levels required when called:    2
 This function calls:
		Nothing
 This function is called by:
		_SYSTEM_Initialize
 This function uses a non-reentrant model


 *************** function _OSCILLATOR_Initialize *****************
 Defined at:
		line 78 in file "mcc_generated_files/mcc.c"
 Parameters:    Size  Location     Type
		None
 Auto vars:     Size  Location     Type
		None
 Return value:  Size  Location     Type
                  1    wreg      void 
 Registers used:
		wreg, status,2
 Tracked objects:
		On entry : 
		On exit  : 
		Unchanged: 
 Data sizes:     COMMON   BANK0   BANK1
      Params:         0       0       0
      Locals:         0       0       0
      Temps:          0       0       0
      Totals:         0       0       0
Total ram usage:        0 bytes
 Hardware stack levels used:    1
 Hardware stack levels required when called:    2
 This function calls:
		Nothing
 This function is called by:
		_SYSTEM_Initialize
 This function uses a non-reentrant model


 *************** function _isr *****************
 Defined at:
		line 152 in file "main.c"
 Parameters:    Size  Location     Type
		None
 Auto vars:     Size  Location     Type
		None
 Return value:  Size  Location     Type
                  1    wreg      void 
 Registers used:
		wreg, fsr1l, fsr1h, status,2, status,0, pclath, cstack
 Tracked objects:
		On entry : 
		On exit  : 
		Unchanged: 
 Data sizes:     COMMON   BANK0   BANK1
      Params:         0       0       0
      Locals:         0       0       0
      Temps:          1       0       0
      Totals:         1       0       0
Total ram usage:        1 bytes
 Hardware stack levels used:    1
 Hardware stack levels required when called:    1
 This function calls:
		_start_TMR0_ISR
		_stop_TMR0_ISR
		i1_start_RX_USART_ISR
 This function is called by:
		Interrupt level 1
 This function uses a non-reentrant model


 *************** function i1_start_RX_USART_ISR *****************
 Defined at:
		line 83 in file "USART1823.c"
 Parameters:    Size  Location     Type
		None
 Auto vars:     Size  Location     Type
		None
 Return value:  Size  Location     Type
                  1    wreg      void 
 Registers used:
		wreg, status,2
 Tracked objects:
		On entry : 
		On exit  : 
		Unchanged: 
 Data sizes:     COMMON   BANK0   BANK1
      Params:         0       0       0
      Locals:         0       0       0
      Temps:          0       0       0
      Totals:         0       0       0
Total ram usage:        0 bytes
 Hardware stack levels used:    1
 This function calls:
		Nothing
 This function is called by:
		_isr
 This function uses a non-reentrant model


 *************** function _stop_TMR0_ISR *****************
 Defined at:
		line 44 in file "TMR0.c"
 Parameters:    Size  Location     Type
		None
 Auto vars:     Size  Location     Type
		None
 Return value:  Size  Location     Type
                  1    wreg      void 
 Registers used:
		None
 Tracked objects:
		On entry : 
		On exit  : 
		Unchanged: 
 Data sizes:     COMMON   BANK0   BANK1
      Params:         0       0       0
      Locals:         0       0       0
      Temps:          0       0       0
      Totals:         0       0       0
Total ram usage:        0 bytes
 Hardware stack levels used:    1
 This function calls:
		Nothing
 This function is called by:
		_isr
 This function uses a non-reentrant model


 *************** function _start_TMR0_ISR *****************
 Defined at:
		line 30 in file "TMR0.c"
 Parameters:    Size  Location     Type
  val             1    wreg     unsigned char 
 Auto vars:     Size  Location     Type
  val             1    2[COMMON] unsigned char 
 Return value:  Size  Location     Type
                  1    wreg      void 
 Registers used:
		wreg, status,2
 Tracked objects:
		On entry : 
		On exit  : 
		Unchanged: 
 Data sizes:     COMMON   BANK0   BANK1
      Params:         0       0       0
      Locals:         1       0       0
      Temps:          2       0       0
      Totals:         3       0       0
Total ram usage:        3 bytes
 Hardware stack levels used:    1
 This function calls:
		Nothing
 This function is called by:
		_isr
 This function uses a non-reentrant model



MODULE INFORMATION

Module		Function		Class		Link	Load	Size
bio3.c
		_setGain       		CODE           	01DD	0000	63
		_config        		CODE           	021B	0000	48
		_setFreq       		CODE           	02CA	0000	42

bio3.c estimated size: 153

ADC1823.c
		_setup_ADC     		CODE           	03B0	0000	7
		_ADC_5         		CODE           	02F3	0000	36

ADC1823.c estimated size: 43

mcc_generated_files/pin_manager.c
		_PIN_MANAGER_Initialize		CODE           	032F	0000	26

mcc_generated_files/pin_manager.c estimated size: 26

USART1823.c
		_lputs_ISR     		CODE           	02A0	0000	43
		_start_RX_USART_ISR		CODE           	0348	0000	18
		_start_TX_USART_ISR		CODE           	037A	0000	16
		_close_RX_USART		CODE           	039C	0000	8

USART1823.c estimated size: 85

RCM1823.c
		_start_RCM     		CODE           	03BC	0000	5

RCM1823.c estimated size: 5

TMR0.c
		_setup_TMR0    		CODE           	03A3	0000	8
		_start_TMR0_ISR		CODE           	036A	0000	17
		_stop_TMR0_ISR 		CODE           	03C6	0000	4

TMR0.c estimated size: 29

shared
		_gains         		STRCODE        	0394	0000	9
		_filt          		STRCODE        	0000	0000	0
		i1_start_RX_USART_ISR		CODE           	0359	0000	18
		_freqs         		STRCODE        	0389	0000	12
		__initialization		CODE           	0053	0000	10

shared estimated size: 49

mcc_generated_files/mcc.c
		_USARTX_change_pol		CODE           	03C0	0000	4
		_OSCILLATOR_Initialize		CODE           	03B6	0000	7
		_SYSTEM_Initialize		CODE           	03C3	0000	4

mcc_generated_files/mcc.c estimated size: 15

main.c
		_main          		CODE           	0276	0000	43
		_isr           		CODE           	0004	0000	79

main.c estimated size: 122

comm.c
		_sweep         		CODE           	005F	0000	202
		_calculate_checksum		CODE           	0316	0000	26
		_measure       		CODE           	0128	0000	182

comm.c estimated size: 410

