Microchip MPLAB XC8 Compiler V2.00 ()

Linker command line:

-W-3 --edf=/pkg/microchip/xc8/v2.00/pic/dat/en_msgs.txt -cs \
  -h+dist/default/production/esp_16f1823.X.production.sym \
  --cmf=dist/default/production/esp_16f1823.X.production.cmf -z -Q16F1823 \
  -o/tmp/xcXkc7320 --defsym=__MPLAB_BUILD=1 \
  -Mdist/default/production/esp_16f1823.X.production.map -E1 -ver=XC8 \
  --acfsm=1493 -ASTACK=02069h-0206fh -pstack=STACK -ACODE=00h-07FFh \
  -ASTRCODE=00h-07FFh -ASTRING=00h-0FFhx8 -ACONST=00h-0FFhx8 \
  -AENTRY=00h-0FFhx8 -ACOMMON=070h-07Fh -ABANK0=020h-06Fh -ABANK1=0A0h-0BFh \
  -ABIGRAM=02000h-0206Fh -ARAM=020h-06Fh,0A0h-0BFh \
  -AABS1=020h-07Fh,0A0h-0BFh -ASFR0=00h-01Fh -ASFR1=080h-09Fh \
  -ASFR2=0100h-016Fh -ASFR3=0180h-01EFh -ASFR4=0200h-026Fh \
  -ASFR5=0280h-02EFh -ASFR6=0300h-036Fh -ASFR7=0380h-03EFh \
  -ASFR8=0400h-046Fh -ASFR9=0480h-04EFh -ASFR10=0500h-056Fh \
  -ASFR11=0580h-05EFh -ASFR12=0600h-066Fh -ASFR13=0680h-06EFh \
  -ASFR14=0700h-076Fh -ASFR15=0780h-07EFh -ASFR16=0800h-086Fh \
  -ASFR17=0880h-08EFh -ASFR18=0900h-096Fh -ASFR19=0980h-09EFh \
  -ASFR20=0A00h-0A6Fh -ASFR21=0A80h-0AEFh -ASFR22=0B00h-0B6Fh \
  -ASFR23=0B80h-0BEFh -ASFR24=0C00h-0C6Fh -ASFR25=0C80h-0CEFh \
  -ASFR26=0D00h-0D6Fh -ASFR27=0D80h-0DEFh -ASFR28=0E00h-0E6Fh \
  -ASFR29=0E80h-0EEFh -ASFR30=0F00h-0F6Fh -ASFR31=0F80h-0FEFh \
  -preset_vec=00h,intentry=04h,init,end_init -ppowerup=CODE -pcinit=CODE \
  -pfunctab=ENTRY -ACONFIG=08007h-08008h -pconfig=CONFIG -DCONFIG=2 \
  -AIDLOC=08000h-08003h -pidloc=IDLOC -DIDLOC=2 -AEEDATA=00h-0FFh/0F000h \
  -peeprom_data=EEDATA -DEEDATA=2 -DCODE=2 -DSTRCODE=2 -DSTRING=2 -DCONST=2 \
  -DENTRY=2 -k /tmp/xcXm2xbdi.o \
  dist/default/production/esp_16f1823.X.production.o 

Object code version is 3.11

Machine type is 16F1823



                Name                               Link     Load   Length Selector   Space Scale
/tmp/xcXm2xbdi.o
                end_init                             40       40        1        8       0
                reset_vec                             0        0        1        0       0
                config                             8007     8007        2    1000E       0
dist/default/production/esp_16f1823.X.production.o
                cinit                                41       41       11        8       0
                intentry                              4        4       3C        8       0
                text55                              68B      68B        6      CC2       0
                text54                              6BA      6BA        3      D5C       0
                text53                              52B      52B       1B      7F8       0
                text52                              50E      50E       1D      7F8       0
                text51                              613      613        A      C12       0
                text50                              6C5      6C5        1      D82       0
                text49                              5E6      5E6        D      BB2       0
                text48                              69B      69B        5      D36       0
                text47                              5AE      5AE        F      B12       0
                text46                              6B7      6B7        3      D5C       0
                text45                              685      685        6      CC2       0
                text44                              6C4      6C4        1      D82       0
                text43                              59C      59C       12      B12       0
                text41                              589      589       13      B12       0
                text40                              4B6      4B6       1E      7F8       0
                text39                              136      136       58        8       0
                text38                              273      273       40        8       0
                text37                               CA       CA       6C        8       0
                text36                              498      498       1E      7F8       0
                text35                              2EA      2EA       2F        8       0
                text34                              369      369       27        8       0
                text33                              6B4      6B4        3      D5C       0
                text32                              3FC      3FC       21      7F8       0
                text31                              6C1      6C1        2      D82       0
                text30                              341      341       28        8       0
                text29                              2B3      2B3       37        8       0
                text28                              67F      67F        6      CC2       0
                text27                              626      626        9      C12       0
                text26                              546      546       19      7F8       0
                text25                              6B1      6B1        3      D5C       0
                text24                              6AE      6AE        3      D5C       0
                text23                              18E      18E       52        8       0
                text22                              22D      22D       46        8       0
                text21                              4F1      4F1       1D      7F8       0
                text20                               52       52       78        8       0
                text19                              47A      47A       1E      7F8       0
                text18                              45C      45C       1E      7F8       0
                text17                              1E0      1E0       4D        8       0
                text16                              6C3      6C3        1      D82       0
                text15                              3B5      3B5       25        8       0
                text14                              319      319       28        8       0
                text13                              61D      61D        9      C12       0
                text12                              679      679        6      CC2       0
                text11                              673      673        6      CC2       0
                text10                              390      390       25        8       0
                text9                               609      609        A      C12       0
                text8                               66D      66D        6      CC2       0
                text7                               41D      41D       20      7F8       0
                text6                               667      667        6      CC2       0
                text5                               55F      55F       16      7F8       0
                text4                               6A4      6A4        4      D48       0
                text3                               654      654        7      CA8       0
                text2                               5D9      5D9        D      BB2       0
                text1                               43D      43D       1F      7F8       0
                maintext                            4D4      4D4       1D      7F8       0
                cstackBANK0                          20       20       2E       20       1
                cstackCOMMON                         70       70        9       70       1
                cstackBANK1                          B8       B8        1       A0       1
                clrtext                             661      661        6      CC2       0
                bssBANK1                             A0       A0       18       A0       1
                bssBANK0                             4E       4E       20       20       1
                bssCOMMON                            79       79        2       70       1
                stringtext19                        6BF      6BF        2      D7A       0
                stringtext18                        6BD      6BD        2      D7A       0
                stringtext17                        6AB      6AB        3      D50       0
                stringtext16                        6A8      6A8        3      D50       0
                stringtext15                        6A0      6A0        4      D40       0
                stringtext14                        696      696        5      D22       0
                stringtext13                        691      691        5      D22       0
                stringtext12                        65B      65B        6      CB6       0
                stringtext11                        64D      64D        7      C5E       0
                stringtext10                        646      646        7      C5E       0
                stringtext9                         63F      63F        7      C5E       0
                stringtext8                         637      637        8      C5E       0
                stringtext7                         62F      62F        8      C5E       0
                stringtext6                         5FF      5FF        A      BE6       0
                stringtext5                         5F3      5F3        C      BE6       0
                stringtext4                         5CB      5CB        E      B7A       0
                stringtext3                         5BD      5BD        E      B7A       0
                stringtext2                         575      575       14      AEA       0
                stringtext1                         3DA      3DA       22      7B4       0
                nvBANK0                              6E       6E        2       20       1

TOTAL           Name                               Link     Load   Length     Space
        CLASS   STACK          

        CLASS   CODE           
                end_init                             40       40        1         0
                cinit                                41       41       11         0
                intentry                              4        4       3C         0
                reset_vec                             0        0        1         0
                text55                              68B      68B        6         0
                text54                              6BA      6BA        3         0
                text53                              52B      52B       1B         0
                text52                              50E      50E       1D         0
                text51                              613      613        A         0
                text50                              6C5      6C5        1         0
                text49                              5E6      5E6        D         0
                text48                              69B      69B        5         0
                text47                              5AE      5AE        F         0
                text46                              6B7      6B7        3         0
                text45                              685      685        6         0
                text44                              6C4      6C4        1         0
                text43                              59C      59C       12         0
                text41                              589      589       13         0
                text40                              4B6      4B6       1E         0
                text39                              136      136       58         0
                text38                              273      273       40         0
                text37                               CA       CA       6C         0
                text36                              498      498       1E         0
                text35                              2EA      2EA       2F         0
                text34                              369      369       27         0
                text33                              6B4      6B4        3         0
                text32                              3FC      3FC       21         0
                text31                              6C1      6C1        2         0
                text30                              341      341       28         0
                text29                              2B3      2B3       37         0
                text28                              67F      67F        6         0
                text27                              626      626        9         0
                text26                              546      546       19         0
                text25                              6B1      6B1        3         0
                text24                              6AE      6AE        3         0
                text23                              18E      18E       52         0
                text22                              22D      22D       46         0
                text21                              4F1      4F1       1D         0
                text20                               52       52       78         0
                text19                              47A      47A       1E         0
                text18                              45C      45C       1E         0
                text17                              1E0      1E0       4D         0
                text16                              6C3      6C3        1         0
                text15                              3B5      3B5       25         0
                text14                              319      319       28         0
                text13                              61D      61D        9         0
                text12                              679      679        6         0
                text11                              673      673        6         0
                text10                              390      390       25         0
                text9                               609      609        A         0
                text8                               66D      66D        6         0
                text7                               41D      41D       20         0
                text6                               667      667        6         0
                text5                               55F      55F       16         0
                text4                               6A4      6A4        4         0
                text3                               654      654        7         0
                text2                               5D9      5D9        D         0
                text1                               43D      43D       1F         0
                maintext                            4D4      4D4       1D         0
                clrtext                             661      661        6         0

        CLASS   STRCODE        
                stringtext19                        6BF      6BF        2         0
                stringtext18                        6BD      6BD        2         0
                stringtext17                        6AB      6AB        3         0
                stringtext16                        6A8      6A8        3         0
                stringtext15                        6A0      6A0        4         0
                stringtext14                        696      696        5         0
                stringtext13                        691      691        5         0
                stringtext12                        65B      65B        6         0
                stringtext11                        64D      64D        7         0
                stringtext10                        646      646        7         0
                stringtext9                         63F      63F        7         0
                stringtext8                         637      637        8         0
                stringtext7                         62F      62F        8         0
                stringtext6                         5FF      5FF        A         0
                stringtext5                         5F3      5F3        C         0
                stringtext4                         5CB      5CB        E         0
                stringtext3                         5BD      5BD        E         0
                stringtext2                         575      575       14         0
                stringtext1                         3DA      3DA       22         0

        CLASS   STRING         

        CLASS   CONST          

        CLASS   ENTRY          

        CLASS   COMMON         
                cstackCOMMON                         70       70        9         1
                bssCOMMON                            79       79        2         1

        CLASS   BANK0          
                cstackBANK0                          20       20       2E         1
                bssBANK0                             4E       4E       20         1
                nvBANK0                              6E       6E        2         1

        CLASS   BANK1          
                cstackBANK1                          B8       B8        1         1
                bssBANK1                             A0       A0       18         1

        CLASS   BIGRAM         

        CLASS   RAM            

        CLASS   ABS1           
                abs_s1                               7E       7E        2         1

        CLASS   SFR0           

        CLASS   SFR1           

        CLASS   SFR2           

        CLASS   SFR3           

        CLASS   SFR4           

        CLASS   SFR5           

        CLASS   SFR6           

        CLASS   SFR7           

        CLASS   SFR8           

        CLASS   SFR9           

        CLASS   SFR10          

        CLASS   SFR11          

        CLASS   SFR12          

        CLASS   SFR13          

        CLASS   SFR14          

        CLASS   SFR15          

        CLASS   SFR16          

        CLASS   SFR17          

        CLASS   SFR18          

        CLASS   SFR19          

        CLASS   SFR20          

        CLASS   SFR21          

        CLASS   SFR22          

        CLASS   SFR23          

        CLASS   SFR24          

        CLASS   SFR25          

        CLASS   SFR26          

        CLASS   SFR27          

        CLASS   SFR28          

        CLASS   SFR29          

        CLASS   SFR30          

        CLASS   SFR31          

        CLASS   CONFIG         
                config                             8007     8007        2         0

        CLASS   IDLOC          

        CLASS   EEDATA         

        CLASS   BANK31         

        CLASS   BANK30         

        CLASS   BANK29         

        CLASS   BANK28         

        CLASS   BANK27         

        CLASS   BANK26         

        CLASS   BANK25         

        CLASS   BANK24         

        CLASS   BANK23         

        CLASS   BANK22         

        CLASS   BANK21         

        CLASS   BANK20         

        CLASS   BANK19         

        CLASS   BANK18         

        CLASS   BANK17         

        CLASS   BANK16         

        CLASS   BANK15         

        CLASS   BANK14         

        CLASS   BANK13         

        CLASS   BANK12         

        CLASS   BANK11         

        CLASS   BANK10         

        CLASS   BANK9          

        CLASS   BANK8          

        CLASS   BANK7          

        CLASS   BANK6          

        CLASS   BANK5          

        CLASS   BANK4          

        CLASS   BANK3          

        CLASS   BANK2          



SEGMENTS        Name                           Load    Length   Top    Selector   Space  Class     Delta

                reset_vec                      000000  000001  000001         0       0  CODE        2
                intentry                       000004  0003D6  0003DA         8       0  CODE        2
                cstackBANK0                    000020  000050  000070        20       1  BANK0       1
                cstackCOMMON                   000070  00000B  00007B        70       1  COMMON      1
                bssBANK1                       0000A0  000019  0000B9        A0       1  BANK1       1
                stringtext1                    0003DA  000022  0003FC       7B4       0  STRCODE     2
                text32                         0003FC  000179  000575       7F8       0  CODE        2
                stringtext2                    000575  000014  000589       AEA       0  STRCODE     2
                text41                         000589  000034  0005BD       B12       0  CODE        2
                stringtext3                    0005BD  00001C  0005D9       B7A       0  STRCODE     2
                text2                          0005D9  00001A  0005F3       BB2       0  CODE        2
                stringtext5                    0005F3  000016  000609       BE6       0  STRCODE     2
                text9                          000609  000026  00062F       C12       0  CODE        2
                stringtext7                    00062F  000025  000654       C5E       0  STRCODE     2
                text3                          000654  000007  00065B       CA8       0  CODE        2
                stringtext12                   00065B  000006  000661       CB6       0  STRCODE     2
                clrtext                        000661  000030  000691       CC2       0  CODE        2
                stringtext13                   000691  00000A  00069B       D22       0  STRCODE     2
                text48                         00069B  000005  0006A0       D36       0  CODE        2
                stringtext15                   0006A0  000004  0006A4       D40       0  STRCODE     2
                text4                          0006A4  000004  0006A8       D48       0  CODE        2
                stringtext16                   0006A8  000006  0006AE       D50       0  STRCODE     2
                text24                         0006AE  00000F  0006BD       D5C       0  CODE        2
                stringtext18                   0006BD  000004  0006C1       D7A       0  STRCODE     2
                text31                         0006C1  000005  0006C6       D82       0  CODE        2
                config                         008007  000002  008009     1000E       0  CONFIG      2


UNUSED ADDRESS RANGES

        Name                Unused          Largest block    Delta
        BANK1            000B9-000BF               7           1
        BIGRAM           02000-0206F              70           1
        CODE             00001-00003               3           2
                         006C6-007FF             13A
        COMMON           0007B-0007D               3           1
        CONST            00001-00003               3           2
                         006C6-007FF              3A
        EEDATA           0F000-0F0FF             100           2
        ENTRY            00001-00003               3           2
                         006C6-007FF              3A
        IDLOC            08000-08003               4           2
        RAM              000B9-000BF               7           1
        SFR0             00000-0001F              20           1
        SFR1             00080-0009F              20           1
        SFR10            00500-0056F              70           1
        SFR11            00580-005EF              70           1
        SFR12            00600-0066F              70           1
        SFR13            00680-006EF              70           1
        SFR14            00700-0076F              70           1
        SFR15            00780-007EF              70           1
        SFR16            00800-0086F              70           1
        SFR17            00880-008EF              70           1
        SFR18            00900-0096F              70           1
        SFR19            00980-009EF              70           1
        SFR2             00100-0016F              70           1
        SFR20            00A00-00A6F              70           1
        SFR21            00A80-00AEF              70           1
        SFR22            00B00-00B6F              70           1
        SFR23            00B80-00BEF              70           1
        SFR24            00C00-00C6F              70           1
        SFR25            00C80-00CEF              70           1
        SFR26            00D00-00D6F              70           1
        SFR27            00D80-00DEF              70           1
        SFR28            00E00-00E6F              70           1
        SFR29            00E80-00EEF              70           1
        SFR3             00180-001EF              70           1
        SFR30            00F00-00F6F              70           1
        SFR31            00F80-00FEF              70           1
        SFR4             00200-0026F              70           1
        SFR5             00280-002EF              70           1
        SFR6             00300-0036F              70           1
        SFR7             00380-003EF              70           1
        SFR8             00400-0046F              70           1
        SFR9             00480-004EF              70           1
        STACK            02069-0206F               7           1
        STRCODE          00001-00003               3           2
                         006C6-007FF             13A
        STRING           00001-00003               3           2
                         006C6-007FF              3A

                                  Symbol Table

?_ADC_GetConversion                            cstackCOMMON 00073
?_ADC_GetConversionResult                      cstackCOMMON 00070
?___awdiv                                      cstackCOMMON 00073
?___awmod                                      cstackCOMMON 00073
?_strlen                                       cstackCOMMON 00073
?_strncmp                                      cstackCOMMON 00073
ADC_GetConversion@channel                      cstackCOMMON 00076
ADC_SelectChannel@channel                      cstackCOMMON 00074
ESP_Set_application_handler@applicationHandler cstackCOMMON 00073
ESP_default_application_handler@data           cstackBANK0  00044
ESP_message_handler@ret                        cstackBANK0  0004D
ESP_process_message@aux                        cstackBANK0  0002D
ESP_process_rx_data@aux                        cstackBANK0  0004A
ESP_process_rx_data@index                      cstackBANK0  00049
ESP_read@ret                                   cstackBANK0  0002F
ESP_wait_for@esp_mess                          cstackBANK0  00031
ESP_wait_for@ret                               cstackBANK0  00032
ESP_write@aux                                  cstackBANK0  0003A
ESP_write@length                               cstackBANK0  00035
ESP_write@pt                                   cstackBANK0  00033
ESP_write@res                                  cstackBANK0  00039
EUSART_Read@readValue                          cstackCOMMON 00074
EUSART_SetRxInterruptHandler@interruptHandler  cstackCOMMON 00073
EUSART_SetTxInterruptHandler@interruptHandler  cstackCOMMON 00073
EUSART_Write@txData                            cstackCOMMON 00074
IOCAF4_SetInterruptHandler@InterruptHandler    cstackCOMMON 00073
TMR1_SetInterruptHandler@InterruptHandler      cstackCOMMON 00073
TMR1_WriteTimer@timerVal                       cstackCOMMON 00070
_ADCON0                                        (abs)        0009D
_ADCON0bits                                    (abs)        0009D
_ADCON1                                        (abs)        0009E
_ADC_GetConversion                             text26       00546
_ADC_GetConversionResult                       text55       0068B
_ADC_ISR                                       text54       006BA
_ADC_Initialize                                text13       0061D
_ADC_SelectChannel                             text2        005D9
_ADC_StartConversion                           text46       006B7
_ADC_state                                     bssBANK0     0006D
_ADC_value                                     bssBANK0     0005C
_ADRESH                                        (abs)        0009C
_ADRESL                                        (abs)        0009B
_ANSELA                                        (abs)        0018C
_ANSELC                                        (abs)        0018E
_APFCON                                        (abs)        0011D
_BAUDCON                                       (abs)        0019F
_BORCON                                        (abs)        00116
_ESP_Set_application_handler                   text28       0067F
_ESP_config                                    text29       002B3
_ESP_default_application_handler               text16       006C3
_ESP_external_message_handler                  bssBANK0     00056
_ESP_initialize                                text27       00626
_ESP_message_handler                           text14       00319
_ESP_process_message                           text37       000CA
_ESP_process_rx_data                           text15       003B5
_ESP_read                                      text35       002EA
_ESP_wait_exception                            bssBANK0     00068
_ESP_wait_for                                  text34       00369
_ESP_write                                     text20       00052
_EUSART_Initialize                             text10       00390
_EUSART_Read                                   text36       00498
_EUSART_Receive_ISR                            text53       0052B
_EUSART_RxDefaultInterruptHandler              bssBANK0     0005E
_EUSART_SetRxInterruptHandler                  text12       00679
_EUSART_SetTxInterruptHandler                  text11       00673
_EUSART_Transmit_ISR                           text52       0050E
_EUSART_TxDefaultInterruptHandler              bssBANK0     00060
_EUSART_Write                                  text32       003FC
_EUSART_is_rx_ready                            text33       006B4
_EUSART_is_tx_ready                            text31       006C1
_INTCONbits                                    (abs)        0000B
_INTERRUPT_InterruptManager                    intentry     00004
_IOCAF4_DefaultInterruptHandler                text50       006C5
_IOCAF4_ISR                                    text49       005E6
_IOCAF4_InterruptHandler                       nvBANK0      0006E
_IOCAF4_SetInterruptHandler                    text8        0066D
_IOCAFbits                                     (abs)        00393
_IOCANbits                                     (abs)        00392
_IOCAPbits                                     (abs)        00391
_IOC_state                                     bssBANK0     00063
_IOC_value                                     bssBANK0     00062
_LATA                                          (abs)        0010C
_LATAbits                                      (abs)        0010C
_LATC                                          (abs)        0010E
_OPTION_REGbits                                (abs)        00095
_OSCCON                                        (abs)        00099
_OSCILLATOR_Initialize                         text9        00609
_OSCTUNE                                       (abs)        00098
_PIE1bits                                      (abs)        00091
_PIN_MANAGER_IOC                               text48       0069B
_PIN_MANAGER_Initialize                        text7        0041D
_PIR1bits                                      (abs)        00011
_PLLR                                          (abs)        004D6
_PORTAbits                                     (abs)        0000C
_RCREG                                         (abs)        00199
_RCSTA                                         (abs)        0019D
_RCSTAbits                                     (abs)        0019D
_SPBRGH                                        (abs)        0019C
_SPBRGL                                        (abs)        0019B
_SYSTEM_Initialize                             text3        00654
_T1CON                                         (abs)        00018
_T1CONbits                                     (abs)        00018
_T1GCON                                        (abs)        00019
_T1GCONbits                                    (abs)        00019
_TMR1H                                         (abs)        00017
_TMR1L                                         (abs)        00016
_TMR1_DefaultInterruptHandler                  text44       006C4
_TMR1_ISR                                      text43       0059C
_TMR1_Initialize                               text5        0055F
_TMR1_InterruptHandler                         bssBANK0     00058
_TMR1_SetInterruptHandler                      text6        00667
_TMR1_StartTimer                               text25       006B1
_TMR1_StopTimer                                text24       006AE
_TMR1_WriteTimer                               text47       005AE
_TMR1_state                                    bssBANK0     00064
_TRISA                                         (abs)        0008C
_TRISC                                         (abs)        0008E
_TXREG                                         (abs)        0019A
_TXSTA                                         (abs)        0019E
_TXSTAbits                                     (abs)        0019E
_WDTCON                                        (abs)        00097
_WDT_Initialize                                text4        006A4
_WPUA                                          (abs)        0020C
_WPUC                                          (abs)        0020E
__CFG_BOREN$ON                                 (abs)        00000
__CFG_BORV$LO                                  (abs)        00000
__CFG_CLKOUTEN$OFF                             (abs)        00000
__CFG_CP$OFF                                   (abs)        00000
__CFG_CPD$OFF                                  (abs)        00000
__CFG_FCMEN$ON                                 (abs)        00000
__CFG_FOSC$INTOSC                              (abs)        00000
__CFG_IESO$ON                                  (abs)        00000
__CFG_LVP$OFF                                  (abs)        00000
__CFG_MCLRE$ON                                 (abs)        00000
__CFG_PLLEN$ON                                 (abs)        00000
__CFG_PWRTE$OFF                                (abs)        00000
__CFG_STVREN$ON                                (abs)        00000
__CFG_WDTE$OFF                                 (abs)        00000
__CFG_WRT$OFF                                  (abs)        00000
__Habs1                                        abs1         00000
__Hbank0                                       bank0        00000
__Hbank1                                       bank1        00000
__Hbank10                                      bank10       00000
__Hbank11                                      bank11       00000
__Hbank12                                      bank12       00000
__Hbank13                                      bank13       00000
__Hbank14                                      bank14       00000
__Hbank15                                      bank15       00000
__Hbank16                                      bank16       00000
__Hbank17                                      bank17       00000
__Hbank18                                      bank18       00000
__Hbank19                                      bank19       00000
__Hbank2                                       bank2        00000
__Hbank20                                      bank20       00000
__Hbank21                                      bank21       00000
__Hbank22                                      bank22       00000
__Hbank23                                      bank23       00000
__Hbank24                                      bank24       00000
__Hbank25                                      bank25       00000
__Hbank26                                      bank26       00000
__Hbank27                                      bank27       00000
__Hbank28                                      bank28       00000
__Hbank29                                      bank29       00000
__Hbank3                                       bank3        00000
__Hbank30                                      bank30       00000
__Hbank31                                      bank31       00000
__Hbank4                                       bank4        00000
__Hbank5                                       bank5        00000
__Hbank6                                       bank6        00000
__Hbank7                                       bank7        00000
__Hbank8                                       bank8        00000
__Hbank9                                       bank9        00000
__Hbigram                                      bigram       00000
__HbssBANK0                                    bssBANK0     00000
__HbssBANK1                                    bssBANK1     00000
__HbssCOMMON                                   bssCOMMON    00000
__Hcinit                                       cinit        00052
__Hclrtext                                     clrtext      00000
__Hcode                                        code         00000
__Hcommon                                      common       00000
__Hconfig                                      config       08009
__HcstackBANK0                                 cstackBANK0  00000
__HcstackBANK1                                 cstackBANK1  00000
__HcstackCOMMON                                cstackCOMMON 00000
__Heeprom_data                                 eeprom_data  00000
__Hend_init                                    end_init     00041
__Hfunctab                                     functab      00000
__Hidloc                                       idloc        00000
__Hinit                                        init         00040
__Hintentry                                    intentry     00040
__Hmaintext                                    maintext     00000
__HnvBANK0                                     nvBANK0      00000
__Hpowerup                                     powerup      00000
__Hram                                         ram          00000
__Hreset_vec                                   reset_vec    00001
__Hsfr0                                        sfr0         00000
__Hsfr1                                        sfr1         00000
__Hsfr10                                       sfr10        00000
__Hsfr11                                       sfr11        00000
__Hsfr12                                       sfr12        00000
__Hsfr13                                       sfr13        00000
__Hsfr14                                       sfr14        00000
__Hsfr15                                       sfr15        00000
__Hsfr16                                       sfr16        00000
__Hsfr17                                       sfr17        00000
__Hsfr18                                       sfr18        00000
__Hsfr19                                       sfr19        00000
__Hsfr2                                        sfr2         00000
__Hsfr20                                       sfr20        00000
__Hsfr21                                       sfr21        00000
__Hsfr22                                       sfr22        00000
__Hsfr23                                       sfr23        00000
__Hsfr24                                       sfr24        00000
__Hsfr25                                       sfr25        00000
__Hsfr26                                       sfr26        00000
__Hsfr27                                       sfr27        00000
__Hsfr28                                       sfr28        00000
__Hsfr29                                       sfr29        00000
__Hsfr3                                        sfr3         00000
__Hsfr30                                       sfr30        00000
__Hsfr31                                       sfr31        00000
__Hsfr4                                        sfr4         00000
__Hsfr5                                        sfr5         00000
__Hsfr6                                        sfr6         00000
__Hsfr7                                        sfr7         00000
__Hsfr8                                        sfr8         00000
__Hsfr9                                        sfr9         00000
__Hspace_0                                     (abs)        08009
__Hspace_1                                     (abs)        000B9
__Hspace_2                                     (abs)        00000
__Hspace_3                                     (abs)        00000
__Hstack                                       stack        00000
__Hstrings                                     strings      00000
__Hstringtext1                                 stringtext1  00000
__Hstringtext10                                stringtext10 00000
__Hstringtext11                                stringtext11 00000
__Hstringtext12                                stringtext12 00000
__Hstringtext13                                stringtext13 00000
__Hstringtext14                                stringtext14 00000
__Hstringtext15                                stringtext15 00000
__Hstringtext16                                stringtext16 00000
__Hstringtext17                                stringtext17 00000
__Hstringtext18                                stringtext18 00000
__Hstringtext19                                stringtext19 00000
__Hstringtext2                                 stringtext2  00000
__Hstringtext20                                stringtext20 00000
__Hstringtext3                                 stringtext3  00000
__Hstringtext4                                 stringtext4  00000
__Hstringtext5                                 stringtext5  00000
__Hstringtext6                                 stringtext6  00000
__Hstringtext7                                 stringtext7  00000
__Hstringtext8                                 stringtext8  00000
__Hstringtext9                                 stringtext9  00000
__Htext                                        text         00000
__IOC_Ready                                    text51       00613
__Labs1                                        abs1         00000
__Lbank0                                       bank0        00000
__Lbank1                                       bank1        00000
__Lbank10                                      bank10       00000
__Lbank11                                      bank11       00000
__Lbank12                                      bank12       00000
__Lbank13                                      bank13       00000
__Lbank14                                      bank14       00000
__Lbank15                                      bank15       00000
__Lbank16                                      bank16       00000
__Lbank17                                      bank17       00000
__Lbank18                                      bank18       00000
__Lbank19                                      bank19       00000
__Lbank2                                       bank2        00000
__Lbank20                                      bank20       00000
__Lbank21                                      bank21       00000
__Lbank22                                      bank22       00000
__Lbank23                                      bank23       00000
__Lbank24                                      bank24       00000
__Lbank25                                      bank25       00000
__Lbank26                                      bank26       00000
__Lbank27                                      bank27       00000
__Lbank28                                      bank28       00000
__Lbank29                                      bank29       00000
__Lbank3                                       bank3        00000
__Lbank30                                      bank30       00000
__Lbank31                                      bank31       00000
__Lbank4                                       bank4        00000
__Lbank5                                       bank5        00000
__Lbank6                                       bank6        00000
__Lbank7                                       bank7        00000
__Lbank8                                       bank8        00000
__Lbank9                                       bank9        00000
__Lbigram                                      bigram       00000
__LbssBANK0                                    bssBANK0     00000
__LbssBANK1                                    bssBANK1     00000
__LbssCOMMON                                   bssCOMMON    00000
__Lcinit                                       cinit        00041
__Lclrtext                                     clrtext      00000
__Lcode                                        code         00000
__Lcommon                                      common       00000
__Lconfig                                      config       08007
__LcstackBANK0                                 cstackBANK0  00000
__LcstackBANK1                                 cstackBANK1  00000
__LcstackCOMMON                                cstackCOMMON 00000
__Leeprom_data                                 eeprom_data  00000
__Lend_init                                    end_init     00040
__Lfunctab                                     functab      00000
__Lidloc                                       idloc        00000
__Linit                                        init         00040
__Lintentry                                    intentry     00004
__Lmaintext                                    maintext     00000
__LnvBANK0                                     nvBANK0      00000
__Lpowerup                                     powerup      00000
__Lram                                         ram          00000
__Lreset_vec                                   reset_vec    00000
__Lsfr0                                        sfr0         00000
__Lsfr1                                        sfr1         00000
__Lsfr10                                       sfr10        00000
__Lsfr11                                       sfr11        00000
__Lsfr12                                       sfr12        00000
__Lsfr13                                       sfr13        00000
__Lsfr14                                       sfr14        00000
__Lsfr15                                       sfr15        00000
__Lsfr16                                       sfr16        00000
__Lsfr17                                       sfr17        00000
__Lsfr18                                       sfr18        00000
__Lsfr19                                       sfr19        00000
__Lsfr2                                        sfr2         00000
__Lsfr20                                       sfr20        00000
__Lsfr21                                       sfr21        00000
__Lsfr22                                       sfr22        00000
__Lsfr23                                       sfr23        00000
__Lsfr24                                       sfr24        00000
__Lsfr25                                       sfr25        00000
__Lsfr26                                       sfr26        00000
__Lsfr27                                       sfr27        00000
__Lsfr28                                       sfr28        00000
__Lsfr29                                       sfr29        00000
__Lsfr3                                        sfr3         00000
__Lsfr30                                       sfr30        00000
__Lsfr31                                       sfr31        00000
__Lsfr4                                        sfr4         00000
__Lsfr5                                        sfr5         00000
__Lsfr6                                        sfr6         00000
__Lsfr7                                        sfr7         00000
__Lsfr8                                        sfr8         00000
__Lsfr9                                        sfr9         00000
__Lspace_0                                     (abs)        00000
__Lspace_1                                     (abs)        00000
__Lspace_2                                     (abs)        00000
__Lspace_3                                     (abs)        00000
__Lstack                                       stack        00000
__Lstrings                                     strings      00000
__Lstringtext1                                 stringtext1  00000
__Lstringtext10                                stringtext10 00000
__Lstringtext11                                stringtext11 00000
__Lstringtext12                                stringtext12 00000
__Lstringtext13                                stringtext13 00000
__Lstringtext14                                stringtext14 00000
__Lstringtext15                                stringtext15 00000
__Lstringtext16                                stringtext16 00000
__Lstringtext17                                stringtext17 00000
__Lstringtext18                                stringtext18 00000
__Lstringtext19                                stringtext19 00000
__Lstringtext2                                 stringtext2  00000
__Lstringtext20                                stringtext20 00000
__Lstringtext3                                 stringtext3  00000
__Lstringtext4                                 stringtext4  00000
__Lstringtext5                                 stringtext5  00000
__Lstringtext6                                 stringtext6  00000
__Lstringtext7                                 stringtext7  00000
__Lstringtext8                                 stringtext8  00000
__Lstringtext9                                 stringtext9  00000
__Ltext                                        text         00000
__S0                                           (abs)        08009
__S1                                           (abs)        000B9
__S2                                           (abs)        00000
__S3                                           (abs)        00000
__TMR1_Ready                                   text45       00685
___awdiv                                       text23       0018E
___awdiv@counter                               cstackBANK0  00020
___awdiv@dividend                              cstackCOMMON 00075
___awdiv@divisor                               cstackCOMMON 00073
___awdiv@quotient                              cstackBANK0  00022
___awdiv@sign                                  cstackBANK0  00021
___awmod                                       text22       0022D
___awmod@counter                               cstackBANK0  00020
___awmod@dividend                              cstackCOMMON 00075
___awmod@divisor                               cstackCOMMON 00073
___awmod@sign                                  cstackBANK0  00021
___int_sp                                      stack        00000
___latbits                                     (abs)        00000
___sp                                          stack        00000
__end_of_ADC_GetConversion                     text26       0055F
__end_of_ADC_GetConversionResult               text55       00691
__end_of_ADC_ISR                               text54       006BD
__end_of_ADC_Initialize                        text13       00626
__end_of_ADC_SelectChannel                     text2        005E6
__end_of_ADC_StartConversion                   text46       006BA
__end_of_ESP_Set_application_handler           text28       00685
__end_of_ESP_config                            text29       002EA
__end_of_ESP_default_application_handler       text16       006C4
__end_of_ESP_initialize                        text27       0062F
__end_of_ESP_message_handler                   text14       00341
__end_of_ESP_process_message                   text37       00136
__end_of_ESP_process_rx_data                   text15       003DA
__end_of_ESP_read                              text35       00319
__end_of_ESP_wait_for                          text34       00390
__end_of_ESP_write                             text20       000CA
__end_of_EUSART_Initialize                     text10       003B5
__end_of_EUSART_Read                           text36       004B6
__end_of_EUSART_Receive_ISR                    text53       00546
__end_of_EUSART_SetRxInterruptHandler          text12       0067F
__end_of_EUSART_SetTxInterruptHandler          text11       00679
__end_of_EUSART_Transmit_ISR                   text52       0052B
__end_of_EUSART_Write                          text32       0041D
__end_of_EUSART_is_rx_ready                    text33       006B7
__end_of_EUSART_is_tx_ready                    text31       006C3
__end_of_INTERRUPT_InterruptManager            intentry     00040
__end_of_IOCAF4_DefaultInterruptHandler        text50       006C6
__end_of_IOCAF4_ISR                            text49       005F3
__end_of_IOCAF4_SetInterruptHandler            text8        00673
__end_of_OSCILLATOR_Initialize                 text9        00613
__end_of_PIN_MANAGER_IOC                       text48       006A0
__end_of_PIN_MANAGER_Initialize                text7        0043D
__end_of_SYSTEM_Initialize                     text3        0065B
__end_of_TMR1_DefaultInterruptHandler          text44       006C5
__end_of_TMR1_ISR                              text43       005AE
__end_of_TMR1_Initialize                       text5        00575
__end_of_TMR1_SetInterruptHandler              text6        0066D
__end_of_TMR1_StartTimer                       text25       006B4
__end_of_TMR1_StopTimer                        text24       006B1
__end_of_TMR1_WriteTimer                       text47       005BD
__end_of_WDT_Initialize                        text4        006A8
__end_of__IOC_Ready                            text51       0061D
__end_of__TMR1_Ready                           text45       0068B
__end_of___awdiv                               text23       001E0
__end_of___awmod                               text22       00273
__end_of__initialization                       cinit        0004F
__end_of__puts                                 text30       00369
__end_of_logger_initialize                     text1        0045C
__end_of_main                                  maintext     004F1
__end_of_process_message                       text17       0022D
__end_of_read_analog                           text19       00498
__end_of_strchr                                text41       0059C
__end_of_strlen                                text40       004D4
__end_of_strncmp                               text39       0018E
__end_of_strstr                                text38       002B3
__end_of_toggle_format                         text18       0047A
__end_of_write                                 text21       0050E
__initialization                               cinit        00041
__pbssBANK0                                    bssBANK0     0004E
__pbssBANK1                                    bssBANK1     000A0
__pbssCOMMON                                   bssCOMMON    00079
__pcstackBANK0                                 cstackBANK0  00020
__pcstackBANK1                                 cstackBANK1  000B8
__pcstackCOMMON                                cstackCOMMON 00070
__pintentry                                    intentry     00004
__pmaintext                                    maintext     004D4
__pnvBANK0                                     nvBANK0      0006E
__pstringtext1                                 stringtext1  003DA
__pstringtext10                                stringtext10 00646
__pstringtext11                                stringtext11 0064D
__pstringtext12                                stringtext12 0065B
__pstringtext13                                stringtext13 00691
__pstringtext14                                stringtext14 00696
__pstringtext15                                stringtext15 006A0
__pstringtext16                                stringtext16 006A8
__pstringtext17                                stringtext17 006AB
__pstringtext18                                stringtext18 006BD
__pstringtext19                                stringtext19 006BF
__pstringtext2                                 stringtext2  00575
__pstringtext20                                stringtext20 00000
__pstringtext3                                 stringtext3  005BD
__pstringtext4                                 stringtext4  005CB
__pstringtext5                                 stringtext5  005F3
__pstringtext6                                 stringtext6  005FF
__pstringtext7                                 stringtext7  0062F
__pstringtext8                                 stringtext8  00637
__pstringtext9                                 stringtext9  0063F
__ptext1                                       text1        0043D
__ptext10                                      text10       00390
__ptext11                                      text11       00673
__ptext12                                      text12       00679
__ptext13                                      text13       0061D
__ptext14                                      text14       00319
__ptext15                                      text15       003B5
__ptext16                                      text16       006C3
__ptext17                                      text17       001E0
__ptext18                                      text18       0045C
__ptext19                                      text19       0047A
__ptext2                                       text2        005D9
__ptext20                                      text20       00052
__ptext21                                      text21       004F1
__ptext22                                      text22       0022D
__ptext23                                      text23       0018E
__ptext24                                      text24       006AE
__ptext25                                      text25       006B1
__ptext26                                      text26       00546
__ptext27                                      text27       00626
__ptext28                                      text28       0067F
__ptext29                                      text29       002B3
__ptext3                                       text3        00654
__ptext30                                      text30       00341
__ptext31                                      text31       006C1
__ptext32                                      text32       003FC
__ptext33                                      text33       006B4
__ptext34                                      text34       00369
__ptext35                                      text35       002EA
__ptext36                                      text36       00498
__ptext37                                      text37       000CA
__ptext38                                      text38       00273
__ptext39                                      text39       00136
__ptext4                                       text4        006A4
__ptext40                                      text40       004B6
__ptext41                                      text41       00589
__ptext43                                      text43       0059C
__ptext44                                      text44       006C4
__ptext45                                      text45       00685
__ptext46                                      text46       006B7
__ptext47                                      text47       005AE
__ptext48                                      text48       0069B
__ptext49                                      text49       005E6
__ptext5                                       text5        0055F
__ptext50                                      text50       006C5
__ptext51                                      text51       00613
__ptext52                                      text52       0050E
__ptext53                                      text53       0052B
__ptext54                                      text54       006BA
__ptext55                                      text55       0068B
__ptext6                                       text6        00667
__ptext7                                       text7        0041D
__ptext8                                       text8        0066D
__ptext9                                       text9        00609
__puts                                         text30       00341
__puts@index                                   cstackCOMMON 00077
__puts@pt                                      cstackCOMMON 00075
__size_of_ADC_GetConversion                    (abs)        00000
__size_of_ADC_GetConversionResult              (abs)        00000
__size_of_ADC_ISR                              (abs)        00000
__size_of_ADC_Initialize                       (abs)        00000
__size_of_ADC_SelectChannel                    (abs)        00000
__size_of_ADC_StartConversion                  (abs)        00000
__size_of_ESP_Set_application_handler          (abs)        00000
__size_of_ESP_config                           (abs)        00000
__size_of_ESP_default_application_handler      (abs)        00000
__size_of_ESP_initialize                       (abs)        00000
__size_of_ESP_message_handler                  (abs)        00000
__size_of_ESP_process_message                  (abs)        00000
__size_of_ESP_process_rx_data                  (abs)        00000
__size_of_ESP_read                             (abs)        00000
__size_of_ESP_wait_for                         (abs)        00000
__size_of_ESP_write                            (abs)        00000
__size_of_EUSART_Initialize                    (abs)        00000
__size_of_EUSART_Read                          (abs)        00000
__size_of_EUSART_Receive_ISR                   (abs)        00000
__size_of_EUSART_SetRxInterruptHandler         (abs)        00000
__size_of_EUSART_SetTxInterruptHandler         (abs)        00000
__size_of_EUSART_Transmit_ISR                  (abs)        00000
__size_of_EUSART_Write                         (abs)        00000
__size_of_EUSART_is_rx_ready                   (abs)        00000
__size_of_EUSART_is_tx_ready                   (abs)        00000
__size_of_INTERRUPT_InterruptManager           (abs)        00000
__size_of_IOCAF4_DefaultInterruptHandler       (abs)        00000
__size_of_IOCAF4_ISR                           (abs)        00000
__size_of_IOCAF4_SetInterruptHandler           (abs)        00000
__size_of_OSCILLATOR_Initialize                (abs)        00000
__size_of_PIN_MANAGER_IOC                      (abs)        00000
__size_of_PIN_MANAGER_Initialize               (abs)        00000
__size_of_SYSTEM_Initialize                    (abs)        00000
__size_of_TMR1_DefaultInterruptHandler         (abs)        00000
__size_of_TMR1_ISR                             (abs)        00000
__size_of_TMR1_Initialize                      (abs)        00000
__size_of_TMR1_SetInterruptHandler             (abs)        00000
__size_of_TMR1_StartTimer                      (abs)        00000
__size_of_TMR1_StopTimer                       (abs)        00000
__size_of_TMR1_WriteTimer                      (abs)        00000
__size_of_WDT_Initialize                       (abs)        00000
__size_of__IOC_Ready                           (abs)        00000
__size_of__TMR1_Ready                          (abs)        00000
__size_of___awdiv                              (abs)        00000
__size_of___awmod                              (abs)        00000
__size_of__puts                                (abs)        00000
__size_of_logger_initialize                    (abs)        00000
__size_of_main                                 (abs)        00000
__size_of_process_message                      (abs)        00000
__size_of_read_analog                          (abs)        00000
__size_of_strchr                               (abs)        00000
__size_of_strlen                               (abs)        00000
__size_of_strncmp                              (abs)        00000
__size_of_strstr                               (abs)        00000
__size_of_toggle_format                        (abs)        00000
__size_of_write                                (abs)        00000
_esp_channel                                   bssBANK0     00066
_esp_read_data                                 bssBANK1     000A8
_esp_read_data_index                           bssBANK0     00067
_eusartRxBuffer                                bssBANK1     000A0
_eusartRxCount                                 bssBANK0     00069
_eusartRxHead                                  bssBANK0     0006B
_eusartRxTail                                  bssBANK0     0006A
_eusartTxBuffer                                bssBANK0     0004E
_eusartTxBufferRemaining                       bssCOMMON    00079
_eusartTxHead                                  bssCOMMON    0007A
_eusartTxTail                                  bssBANK0     0006C
_logger_initialize                             text1        0043D
_main                                          maintext     004D4
_message_format                                bssBANK0     00065
_process_message                               text17       001E0
_read_analog                                   text19       0047A
_strchr                                        text41       00589
_strlen                                        text40       004B6
_strncmp                                       text39       00136
_strstr                                        text38       00273
_timer1ReloadVal                               bssBANK0     0005A
_toggle_format                                 text18       0045C
_write                                         text21       004F1
btemp                                          (abs)        0007E
clear_ram0                                     clrtext      00661
end_of_initialization                          cinit        0004F
int$flags                                      (abs)        0007E
intlevel0                                      functab      00000
intlevel1                                      functab      00000
intlevel2                                      functab      00000
intlevel3                                      functab      00000
intlevel4                                      functab      00000
intlevel5                                      functab      00000
process_message@message                        cstackBANK0  00044
read_analog@adc_val                            cstackBANK0  00042
read_analog@mess                               cstackBANK0  0003C
reset_vec                                      reset_vec    00000
stackhi                                        (abs)        0206F
stacklo                                        (abs)        02069
start                                          init         00040
start_initialization                           cinit        00041
strchr@c                                       cstackCOMMON 00073
strchr@s                                       cstackCOMMON 00075
strlen@a                                       cstackCOMMON 00077
strlen@s                                       cstackCOMMON 00073
strncmp@_l                                     cstackBANK0  00020
strncmp@_r                                     cstackCOMMON 00073
strncmp@l                                      cstackBANK0  00023
strncmp@n                                      cstackCOMMON 00075
strncmp@r                                      cstackBANK0  00021
strstr@h                                       cstackBANK0  0002B
strstr@n                                       cstackBANK0  00024
strstr@nl                                      cstackBANK0  00029
write@i                                        cstackCOMMON 00078
write@lenght                                   cstackCOMMON 00077
write@pt                                       cstackCOMMON 00075
wtemp0                                         (abs)        0007E


FUNCTION INFORMATION:

 *************** function _main *****************
 Defined at:
		line 52 in file "main.c"
 Parameters:    Size  Location     Type
		None
 Auto vars:     Size  Location     Type
		None
 Return value:  Size  Location     Type
                  1    wreg      void 
 Registers used:
		wreg, fsr0l, fsr0h, fsr1l, fsr1h, status,2, status,0, pclath, cstack
 Tracked objects:
		On entry : 
		On exit  : 
		Unchanged: 
 Data sizes:     COMMON   BANK0   BANK1
      Params:         0       0       0
      Locals:         0       0       0
      Temps:          0       0       1
      Totals:         0       0       1
Total ram usage:        1 bytes
 Hardware stack levels required when called:   14
 This function calls:
		_ESP_config
		_ESP_initialize
		_ESP_message_handler
		_EUSART_is_rx_ready
		_SYSTEM_Initialize
		_logger_initialize
		_process_message
		_read_analog
 This function is called by:
		Startup code after reset
 This function uses a non-reentrant model


 *************** function _logger_initialize *****************
 Defined at:
		line 17 in file "logger.c"
 Parameters:    Size  Location     Type
		None
 Auto vars:     Size  Location     Type
		None
 Return value:  Size  Location     Type
                  1    wreg      void 
 Registers used:
		wreg, status,2, status,0, pclath, cstack
 Tracked objects:
		On entry : 
		On exit  : 
		Unchanged: 
 Data sizes:     COMMON   BANK0   BANK1
      Params:         0       0       0
      Locals:         0       0       0
      Temps:          1       0       0
      Totals:         1       0       0
Total ram usage:        1 bytes
 Hardware stack levels used:    1
 Hardware stack levels required when called:    5
 This function calls:
		_ADC_SelectChannel
		_ESP_Set_application_handler
		_IOCAF4_SetInterruptHandler
		_TMR1_SetInterruptHandler
		_TMR1_StopTimer
 This function is called by:
		_main
 This function uses a non-reentrant model


 *************** function _ADC_SelectChannel *****************
 Defined at:
		line 85 in file "mcc_generated_files/adc.c"
 Parameters:    Size  Location     Type
  channel         1    wreg     enum E2157
 Auto vars:     Size  Location     Type
  channel         1    4[COMMON] enum E2157
 Return value:  Size  Location     Type
                  1    wreg      void 
 Registers used:
		wreg, status,2, status,0
 Tracked objects:
		On entry : 
		On exit  : 
		Unchanged: 
 Data sizes:     COMMON   BANK0   BANK1
      Params:         0       0       0
      Locals:         1       0       0
      Temps:          1       0       0
      Totals:         2       0       0
Total ram usage:        2 bytes
 Hardware stack levels used:    1
 Hardware stack levels required when called:    4
 This function calls:
		Nothing
 This function is called by:
		_logger_initialize
 This function uses a non-reentrant model


 *************** function _SYSTEM_Initialize *****************
 Defined at:
		line 50 in file "mcc_generated_files/mcc.c"
 Parameters:    Size  Location     Type
		None
 Auto vars:     Size  Location     Type
		None
 Return value:  Size  Location     Type
                  1    wreg      void 
 Registers used:
		wreg, status,2, status,0, pclath, cstack
 Tracked objects:
		On entry : 
		On exit  : 
		Unchanged: 
 Data sizes:     COMMON   BANK0   BANK1
      Params:         0       0       0
      Locals:         0       0       0
      Temps:          0       0       0
      Totals:         0       0       0
Total ram usage:        0 bytes
 Hardware stack levels used:    1
 Hardware stack levels required when called:    6
 This function calls:
		_ADC_Initialize
		_EUSART_Initialize
		_OSCILLATOR_Initialize
		_PIN_MANAGER_Initialize
		_TMR1_Initialize
		_WDT_Initialize
 This function is called by:
		_main
 This function uses a non-reentrant model


 *************** function _WDT_Initialize *****************
 Defined at:
		line 75 in file "mcc_generated_files/mcc.c"
 Parameters:    Size  Location     Type
		None
 Auto vars:     Size  Location     Type
		None
 Return value:  Size  Location     Type
                  1    wreg      void 
 Registers used:
		wreg
 Tracked objects:
		On entry : 
		On exit  : 
		Unchanged: 
 Data sizes:     COMMON   BANK0   BANK1
      Params:         0       0       0
      Locals:         0       0       0
      Temps:          0       0       0
      Totals:         0       0       0
Total ram usage:        0 bytes
 Hardware stack levels used:    1
 Hardware stack levels required when called:    4
 This function calls:
		Nothing
 This function is called by:
		_SYSTEM_Initialize
 This function uses a non-reentrant model


 *************** function _TMR1_Initialize *****************
 Defined at:
		line 64 in file "mcc_generated_files/tmr1.c"
 Parameters:    Size  Location     Type
		None
 Auto vars:     Size  Location     Type
		None
 Return value:  Size  Location     Type
                  1    wreg      void 
 Registers used:
		wreg, status,2, status,0, pclath, cstack
 Tracked objects:
		On entry : 
		On exit  : 
		Unchanged: 
 Data sizes:     COMMON   BANK0   BANK1
      Params:         0       0       0
      Locals:         0       0       0
      Temps:          0       0       0
      Totals:         0       0       0
Total ram usage:        0 bytes
 Hardware stack levels used:    1
 Hardware stack levels required when called:    5
 This function calls:
		_TMR1_SetInterruptHandler
 This function is called by:
		_SYSTEM_Initialize
 This function uses a non-reentrant model


 *************** function _TMR1_SetInterruptHandler *****************
 Defined at:
		line 171 in file "mcc_generated_files/tmr1.c"
 Parameters:    Size  Location     Type
  InterruptHan    2    3[COMMON] PTR FTN()void 
		 -> _TMR1_Ready(1), TMR1_DefaultInterruptHandler(1), 
 Auto vars:     Size  Location     Type
		None
 Return value:  Size  Location     Type
                  1    wreg      void 
 Registers used:
		wreg
 Tracked objects:
		On entry : 
		On exit  : 
		Unchanged: 
 Data sizes:     COMMON   BANK0   BANK1
      Params:         2       0       0
      Locals:         0       0       0
      Temps:          0       0       0
      Totals:         2       0       0
Total ram usage:        2 bytes
 Hardware stack levels used:    1
 Hardware stack levels required when called:    4
 This function calls:
		Nothing
 This function is called by:
		_TMR1_Initialize
		_logger_initialize
 This function uses a non-reentrant model


 *************** function _PIN_MANAGER_Initialize *****************
 Defined at:
		line 59 in file "mcc_generated_files/pin_manager.c"
 Parameters:    Size  Location     Type
		None
 Auto vars:     Size  Location     Type
		None
 Return value:  Size  Location     Type
                  1    wreg      void 
 Registers used:
		wreg, status,2, status,0, pclath, cstack
 Tracked objects:
		On entry : 
		On exit  : 
		Unchanged: 
 Data sizes:     COMMON   BANK0   BANK1
      Params:         0       0       0
      Locals:         0       0       0
      Temps:          0       0       0
      Totals:         0       0       0
Total ram usage:        0 bytes
 Hardware stack levels used:    1
 Hardware stack levels required when called:    5
 This function calls:
		_IOCAF4_SetInterruptHandler
 This function is called by:
		_SYSTEM_Initialize
 This function uses a non-reentrant model


 *************** function _IOCAF4_SetInterruptHandler *****************
 Defined at:
		line 142 in file "mcc_generated_files/pin_manager.c"
 Parameters:    Size  Location     Type
  InterruptHan    2    3[COMMON] PTR FTN()void 
		 -> _IOC_Ready(1), IOCAF4_DefaultInterruptHandler(1), 
 Auto vars:     Size  Location     Type
		None
 Return value:  Size  Location     Type
                  1    wreg      void 
 Registers used:
		wreg
 Tracked objects:
		On entry : 
		On exit  : 
		Unchanged: 
 Data sizes:     COMMON   BANK0   BANK1
      Params:         2       0       0
      Locals:         0       0       0
      Temps:          0       0       0
      Totals:         2       0       0
Total ram usage:        2 bytes
 Hardware stack levels used:    1
 Hardware stack levels required when called:    4
 This function calls:
		Nothing
 This function is called by:
		_PIN_MANAGER_Initialize
		_logger_initialize
 This function uses a non-reentrant model


 *************** function _OSCILLATOR_Initialize *****************
 Defined at:
		line 61 in file "mcc_generated_files/mcc.c"
 Parameters:    Size  Location     Type
		None
 Auto vars:     Size  Location     Type
		None
 Return value:  Size  Location     Type
                  1    wreg      void 
 Registers used:
		wreg, status,2
 Tracked objects:
		On entry : 
		On exit  : 
		Unchanged: 
 Data sizes:     COMMON   BANK0   BANK1
      Params:         0       0       0
      Locals:         0       0       0
      Temps:          0       0       0
      Totals:         0       0       0
Total ram usage:        0 bytes
 Hardware stack levels used:    1
 Hardware stack levels required when called:    4
 This function calls:
		Nothing
 This function is called by:
		_SYSTEM_Initialize
 This function uses a non-reentrant model


 *************** function _EUSART_Initialize *****************
 Defined at:
		line 75 in file "mcc_generated_files/eusart.c"
 Parameters:    Size  Location     Type
		None
 Auto vars:     Size  Location     Type
		None
 Return value:  Size  Location     Type
                  1    wreg      void 
 Registers used:
		wreg, status,2, status,0, pclath, cstack
 Tracked objects:
		On entry : 
		On exit  : 
		Unchanged: 
 Data sizes:     COMMON   BANK0   BANK1
      Params:         0       0       0
      Locals:         0       0       0
      Temps:          1       0       0
      Totals:         1       0       0
Total ram usage:        1 bytes
 Hardware stack levels used:    1
 Hardware stack levels required when called:    5
 This function calls:
		_EUSART_SetRxInterruptHandler
		_EUSART_SetTxInterruptHandler
 This function is called by:
		_SYSTEM_Initialize
 This function uses a non-reentrant model


 *************** function _EUSART_SetTxInterruptHandler *****************
 Defined at:
		line 211 in file "mcc_generated_files/eusart.c"
 Parameters:    Size  Location     Type
  interruptHan    2    3[COMMON] PTR FTN()void 
		 -> EUSART_Transmit_ISR(1), 
 Auto vars:     Size  Location     Type
		None
 Return value:  Size  Location     Type
                  1    wreg      void 
 Registers used:
		wreg
 Tracked objects:
		On entry : 
		On exit  : 
		Unchanged: 
 Data sizes:     COMMON   BANK0   BANK1
      Params:         2       0       0
      Locals:         0       0       0
      Temps:          0       0       0
      Totals:         2       0       0
Total ram usage:        2 bytes
 Hardware stack levels used:    1
 Hardware stack levels required when called:    4
 This function calls:
		Nothing
 This function is called by:
		_EUSART_Initialize
 This function uses a non-reentrant model


 *************** function _EUSART_SetRxInterruptHandler *****************
 Defined at:
		line 215 in file "mcc_generated_files/eusart.c"
 Parameters:    Size  Location     Type
  interruptHan    2    3[COMMON] PTR FTN()void 
		 -> EUSART_Receive_ISR(1), 
 Auto vars:     Size  Location     Type
		None
 Return value:  Size  Location     Type
                  1    wreg      void 
 Registers used:
		wreg
 Tracked objects:
		On entry : 
		On exit  : 
		Unchanged: 
 Data sizes:     COMMON   BANK0   BANK1
[...]
 Defined at:
		line 3 in file "/pkg/microchip/xc8/v2.00/pic/sources/c99/common/strncmp.c"
 Parameters:    Size  Location     Type
  _l              1    wreg     PTR const unsigned char 
		 -> NULL(0), esp_read_data(16), 
  _r              2    3[COMMON] PTR const unsigned char 
		 -> STR_13(2), STR_7(7), STR_6(8), STR_5(5), 
		 -> STR_4(6), STR_3(10), STR_2(3), STR_1(8), 
  n               2    5[COMMON] unsigned int 
 Auto vars:     Size  Location     Type
  _l              1    0[BANK0 ] PTR const unsigned char 
		 -> NULL(0), esp_read_data(16), 
  r               2    1[BANK0 ] PTR const unsigned char 
		 -> STR_13(2), STR_7(7), STR_6(8), STR_5(5), 
		 -> STR_4(6), STR_3(10), STR_2(3), STR_1(8), 
  l               1    3[BANK0 ] PTR const unsigned char 
		 -> NULL(0), esp_read_data(16), 
 Return value:  Size  Location     Type
                  2    3[COMMON] int 
 Registers used:
		wreg, fsr0l, fsr0h, fsr1l, fsr1h, status,2, status,0, pclath
 Tracked objects:
		On entry : 
		On exit  : 
		Unchanged: 
 Data sizes:     COMMON   BANK0   BANK1
      Params:         4       0       0
      Locals:         0       4       0
      Temps:          2       0       0
      Totals:         6       4       0
Total ram usage:       10 bytes
 Hardware stack levels used:    1
 Hardware stack levels required when called:    4
 This function calls:
		Nothing
 This function is called by:
		_strstr
 This function uses a non-reentrant model


 *************** function _strlen *****************
 Defined at:
		line 12 in file "/pkg/microchip/xc8/v2.00/pic/sources/c99/common/strlen.c"
 Parameters:    Size  Location     Type
  s               2    3[COMMON] PTR const unsigned char 
		 -> STR_13(2), STR_7(7), STR_6(8), STR_5(5), 
		 -> STR_4(6), STR_3(10), STR_2(3), STR_1(8), 
 Auto vars:     Size  Location     Type
  a               2    7[COMMON] PTR const unsigned char 
		 -> STR_13(2), STR_7(7), STR_6(8), STR_5(5), 
		 -> STR_4(6), STR_3(10), STR_2(3), STR_1(8), 
 Return value:  Size  Location     Type
                  2    3[COMMON] unsigned int 
 Registers used:
		wreg, fsr0l, fsr0h, status,2, status,0
 Tracked objects:
		On entry : 
		On exit  : 
		Unchanged: 
 Data sizes:     COMMON   BANK0   BANK1
      Params:         2       0       0
      Locals:         2       0       0
      Temps:          2       0       0
      Totals:         6       0       0
Total ram usage:        6 bytes
 Hardware stack levels used:    1
 Hardware stack levels required when called:    4
 This function calls:
		Nothing
 This function is called by:
		_strstr
 This function uses a non-reentrant model


 *************** function _strchr *****************
 Defined at:
		line 7 in file "/pkg/microchip/xc8/v2.00/pic/sources/c99/common/strchr.c"
 Parameters:    Size  Location     Type
  s               1    wreg     PTR const unsigned char 
		 -> NULL(0), esp_read_data(16), 
  c               2    3[COMMON] int 
 Auto vars:     Size  Location     Type
  s               1    5[COMMON] PTR const unsigned char 
		 -> NULL(0), esp_read_data(16), 
 Return value:  Size  Location     Type
                  1    wreg      PTR unsigned char 
 Registers used:
		wreg, fsr1l, fsr1h, status,2, status,0
 Tracked objects:
		On entry : 
		On exit  : 
		Unchanged: 
 Data sizes:     COMMON   BANK0   BANK1
      Params:         2       0       0
      Locals:         1       0       0
      Temps:          0       0       0
      Totals:         3       0       0
Total ram usage:        3 bytes
 Hardware stack levels used:    1
 Hardware stack levels required when called:    4
 This function calls:
		Nothing
 This function is called by:
		_strstr
 This function uses a non-reentrant model


 *************** function _INTERRUPT_InterruptManager *****************
 Defined at:
		line 55 in file "mcc_generated_files/interrupt_manager.c"
 Parameters:    Size  Location     Type
		None
 Auto vars:     Size  Location     Type
		None
 Return value:  Size  Location     Type
                  1    wreg      void 
 Registers used:
		wreg, fsr1l, fsr1h, status,2, status,0, pclath, cstack
 Tracked objects:
		On entry : 
		On exit  : 
		Unchanged: 
 Data sizes:     COMMON   BANK0   BANK1
      Params:         0       0       0
      Locals:         0       0       0
      Temps:          1       0       0
      Totals:         1       0       0
Total ram usage:        1 bytes
 Hardware stack levels used:    1
 Hardware stack levels required when called:    3
 This function calls:
		Absolute function
		_ADC_GetConversionResult
		_ADC_ISR
		_EUSART_Receive_ISR
		_EUSART_Transmit_ISR
		_PIN_MANAGER_IOC
		_TMR1_ISR
 This function is called by:
		Interrupt level 1
 This function uses a non-reentrant model


 *************** function _TMR1_ISR *****************
 Defined at:
		line 157 in file "mcc_generated_files/tmr1.c"
 Parameters:    Size  Location     Type
		None
 Auto vars:     Size  Location     Type
		None
 Return value:  Size  Location     Type
                  1    wreg      void 
 Registers used:
		wreg, status,2, status,0, pclath, cstack
 Tracked objects:
		On entry : 
		On exit  : 
		Unchanged: 
 Data sizes:     COMMON   BANK0   BANK1
      Params:         0       0       0
      Locals:         0       0       0
      Temps:          0       0       0
      Totals:         0       0       0
Total ram usage:        0 bytes
 Hardware stack levels used:    1
 Hardware stack levels required when called:    2
 This function calls:
		Absolute function
		_TMR1_DefaultInterruptHandler
		_TMR1_WriteTimer
		__TMR1_Ready
 This function is called by:
		_INTERRUPT_InterruptManager
 This function uses a non-reentrant model


 *************** function _TMR1_DefaultInterruptHandler *****************
 Defined at:
		line 175 in file "mcc_generated_files/tmr1.c"
 Parameters:    Size  Location     Type
		None
 Auto vars:     Size  Location     Type
		None
 Return value:  Size  Location     Type
                  1    wreg      void 
 Registers used:
		None
 Tracked objects:
		On entry : 
		On exit  : 
		Unchanged: 
 Data sizes:     COMMON   BANK0   BANK1
      Params:         0       0       0
      Locals:         0       0       0
      Temps:          0       0       0
      Totals:         0       0       0
Total ram usage:        0 bytes
 Hardware stack levels used:    1
 This function calls:
		Nothing
 This function is called by:
		_TMR1_Initialize
		_TMR1_ISR
 This function uses a non-reentrant model


 *************** function __TMR1_Ready *****************
 Defined at:
		line 171 in file "logger.c"
 Parameters:    Size  Location     Type
		None
 Auto vars:     Size  Location     Type
		None
 Return value:  Size  Location     Type
                  1    wreg      void 
 Registers used:
		wreg, status,2, status,0, pclath, cstack
 Tracked objects:
		On entry : 
		On exit  : 
		Unchanged: 
 Data sizes:     COMMON   BANK0   BANK1
      Params:         0       0       0
      Locals:         0       0       0
      Temps:          0       0       0
      Totals:         0       0       0
Total ram usage:        0 bytes
 Hardware stack levels used:    1
 Hardware stack levels required when called:    1
 This function calls:
		_ADC_StartConversion
 This function is called by:
		_logger_initialize
		_TMR1_ISR
 This function uses a non-reentrant model


 *************** function _ADC_StartConversion *****************
 Defined at:
		line 93 in file "mcc_generated_files/adc.c"
 Parameters:    Size  Location     Type
		None
 Auto vars:     Size  Location     Type
		None
 Return value:  Size  Location     Type
                  1    wreg      void 
 Registers used:
		None
 Tracked objects:
		On entry : 
		On exit  : 
		Unchanged: 
 Data sizes:     COMMON   BANK0   BANK1
      Params:         0       0       0
      Locals:         0       0       0
      Temps:          0       0       0
      Totals:         0       0       0
Total ram usage:        0 bytes
 Hardware stack levels used:    1
 This function calls:
		Nothing
 This function is called by:
		__TMR1_Ready
 This function uses a non-reentrant model


 *************** function _TMR1_WriteTimer *****************
 Defined at:
		line 120 in file "mcc_generated_files/tmr1.c"
 Parameters:    Size  Location     Type
  timerVal        2    0[COMMON] unsigned short 
 Auto vars:     Size  Location     Type
		None
 Return value:  Size  Location     Type
                  1    wreg      void 
 Registers used:
		wreg, status,2
 Tracked objects:
		On entry : 
		On exit  : 
		Unchanged: 
 Data sizes:     COMMON   BANK0   BANK1
      Params:         2       0       0
      Locals:         0       0       0
      Temps:          0       0       0
      Totals:         2       0       0
Total ram usage:        2 bytes
 Hardware stack levels used:    1
 This function calls:
		Nothing
 This function is called by:
		_TMR1_ISR
		_TMR1_Reload
 This function uses a non-reentrant model


 *************** function _PIN_MANAGER_IOC *****************
 Defined at:
		line 115 in file "mcc_generated_files/pin_manager.c"
 Parameters:    Size  Location     Type
		None
 Auto vars:     Size  Location     Type
		None
 Return value:  Size  Location     Type
                  1    wreg      void 
 Registers used:
		wreg, status,2, status,0, pclath, cstack
 Tracked objects:
		On entry : 
		On exit  : 
		Unchanged: 
 Data sizes:     COMMON   BANK0   BANK1
      Params:         0       0       0
      Locals:         0       0       0
      Temps:          0       0       0
      Totals:         0       0       0
Total ram usage:        0 bytes
 Hardware stack levels used:    1
 Hardware stack levels required when called:    2
 This function calls:
		_IOCAF4_ISR
 This function is called by:
		_INTERRUPT_InterruptManager
 This function uses a non-reentrant model


 *************** function _IOCAF4_ISR *****************
 Defined at:
		line 127 in file "mcc_generated_files/pin_manager.c"
 Parameters:    Size  Location     Type
		None
 Auto vars:     Size  Location     Type
		None
 Return value:  Size  Location     Type
                  1    wreg      void 
 Registers used:
		wreg, status,2, status,0, pclath, cstack
 Tracked objects:
		On entry : 
		On exit  : 
		Unchanged: 
 Data sizes:     COMMON   BANK0   BANK1
      Params:         0       0       0
      Locals:         0       0       0
      Temps:          0       0       0
      Totals:         0       0       0
Total ram usage:        0 bytes
 Hardware stack levels used:    1
 Hardware stack levels required when called:    1
 This function calls:
		Absolute function
		_IOCAF4_DefaultInterruptHandler
		__IOC_Ready
 This function is called by:
		_PIN_MANAGER_IOC
 This function uses a non-reentrant model


 *************** function _IOCAF4_DefaultInterruptHandler *****************
 Defined at:
		line 149 in file "mcc_generated_files/pin_manager.c"
 Parameters:    Size  Location     Type
		None
 Auto vars:     Size  Location     Type
		None
 Return value:  Size  Location     Type
                  1    wreg      void 
 Registers used:
		None
 Tracked objects:
		On entry : 
		On exit  : 
		Unchanged: 
 Data sizes:     COMMON   BANK0   BANK1
      Params:         0       0       0
      Locals:         0       0       0
      Temps:          0       0       0
      Totals:         0       0       0
Total ram usage:        0 bytes
 Hardware stack levels used:    1
 This function calls:
		Nothing
 This function is called by:
		_PIN_MANAGER_Initialize
		_IOCAF4_ISR
 This function uses a non-reentrant model


 *************** function __IOC_Ready *****************
 Defined at:
		line 189 in file "logger.c"
 Parameters:    Size  Location     Type
		None
 Auto vars:     Size  Location     Type
		None
 Return value:  Size  Location     Type
                  1    wreg      void 
 Registers used:
		wreg, status,2
 Tracked objects:
		On entry : 
		On exit  : 
		Unchanged: 
 Data sizes:     COMMON   BANK0   BANK1
      Params:         0       0       0
      Locals:         0       0       0
      Temps:          1       0       0
      Totals:         1       0       0
Total ram usage:        1 bytes
 Hardware stack levels used:    1
 This function calls:
		Nothing
 This function is called by:
		_logger_initialize
		_IOCAF4_ISR
 This function uses a non-reentrant model


 *************** function _EUSART_Transmit_ISR *****************
 Defined at:
		line 172 in file "mcc_generated_files/eusart.c"
 Parameters:    Size  Location     Type
		None
 Auto vars:     Size  Location     Type
		None
 Return value:  Size  Location     Type
                  1    wreg      void 
 Registers used:
		wreg, fsr1l, fsr1h, status,2, status,0
 Tracked objects:
		On entry : 
		On exit  : 
		Unchanged: 
 Data sizes:     COMMON   BANK0   BANK1
      Params:         0       0       0
      Locals:         0       0       0
      Temps:          1       0       0
      Totals:         1       0       0
Total ram usage:        1 bytes
 Hardware stack levels used:    1
 This function calls:
		Nothing
 This function is called by:
		_EUSART_Initialize
		_INTERRUPT_InterruptManager
 This function uses a non-reentrant model


 *************** function _EUSART_Receive_ISR *****************
 Defined at:
		line 191 in file "mcc_generated_files/eusart.c"
 Parameters:    Size  Location     Type
		None
 Auto vars:     Size  Location     Type
		None
 Return value:  Size  Location     Type
                  1    wreg      void 
 Registers used:
		wreg, fsr1l, fsr1h, status,2, status,0
 Tracked objects:
		On entry : 
		On exit  : 
		Unchanged: 
 Data sizes:     COMMON   BANK0   BANK1
      Params:         0       0       0
      Locals:         0       0       0
      Temps:          1       0       0
      Totals:         1       0       0
Total ram usage:        1 bytes
 Hardware stack levels used:    1
 This function calls:
		Nothing
 This function is called by:
		_EUSART_Initialize
		_INTERRUPT_InterruptManager
 This function uses a non-reentrant model


 *************** function _ADC_ISR *****************
 Defined at:
		line 140 in file "mcc_generated_files/adc.c"
 Parameters:    Size  Location     Type
		None
 Auto vars:     Size  Location     Type
		None
 Return value:  Size  Location     Type
                  1    wreg      void 
 Registers used:
		None
 Tracked objects:
		On entry : 
		On exit  : 
		Unchanged: 
 Data sizes:     COMMON   BANK0   BANK1
      Params:         0       0       0
      Locals:         0       0       0
      Temps:          0       0       0
      Totals:         0       0       0
Total ram usage:        0 bytes
 Hardware stack levels used:    1
 This function calls:
		Nothing
 This function is called by:
		_INTERRUPT_InterruptManager
 This function uses a non-reentrant model


 *************** function _ADC_GetConversionResult *****************
 Defined at:
		line 106 in file "mcc_generated_files/adc.c"
 Parameters:    Size  Location     Type
		None
 Auto vars:     Size  Location     Type
		None
 Return value:  Size  Location     Type
                  2    0[COMMON] unsigned short 
 Registers used:
		wreg
 Tracked objects:
		On entry : 
		On exit  : 
		Unchanged: 
 Data sizes:     COMMON   BANK0   BANK1
      Params:         2       0       0
      Locals:         0       0       0
      Temps:          0       0       0
      Totals:         2       0       0
Total ram usage:        2 bytes
 Hardware stack levels used:    1
 This function calls:
		Nothing
 This function is called by:
		_INTERRUPT_InterruptManager
 This function uses a non-reentrant model



MODULE INFORMATION

Module		Function		Class		Link	Load	Size
mcc_generated_files/interrupt_manager.c
		_INTERRUPT_InterruptManager		CODE           	0004	0000	61

mcc_generated_files/interrupt_manager.c estimated size: 61

/pkg/microchip/xc8/v2.00/pic/sources/c99/common/strlen.c
		_strlen        		CODE           	04B6	0000	31

/pkg/microchip/xc8/v2.00/pic/sources/c99/common/strlen.c estimated size: 31

/pkg/microchip/xc8/v2.00/pic/sources/c99/common/strchr.c
		_strchr        		CODE           	0589	0000	20

/pkg/microchip/xc8/v2.00/pic/sources/c99/common/strchr.c estimated size: 20

mcc_generated_files/pin_manager.c
		_PIN_MANAGER_Initialize		CODE           	041D	0000	33
		_IOCAF4_DefaultInterruptHandler		CODE           	06C5	0000	2
		_IOCAF4_ISR    		CODE           	05E6	0000	14
		_PIN_MANAGER_IOC		CODE           	069B	0000	6
		_IOCAF4_SetInterruptHandler		CODE           	066D	0000	7

mcc_generated_files/pin_manager.c estimated size: 62

mcc_generated_files/adc.c
		_ADC_Initialize		CODE           	061D	0000	10
		_ADC_GetConversion		CODE           	0546	0000	26
		_ADC_GetConversionResult		CODE           	068B	0000	7
		_ADC_StartConversion		CODE           	06B7	0000	4
		_ADC_ISR       		CODE           	06BA	0000	4
		_ADC_SelectChannel		CODE           	05D9	0000	14

mcc_generated_files/adc.c estimated size: 65

/pkg/microchip/xc8/v2.00/pic/sources/c99/common/awmod.c
		___awmod       		CODE           	022D	0000	71

/pkg/microchip/xc8/v2.00/pic/sources/c99/common/awmod.c estimated size: 71

esp1.c
		_ESP_config    		CODE           	02B3	0000	56
		_ESP_write     		CODE           	0052	0000	121
		_ESP_message_handler		CODE           	0319	0000	41
		_ESP_read      		CODE           	02EA	0000	48
		_ESP_wait_for  		CODE           	0369	0000	40
		_ESP_default_application_handler		CODE           	06C3	0000	2
		_ESP_Set_application_handler		CODE           	067F	0000	7
		_ESP_initialize		CODE           	0626	0000	10
		_ESP_process_message		CODE           	00CA	0000	109
		_ESP_process_rx_data		CODE           	03B5	0000	38

esp1.c estimated size: 472

/pkg/microchip/xc8/v2.00/pic/sources/c99/common/strncmp.c
		_strncmp       		CODE           	0136	0000	89

/pkg/microchip/xc8/v2.00/pic/sources/c99/common/strncmp.c estimated size: 89

logger.c
		_logger_initialize		CODE           	043D	0000	32
		_process_message		CODE           	01E0	0000	78
		_read_analog   		CODE           	047A	0000	31
		_toggle_format 		CODE           	045C	0000	31
		__TMR1_Ready   		CODE           	0685	0000	7
		__IOC_Ready    		CODE           	0613	0000	11

logger.c estimated size: 190

shared
		__initialization		CODE           	0041	0000	15

shared estimated size: 15

mcc_generated_files/mcc.c
		_WDT_Initialize		CODE           	06A4	0000	5
		_OSCILLATOR_Initialize		CODE           	0609	0000	11
		_SYSTEM_Initialize		CODE           	0654	0000	8

mcc_generated_files/mcc.c estimated size: 24

mcc_generated_files/tmr1.c
		_TMR1_Initialize		CODE           	055F	0000	23
		_TMR1_SetInterruptHandler		CODE           	0667	0000	7
		_TMR1_StopTimer		CODE           	06AE	0000	4
		_TMR1_DefaultInterruptHandler		CODE           	06C4	0000	2
		_TMR1_WriteTimer		CODE           	05AE	0000	16
		_TMR1_StartTimer		CODE           	06B1	0000	4
		_TMR1_ISR      		CODE           	059C	0000	19

mcc_generated_files/tmr1.c estimated size: 75

/pkg/microchip/xc8/v2.00/pic/sources/c99/common/strstr.c
		_strstr        		CODE           	0273	0000	65

/pkg/microchip/xc8/v2.00/pic/sources/c99/common/strstr.c estimated size: 65

/pkg/microchip/xc8/v2.00/pic/sources/c99/common/awdiv.c
		___awdiv       		CODE           	018E	0000	83

/pkg/microchip/xc8/v2.00/pic/sources/c99/common/awdiv.c estimated size: 83

mcc_generated_files/eusart.c
		_EUSART_SetRxInterruptHandler		CODE           	0679	0000	7
		_EUSART_SetTxInterruptHandler		CODE           	0673	0000	7
		_EUSART_Read   		CODE           	0498	0000	31
		_EUSART_Write  		CODE           	03FC	0000	34
		_EUSART_Transmit_ISR		CODE           	050E	0000	30
		_EUSART_Initialize		CODE           	0390	0000	38
		_EUSART_Receive_ISR		CODE           	052B	0000	28
		_EUSART_is_rx_ready		CODE           	06B4	0000	4
		_EUSART_is_tx_ready		CODE           	06C1	0000	3

mcc_generated_files/eusart.c estimated size: 182

main.c
		_main          		CODE           	04D4	0000	30

main.c estimated size: 30

comm.c
		__puts         		CODE           	0341	0000	41
		_write         		CODE           	04F1	0000	30

comm.c estimated size: 71

